This is pdfTeX, Version 3.141592653-2.6-1.40.25 (TeX Live 2023/Debian) (preloaded format=pdflatex 2025.9.8)  2 JAN 2026 08:18
entering extended mode
 restricted \write18 enabled.
 %&-line parsing enabled.
**final_results.tex
(./final_results.tex
LaTeX2e <2023-11-01> patch level 1
L3 programming layer <2024-01-22>
(/usr/share/texlive/texmf-dist/tex/latex/base/article.cls
Document Class: article 2023/05/17 v1.4n Standard LaTeX document class
(/usr/share/texlive/texmf-dist/tex/latex/base/size10.clo
File: size10.clo 2023/05/17 v1.4n Standard LaTeX file (size option)
)
\c@part=\count187
\c@section=\count188
\c@subsection=\count189
\c@subsubsection=\count190
\c@paragraph=\count191
\c@subparagraph=\count192
\c@figure=\count193
\c@table=\count194
\abovecaptionskip=\skip48
\belowcaptionskip=\skip49
\bibindent=\dimen140
)
(/usr/share/texlive/texmf-dist/tex/latex/geometry/geometry.sty
Package: geometry 2020/01/02 v5.9 Page Geometry

(/usr/share/texlive/texmf-dist/tex/latex/graphics/keyval.sty
Package: keyval 2022/05/29 v1.15 key=value parser (DPC)
\KV@toks@=\toks17
)
(/usr/share/texlive/texmf-dist/tex/generic/iftex/ifvtex.sty
Package: ifvtex 2019/10/25 v1.7 ifvtex legacy package. Use iftex instead.

(/usr/share/texlive/texmf-dist/tex/generic/iftex/iftex.sty
Package: iftex 2022/02/03 v1.0f TeX engine tests
))
\Gm@cnth=\count195
\Gm@cntv=\count196
\c@Gm@tempcnt=\count197
\Gm@bindingoffset=\dimen141
\Gm@wd@mp=\dimen142
\Gm@odd@mp=\dimen143
\Gm@even@mp=\dimen144
\Gm@layoutwidth=\dimen145
\Gm@layoutheight=\dimen146
\Gm@layouthoffset=\dimen147
\Gm@layoutvoffset=\dimen148
\Gm@dimlist=\toks18
)
(/usr/share/texlive/texmf-dist/tex/latex/graphics/graphicx.sty
Package: graphicx 2021/09/16 v1.2d Enhanced LaTeX Graphics (DPC,SPQR)

(/usr/share/texlive/texmf-dist/tex/latex/graphics/graphics.sty
Package: graphics 2022/03/10 v1.4e Standard LaTeX Graphics (DPC,SPQR)

(/usr/share/texlive/texmf-dist/tex/latex/graphics/trig.sty
Package: trig 2021/08/11 v1.11 sin cos tan (DPC)
)
(/usr/share/texlive/texmf-dist/tex/latex/graphics-cfg/graphics.cfg
File: graphics.cfg 2016/06/04 v1.11 sample graphics configuration
)
Package graphics Info: Driver file: pdftex.def on input line 107.

(/usr/share/texlive/texmf-dist/tex/latex/graphics-def/pdftex.def
File: pdftex.def 2022/09/22 v1.2b Graphics/color driver for pdftex
))
\Gin@req@height=\dimen149
\Gin@req@width=\dimen150
)
(/usr/share/texlive/texmf-dist/tex/latex/float/float.sty
Package: float 2001/11/08 v1.3d Float enhancements (AL)
\c@float@type=\count198
\float@exts=\toks19
\float@box=\box51
\@float@everytoks=\toks20
\@floatcapt=\box52
)
(/usr/share/texlive/texmf-dist/tex/latex/caption/caption.sty
Package: caption 2023/08/05 v3.6o Customizing captions (AR)

(/usr/share/texlive/texmf-dist/tex/latex/caption/caption3.sty
Package: caption3 2023/07/31 v2.4d caption3 kernel (AR)
\caption@tempdima=\dimen151
\captionmargin=\dimen152
\caption@leftmargin=\dimen153
\caption@rightmargin=\dimen154
\caption@width=\dimen155
\caption@indent=\dimen156
\caption@parindent=\dimen157
\caption@hangindent=\dimen158
Package caption Info: Standard document class detected.
)
\c@caption@flags=\count199
\c@continuedfloat=\count266
Package caption Info: float package is loaded.
)
(/usr/share/texlive/texmf-dist/tex/latex/caption/subcaption.sty
Package: subcaption 2023/07/28 v1.6b Sub-captions (AR)
Package caption Info: New subtype `subfigure' on input line 238.
\c@subfigure=\count267
Package caption Info: New subtype `subtable' on input line 238.
\c@subtable=\count268
)
(/usr/share/texlive/texmf-dist/tex/latex/capt-of/capt-of.sty
Package: capt-of 2009/12/29 v0.2 standard captions outside of floats
)
(/usr/share/texlive/texmf-dist/tex/latex/booktabs/booktabs.sty
Package: booktabs 2020/01/12 v1.61803398 Publication quality tables
\heavyrulewidth=\dimen159
\lightrulewidth=\dimen160
\cmidrulewidth=\dimen161
\belowrulesep=\dimen162
\belowbottomsep=\dimen163
\aboverulesep=\dimen164
\abovetopsep=\dimen165
\cmidrulesep=\dimen166
\cmidrulekern=\dimen167
\defaultaddspace=\dimen168
\@cmidla=\count269
\@cmidlb=\count270
\@aboverulesep=\dimen169
\@belowrulesep=\dimen170
\@thisruleclass=\count271
\@lastruleclass=\count272
\@thisrulewidth=\dimen171
)
(/usr/share/texlive/texmf-dist/tex/latex/amsmath/amsmath.sty
Package: amsmath 2023/05/13 v2.17o AMS math features
\@mathmargin=\skip50

For additional information on amsmath, use the `?' option.
(/usr/share/texlive/texmf-dist/tex/latex/amsmath/amstext.sty
Package: amstext 2021/08/26 v2.01 AMS text

(/usr/share/texlive/texmf-dist/tex/latex/amsmath/amsgen.sty
File: amsgen.sty 1999/11/30 v2.0 generic functions
\@emptytoks=\toks21
\ex@=\dimen172
))
(/usr/share/texlive/texmf-dist/tex/latex/amsmath/amsbsy.sty
Package: amsbsy 1999/11/29 v1.2d Bold Symbols
\pmbraise@=\dimen173
)
(/usr/share/texlive/texmf-dist/tex/latex/amsmath/amsopn.sty
Package: amsopn 2022/04/08 v2.04 operator names
)
\inf@bad=\count273
LaTeX Info: Redefining \frac on input line 234.
\uproot@=\count274
\leftroot@=\count275
LaTeX Info: Redefining \overline on input line 399.
LaTeX Info: Redefining \colon on input line 410.
\classnum@=\count276
\DOTSCASE@=\count277
LaTeX Info: Redefining \ldots on input line 496.
LaTeX Info: Redefining \dots on input line 499.
LaTeX Info: Redefining \cdots on input line 620.
\Mathstrutbox@=\box53
\strutbox@=\box54
LaTeX Info: Redefining \big on input line 722.
LaTeX Info: Redefining \Big on input line 723.
LaTeX Info: Redefining \bigg on input line 724.
LaTeX Info: Redefining \Bigg on input line 725.
\big@size=\dimen174
LaTeX Font Info:    Redeclaring font encoding OML on input line 743.
LaTeX Font Info:    Redeclaring font encoding OMS on input line 744.
\macc@depth=\count278
LaTeX Info: Redefining \bmod on input line 905.
LaTeX Info: Redefining \pmod on input line 910.
LaTeX Info: Redefining \smash on input line 940.
LaTeX Info: Redefining \relbar on input line 970.
LaTeX Info: Redefining \Relbar on input line 971.
\c@MaxMatrixCols=\count279
\dotsspace@=\muskip16
\c@parentequation=\count280
\dspbrk@lvl=\count281
\tag@help=\toks22
\row@=\count282
\column@=\count283
\maxfields@=\count284
\andhelp@=\toks23
\eqnshift@=\dimen175
\alignsep@=\dimen176
\tagshift@=\dimen177
\tagwidth@=\dimen178
\totwidth@=\dimen179
\lineht@=\dimen180
\@envbody=\toks24
\multlinegap=\skip51
\multlinetaggap=\skip52
\mathdisplay@stack=\toks25
LaTeX Info: Redefining \[ on input line 2953.
LaTeX Info: Redefining \] on input line 2954.
)
(/usr/share/texlive/texmf-dist/tex/latex/threeparttable/threeparttable.sty
Package: threeparttable 2003/06/13  v 3.0
\@tempboxb=\box55
)
(/usr/share/texlive/texmf-dist/tex/latex/enumitem/enumitem.sty
Package: enumitem 2019/06/20 v3.9 Customized lists
\labelindent=\skip53
\enit@outerparindent=\dimen181
\enit@toks=\toks26
\enit@inbox=\box56
\enit@count@id=\count285
\enitdp@description=\count286
)
(/usr/share/texlive/texmf-dist/tex/latex/hyperref/hyperref.sty
Package: hyperref 2024-01-20 v7.01h Hypertext links for LaTeX

(/usr/share/texlive/texmf-dist/tex/latex/kvsetkeys/kvsetkeys.sty
Package: kvsetkeys 2022-10-05 v1.19 Key value parser (HO)
)
(/usr/share/texlive/texmf-dist/tex/generic/kvdefinekeys/kvdefinekeys.sty
Package: kvdefinekeys 2019-12-19 v1.6 Define keys (HO)
)
(/usr/share/texlive/texmf-dist/tex/generic/pdfescape/pdfescape.sty
Package: pdfescape 2019/12/09 v1.15 Implements pdfTeX's escape features (HO)

(/usr/share/texlive/texmf-dist/tex/generic/ltxcmds/ltxcmds.sty
Package: ltxcmds 2023-12-04 v1.26 LaTeX kernel commands for general use (HO)
)
(/usr/share/texlive/texmf-dist/tex/generic/pdftexcmds/pdftexcmds.sty
Package: pdftexcmds 2020-06-27 v0.33 Utility functions of pdfTeX for LuaTeX (HO
)

(/usr/share/texlive/texmf-dist/tex/generic/infwarerr/infwarerr.sty
Package: infwarerr 2019/12/03 v1.5 Providing info/warning/error messages (HO)
)
Package pdftexcmds Info: \pdf@primitive is available.
Package pdftexcmds Info: \pdf@ifprimitive is available.
Package pdftexcmds Info: \pdfdraftmode found.
))
(/usr/share/texlive/texmf-dist/tex/latex/hycolor/hycolor.sty
Package: hycolor 2020-01-27 v1.10 Color options for hyperref/bookmark (HO)
)
(/usr/share/texlive/texmf-dist/tex/latex/auxhook/auxhook.sty
Package: auxhook 2019-12-17 v1.6 Hooks for auxiliary files (HO)
)
(/usr/share/texlive/texmf-dist/tex/latex/hyperref/nameref.sty
Package: nameref 2023-11-26 v2.56 Cross-referencing by name of section

(/usr/share/texlive/texmf-dist/tex/latex/refcount/refcount.sty
Package: refcount 2019/12/15 v3.6 Data extraction from label references (HO)
)
(/usr/share/texlive/texmf-dist/tex/generic/gettitlestring/gettitlestring.sty
Package: gettitlestring 2019/12/15 v1.6 Cleanup title references (HO)

(/usr/share/texlive/texmf-dist/tex/latex/kvoptions/kvoptions.sty
Package: kvoptions 2022-06-15 v3.15 Key value format for package options (HO)
))
\c@section@level=\count287
)
(/usr/share/texlive/texmf-dist/tex/latex/etoolbox/etoolbox.sty
Package: etoolbox 2020/10/05 v2.5k e-TeX tools for LaTeX (JAW)
\etb@tempcnta=\count288
)
\@linkdim=\dimen182
\Hy@linkcounter=\count289
\Hy@pagecounter=\count290

(/usr/share/texlive/texmf-dist/tex/latex/hyperref/pd1enc.def
File: pd1enc.def 2024-01-20 v7.01h Hyperref: PDFDocEncoding definition (HO)
Now handling font encoding PD1 ...
... no UTF-8 mapping file for font encoding PD1
)
(/usr/share/texlive/texmf-dist/tex/generic/intcalc/intcalc.sty
Package: intcalc 2019/12/15 v1.3 Expandable calculations with integers (HO)
)
\Hy@SavedSpaceFactor=\count291

(/usr/share/texlive/texmf-dist/tex/latex/hyperref/puenc.def
File: puenc.def 2024-01-20 v7.01h Hyperref: PDF Unicode definition (HO)
Now handling font encoding PU ...
... no UTF-8 mapping file for font encoding PU
)
Package hyperref Info: Hyper figures OFF on input line 4179.
Package hyperref Info: Link nesting OFF on input line 4184.
Package hyperref Info: Hyper index ON on input line 4187.
Package hyperref Info: Plain pages OFF on input line 4194.
Package hyperref Info: Backreferencing OFF on input line 4199.
Package hyperref Info: Implicit mode ON; LaTeX internals redefined.
Package hyperref Info: Bookmarks ON on input line 4446.
\c@Hy@tempcnt=\count292

(/usr/share/texlive/texmf-dist/tex/latex/url/url.sty
\Urlmuskip=\muskip17
Package: url 2013/09/16  ver 3.4  Verb mode for urls, etc.
)
LaTeX Info: Redefining \url on input line 4784.
\XeTeXLinkMargin=\dimen183

(/usr/share/texlive/texmf-dist/tex/generic/bitset/bitset.sty
Package: bitset 2019/12/09 v1.3 Handle bit-vector datatype (HO)

(/usr/share/texlive/texmf-dist/tex/generic/bigintcalc/bigintcalc.sty
Package: bigintcalc 2019/12/15 v1.5 Expandable calculations on big integers (HO
)
))
\Fld@menulength=\count293
\Field@Width=\dimen184
\Fld@charsize=\dimen185
Package hyperref Info: Hyper figures OFF on input line 6063.
Package hyperref Info: Link nesting OFF on input line 6068.
Package hyperref Info: Hyper index ON on input line 6071.
Package hyperref Info: backreferencing OFF on input line 6078.
Package hyperref Info: Link coloring OFF on input line 6083.
Package hyperref Info: Link coloring with OCG OFF on input line 6088.
Package hyperref Info: PDF/A mode OFF on input line 6093.

(/usr/share/texlive/texmf-dist/tex/latex/base/atbegshi-ltx.sty
Package: atbegshi-ltx 2021/01/10 v1.0c Emulation of the original atbegshi
package with kernel methods
)
\Hy@abspage=\count294
\c@Item=\count295
\c@Hfootnote=\count296
)
Package hyperref Info: Driver (autodetected): hpdftex.

(/usr/share/texlive/texmf-dist/tex/latex/hyperref/hpdftex.def
File: hpdftex.def 2024-01-20 v7.01h Hyperref driver for pdfTeX

(/usr/share/texlive/texmf-dist/tex/latex/base/atveryend-ltx.sty
Package: atveryend-ltx 2020/08/19 v1.0a Emulation of the original atveryend pac
kage
with kernel methods
)
\Fld@listcount=\count297
\c@bookmark@seq@number=\count298

(/usr/share/texlive/texmf-dist/tex/latex/rerunfilecheck/rerunfilecheck.sty
Package: rerunfilecheck 2022-07-10 v1.10 Rerun checks for auxiliary files (HO)

(/usr/share/texlive/texmf-dist/tex/generic/uniquecounter/uniquecounter.sty
Package: uniquecounter 2019/12/15 v1.4 Provide unlimited unique counter (HO)
)
Package uniquecounter Info: New unique counter `rerunfilecheck' on input line 2
85.
)
\Hy@SectionHShift=\skip54
)
(/usr/share/texlive/texmf-dist/tex/latex/natbib/natbib.sty
Package: natbib 2010/09/13 8.31b (PWD, AO)
\bibhang=\skip55
\bibsep=\skip56
LaTeX Info: Redefining \cite on input line 694.
\c@NAT@ctr=\count299
)
(/usr/share/texlive/texmf-dist/tex/latex/l3backend/l3backend-pdftex.def
File: l3backend-pdftex.def 2024-01-04 L3 backend support: PDF output (pdfTeX)
\l__color_backend_stack_int=\count300
\l__pdf_internal_box=\box57
)
(./final_results.aux)
\openout1 = `final_results.aux'.

LaTeX Font Info:    Checking defaults for OML/cmm/m/it on input line 30.
LaTeX Font Info:    ... okay on input line 30.
LaTeX Font Info:    Checking defaults for OMS/cmsy/m/n on input line 30.
LaTeX Font Info:    ... okay on input line 30.
LaTeX Font Info:    Checking defaults for OT1/cmr/m/n on input line 30.
LaTeX Font Info:    ... okay on input line 30.
LaTeX Font Info:    Checking defaults for T1/cmr/m/n on input line 30.
LaTeX Font Info:    ... okay on input line 30.
LaTeX Font Info:    Checking defaults for TS1/cmr/m/n on input line 30.
LaTeX Font Info:    ... okay on input line 30.
LaTeX Font Info:    Checking defaults for OMX/cmex/m/n on input line 30.
LaTeX Font Info:    ... okay on input line 30.
LaTeX Font Info:    Checking defaults for U/cmr/m/n on input line 30.
LaTeX Font Info:    ... okay on input line 30.
LaTeX Font Info:    Checking defaults for PD1/pdf/m/n on input line 30.
LaTeX Font Info:    ... okay on input line 30.
LaTeX Font Info:    Checking defaults for PU/pdf/m/n on input line 30.
LaTeX Font Info:    ... okay on input line 30.

*geometry* driver: auto-detecting
*geometry* detected driver: pdftex
*geometry* verbose mode - [ preamble ] result:
* driver: pdftex
* paper: <default>
* layout: <same size as paper>
* layoutoffset:(h,v)=(0.0pt,0.0pt)
* modes: 
* h-part:(L,W,R)=(36.135pt, 542.02501pt, 36.135pt)
* v-part:(T,H,B)=(36.135pt, 722.7pt, 36.135pt)
* \paperwidth=614.295pt
* \paperheight=794.96999pt
* \textwidth=542.02501pt
* \textheight=722.7pt
* \oddsidemargin=-36.135pt
* \evensidemargin=-36.135pt
* \topmargin=-73.135pt
* \headheight=12.0pt
* \headsep=25.0pt
* \topskip=10.0pt
* \footskip=30.0pt
* \marginparwidth=65.0pt
* \marginparsep=11.0pt
* \columnsep=10.0pt
* \skip\footins=9.0pt plus 4.0pt minus 2.0pt
* \hoffset=0.0pt
* \voffset=0.0pt
* \mag=1000
* \@twocolumnfalse
* \@twosidefalse
* \@mparswitchfalse
* \@reversemarginfalse
* (1in=72.27pt=25.4mm, 1cm=28.453pt)

(/usr/share/texlive/texmf-dist/tex/context/base/mkii/supp-pdf.mkii
[Loading MPS to PDF converter (version 2006.09.02).]
\scratchcounter=\count301
\scratchdimen=\dimen186
\scratchbox=\box58
\nofMPsegments=\count302
\nofMParguments=\count303
\everyMPshowfont=\toks27
\MPscratchCnt=\count304
\MPscratchDim=\dimen187
\MPnumerator=\count305
\makeMPintoPDFobject=\count306
\everyMPtoPDFconversion=\toks28
) (/usr/share/texlive/texmf-dist/tex/latex/epstopdf-pkg/epstopdf-base.sty
Package: epstopdf-base 2020-01-24 v2.11 Base part for package epstopdf

(/usr/share/texlive/texmf-dist/tex/latex/grfext/grfext.sty
Package: grfext 2019/12/03 v1.3 Manage graphics extensions (HO)
)
Package epstopdf-base Info: Redefining graphics rule for `.eps' on input line 4
85.
Package grfext Info: Graphics extension search list:
(grfext)             [.pdf,.png,.jpg,.mps,.jpeg,.jbig2,.jb2,.PDF,.PNG,.JPG,.JPE
G,.JBIG2,.JB2,.eps]
(grfext)             \AppendGraphicsExtensions on input line 504.

(/usr/share/texlive/texmf-dist/tex/latex/latexconfig/epstopdf-sys.cfg
File: epstopdf-sys.cfg 2010/07/13 v1.3 Configuration of (r)epstopdf for TeX Liv
e
))
Package caption Info: Begin \AtBeginDocument code.
Package caption Info: hyperref package is loaded.
Package caption Info: threeparttable package is loaded.
Package caption Info: End \AtBeginDocument code.
Package hyperref Info: Link coloring OFF on input line 30.

(./final_results.out) (./final_results.out)
\@outlinefile=\write3
\openout3 = `final_results.out'.



LaTeX Warning: Reference `sec:reproducibility' on page 1 undefined on input lin
e 32.


LaTeX Warning: Reference `sec:execution_commands' on page 1 undefined on input 
line 32.


LaTeX Warning: Reference `sec:unified_entry_points' on page 1 undefined on inpu
t line 32.


LaTeX Warning: Reference `tab:final_runs_script_inventory' on page 1 undefined 
on input line 32.

<../../final_runs/random_baseline_generator/random_baseline_comparison.png, id=
193, 714.7503pt x 389.7762pt>
File: ../../final_runs/random_baseline_generator/random_baseline_comparison.png
 Graphic file (type png)
<use ../../final_runs/random_baseline_generator/random_baseline_comparison.png>

Package pdftex.def Info: ../../final_runs/random_baseline_generator/random_base
line_comparison.png  used on input line 89.
(pdftex.def)             Requested size: 487.8192pt x 266.03159pt.
[1

{/var/lib/texmf/fonts/map/pdftex/updmap/pdftex.map}] [2 <../../final_runs/rando
m_baseline_generator/random_baseline_comparison.png>]

Package natbib Warning: Citation `shapiro1965analysis' on page 3 undefined on i
nput line 163.


Package natbib Warning: Citation `levene1960robust' on page 3 undefined on inpu
t line 163.


Package natbib Warning: Citation `kruskal1952use' on page 3 undefined on input 
line 163.

[3]
<../../final_runs/RQ1a_corruption_detection_correctness_final/enhanced_analysis
_20251225_233458_e5fcc326/rq1a_row1_performance_metrics.png, id=243, 905.0613pt
 x 372.6723pt>
File: ../../final_runs/RQ1a_corruption_detection_correctness_final/enhanced_ana
lysis_20251225_233458_e5fcc326/rq1a_row1_performance_metrics.png Graphic file (
type png)
<use ../../final_runs/RQ1a_corruption_detection_correctness_final/enhanced_anal
ysis_20251225_233458_e5fcc326/rq1a_row1_performance_metrics.png>
Package pdftex.def Info: ../../final_runs/RQ1a_corruption_detection_correctness
_final/enhanced_analysis_20251225_233458_e5fcc326/rq1a_row1_performance_metrics
.png  used on input line 220.
(pdftex.def)             Requested size: 542.02501pt x 223.19566pt.
<../../final_runs/RQ1a_corruption_detection_correctness_final/enhanced_analysis
_20251225_233458_e5fcc326/rq1a_row2_detailed_analysis.png, id=247, 1082.3637pt 
x 433.3791pt>
File: ../../final_runs/RQ1a_corruption_detection_correctness_final/enhanced_ana
lysis_20251225_233458_e5fcc326/rq1a_row2_detailed_analysis.png Graphic file (ty
pe png)
<use ../../final_runs/RQ1a_corruption_detection_correctness_final/enhanced_anal
ysis_20251225_233458_e5fcc326/rq1a_row2_detailed_analysis.png>
Package pdftex.def Info: ../../final_runs/RQ1a_corruption_detection_correctness
_final/enhanced_analysis_20251225_233458_e5fcc326/rq1a_row2_detailed_analysis.p
ng  used on input line 239.
(pdftex.def)             Requested size: 542.02501pt x 217.03288pt.
 [4 <../../final_runs/RQ1a_corruption_detection_correctness_final/enhanced_anal
ysis_20251225_233458_e5fcc326/rq1a_row1_performance_metrics.png>]

LaTeX Warning: Reference `sec:appendix_roc_curves' on page 5 undefined on input
 line 252.

<../../final_runs/RQ1a_ground_truth_correctness/enhanced_analysis_20251225_2334
58_e5fcc326/rq1a_ground_truth_row1_performance_metrics.png, id=258, 1076.823pt 
x 354.123pt>
File: ../../final_runs/RQ1a_ground_truth_correctness/enhanced_analysis_20251225
_233458_e5fcc326/rq1a_ground_truth_row1_performance_metrics.png Graphic file (t
ype png)
<use ../../final_runs/RQ1a_ground_truth_correctness/enhanced_analysis_20251225_
233458_e5fcc326/rq1a_ground_truth_row1_performance_metrics.png>
Package pdftex.def Info: ../../final_runs/RQ1a_ground_truth_correctness/enhance
d_analysis_20251225_233458_e5fcc326/rq1a_ground_truth_row1_performance_metrics.
png  used on input line 271.
(pdftex.def)             Requested size: 542.02501pt x 178.24982pt.
[5 <../../final_runs/RQ1a_corruption_detection_correctness_final/enhanced_analy
sis_20251225_233458_e5fcc326/rq1a_row2_detailed_analysis.png>]
<../../final_runs/RQ1a_ground_truth_correctness/enhanced_analysis_20251225_2334
58_e5fcc326/rq1a_ground_truth_row2_detailed_analysis.png, id=268, 1168.6059pt x
 354.123pt>
File: ../../final_runs/RQ1a_ground_truth_correctness/enhanced_analysis_20251225
_233458_e5fcc326/rq1a_ground_truth_row2_detailed_analysis.png Graphic file (typ
e png)
<use ../../final_runs/RQ1a_ground_truth_correctness/enhanced_analysis_20251225_
233458_e5fcc326/rq1a_ground_truth_row2_detailed_analysis.png>
Package pdftex.def Info: ../../final_runs/RQ1a_ground_truth_correctness/enhance
d_analysis_20251225_233458_e5fcc326/rq1a_ground_truth_row2_detailed_analysis.pn
g  used on input line 289.
(pdftex.def)             Requested size: 542.02501pt x 164.25482pt.
 [6 <../../final_runs/RQ1a_ground_truth_correctness/enhanced_analysis_20251225_
233458_e5fcc326/rq1a_ground_truth_row1_performance_metrics.png>]

LaTeX Warning: Reference `sec:appendix_judge_heatmaps' on page 7 undefined on i
nput line 302.


LaTeX Warning: Reference `fig:rq1a_gt_correctness_heatmap' on page 7 undefined 
on input line 302.

<../../final_runs/RQ1a_corruption_detection_citation_gpt5mini/enhanced_analysis
_20251228_012920/rq1a_row1_performance_metrics.png, id=278, 905.0613pt x 372.67
23pt>
File: ../../final_runs/RQ1a_corruption_detection_citation_gpt5mini/enhanced_ana
lysis_20251228_012920/rq1a_row1_performance_metrics.png Graphic file (type png)

<use ../../final_runs/RQ1a_corruption_detection_citation_gpt5mini/enhanced_anal
ysis_20251228_012920/rq1a_row1_performance_metrics.png>
Package pdftex.def Info: ../../final_runs/RQ1a_corruption_detection_citation_gp
t5mini/enhanced_analysis_20251228_012920/rq1a_row1_performance_metrics.png  use
d on input line 320.
(pdftex.def)             Requested size: 542.02501pt x 223.19566pt.
[7 <../../final_runs/RQ1a_ground_truth_correctness/enhanced_analysis_20251225_2
33458_e5fcc326/rq1a_ground_truth_row2_detailed_analysis.png>]
<../../final_runs/RQ1a_corruption_detection_citation_gpt5mini/enhanced_analysis
_20251228_012920/rq1a_row2_detailed_analysis.png, id=290, 1082.3637pt x 433.379
1pt>
File: ../../final_runs/RQ1a_corruption_detection_citation_gpt5mini/enhanced_ana
lysis_20251228_012920/rq1a_row2_detailed_analysis.png Graphic file (type png)
<use ../../final_runs/RQ1a_corruption_detection_citation_gpt5mini/enhanced_anal
ysis_20251228_012920/rq1a_row2_detailed_analysis.png>
Package pdftex.def Info: ../../final_runs/RQ1a_corruption_detection_citation_gp
t5mini/enhanced_analysis_20251228_012920/rq1a_row2_detailed_analysis.png  used 
on input line 348.
(pdftex.def)             Requested size: 542.02501pt x 217.03288pt.
 [8 <../../final_runs/RQ1a_corruption_detection_citation_gpt5mini/enhanced_anal
ysis_20251228_012920/rq1a_row1_performance_metrics.png>]

LaTeX Warning: Reference `sec:appendix_roc_curves' on page 9 undefined on input
 line 362.

<../../final_runs/RQ1a_ground_truth_citation/enhanced_analysis_20251225_233458_
e5fcc326/rq1a_ground_truth_row1_performance_metrics.png, id=301, 1076.823pt x 3
54.123pt>
File: ../../final_runs/RQ1a_ground_truth_citation/enhanced_analysis_20251225_23
3458_e5fcc326/rq1a_ground_truth_row1_performance_metrics.png Graphic file (type
 png)
<use ../../final_runs/RQ1a_ground_truth_citation/enhanced_analysis_20251225_233
458_e5fcc326/rq1a_ground_truth_row1_performance_metrics.png>
Package pdftex.def Info: ../../final_runs/RQ1a_ground_truth_citation/enhanced_a
nalysis_20251225_233458_e5fcc326/rq1a_ground_truth_row1_performance_metrics.png
  used on input line 379.
(pdftex.def)             Requested size: 542.02501pt x 178.24982pt.
[9 <../../final_runs/RQ1a_corruption_detection_citation_gpt5mini/enhanced_analy
sis_20251228_012920/rq1a_row2_detailed_analysis.png>]
<../../final_runs/RQ1a_ground_truth_citation/enhanced_analysis_20251225_233458_
e5fcc326/rq1a_ground_truth_row2_detailed_analysis.png, id=311, 1168.6059pt x 35
4.123pt>
File: ../../final_runs/RQ1a_ground_truth_citation/enhanced_analysis_20251225_23
3458_e5fcc326/rq1a_ground_truth_row2_detailed_analysis.png Graphic file (type p
ng)
<use ../../final_runs/RQ1a_ground_truth_citation/enhanced_analysis_20251225_233
458_e5fcc326/rq1a_ground_truth_row2_detailed_analysis.png>
Package pdftex.def Info: ../../final_runs/RQ1a_ground_truth_citation/enhanced_a
nalysis_20251225_233458_e5fcc326/rq1a_ground_truth_row2_detailed_analysis.png  
used on input line 399.
(pdftex.def)             Requested size: 542.02501pt x 164.25482pt.
 [10 <../../final_runs/RQ1a_ground_truth_citation/enhanced_analysis_20251225_23
3458_e5fcc326/rq1a_ground_truth_row1_performance_metrics.png> <../../final_runs
/RQ1a_ground_truth_citation/enhanced_analysis_20251225_233458_e5fcc326/rq1a_gro
und_truth_row2_detailed_analysis.png>]

LaTeX Warning: Reference `sec:appendix_judge_heatmaps' on page 11 undefined on 
input line 410.


LaTeX Warning: Reference `fig:rq1a_gt_citation_heatmap' on page 11 undefined on
 input line 410.

[11]

Package natbib Warning: Citation `landis1977measurement' on page 12 undefined o
n input line 487.


Package natbib Warning: Citation `newton1701scala' on page 12 undefined on inpu
t line 525.


Package natbib Warning: Citation `clausius1850heat' on page 12 undefined on inp
ut line 525.


Package natbib Warning: Citation `lotka1925elements' on page 12 undefined on in
put line 525.


Package natbib Warning: Citation `volterra1928fluctuations' on page 12 undefine
d on input line 525.


Package natbib Warning: Citation `ohm1827galvanische' on page 12 undefined on i
nput line 525.


Package natbib Warning: Citation `kirchhoff1845durchgang' on page 12 undefined 
on input line 525.


Package natbib Warning: Citation `pascal1663equilibre' on page 12 undefined on 
input line 525.


Package natbib Warning: Citation `torricelli1644opera' on page 12 undefined on 
input line 525.

[12] [13]
(../../final_runs/RQ1b_corrector_ablation_analysis/baseline_table_synthetic.tex
) [14]

Package natbib Warning: Citation `shimonovich2020bradford' on page 15 undefined
 on input line 612.


(../../final_runs/RQ1b_corrector_ablation_analysis/ablation_table_synthetic.tex
) [15]
(../../final_runs/RQ1b_corrector_ablation_analysis/baseline_table_groundtruth.t
ex)
(../../final_runs/RQ1b_corrector_ablation_analysis/ablation_table_groundtruth.t
ex) [16] [17]
(../../final_runs/RQ2_hallucination_detection/single_metric_table.tex)
<figures/phase6_distributions_with_effect_sizes.png, id=399, 930.5967pt x 859.7
721pt>
File: figures/phase6_distributions_with_effect_sizes.png Graphic file (type png
)
<use figures/phase6_distributions_with_effect_sizes.png>
Package pdftex.def Info: figures/phase6_distributions_with_effect_sizes.png  us
ed on input line 681.
(pdftex.def)             Requested size: 542.02501pt x 500.78033pt.
 [18]
(../../final_runs/RQ2_hallucination_detection/normality_tests_table.tex)
[19 <./figures/phase6_distributions_with_effect_sizes.png>]
<../../final_runs/RQ2_hallucination_detection/phase4_rfe_complete.png, id=420, 
1002.144pt x 350.7504pt>
File: ../../final_runs/RQ2_hallucination_detection/phase4_rfe_complete.png Grap
hic file (type png)
<use ../../final_runs/RQ2_hallucination_detection/phase4_rfe_complete.png>
Package pdftex.def Info: ../../final_runs/RQ2_hallucination_detection/phase4_rf
e_complete.png  used on input line 709.
(pdftex.def)             Requested size: 542.02501pt x 189.70746pt.
 [20]
(../../final_runs/RQ2_hallucination_detection/ensemble_performance_table.tex

LaTeX Warning: Reference `sec:uncertainty_rule' on page 21 undefined on input l
ine 32.

) [21 <../../final_runs/RQ2_hallucination_detection/phase4_rfe_complete.png>]
[22]

LaTeX Warning: Reference `sec:physics_cld_validation' on page 23 undefined on i
nput line 747.


LaTeX Warning: Reference `sec:deep_research_system' on page 23 undefined on inp
ut line 747.

(../../final_runs/RQ3_deep_research/rq3_main_table.tex)
<../../final_runs/RQ3_deep_research/figures/rq3_combined_figure.png, id=451, 10
00.2168pt x 349.7868pt>
File: ../../final_runs/RQ3_deep_research/figures/rq3_combined_figure.png Graphi
c file (type png)
<use ../../final_runs/RQ3_deep_research/figures/rq3_combined_figure.png>
Package pdftex.def Info: ../../final_runs/RQ3_deep_research/figures/rq3_combine
d_figure.png  used on input line 780.
(pdftex.def)             Requested size: 542.02501pt x 189.55457pt.
 [23]
(../../final_runs/RQ3_deep_research/rq3_per_cld_table.tex) [24 <../../final_run
s/RQ3_deep_research/figures/rq3_combined_figure.png>]
(../../final_runs/RQ3_deep_research/rq3_enriched_gt_table.tex)
(./generated/rq3_enrichment_validation_numbers.tex)
(./generated/rq3_human_validation_numbers.tex)
(./generated/rq3_human_validation_table.tex)
LaTeX Font Info:    Trying to load font information for OMS+cmr on input line 8
19.

(/usr/share/texlive/texmf-dist/tex/latex/base/omscmr.fd
File: omscmr.fd 2023/04/13 v2.5m Standard LaTeX font definitions
)
LaTeX Font Info:    Font shape `OMS/cmr/m/n' in size <10> not available
(Font)              Font shape `OMS/cmsy/m/n' tried instead on input line 819.


LaTeX Warning: Reference `sec:rq3_human_validation' on page 25 undefined on inp
ut line 819.


Overfull \hbox (26.31502pt too wide) in paragraph at lines 819--820
\OT1/cmtt/m/n/10 direct[]causal[]found=True \OT1/cmr/m/n/10 and man-u-ally la-b
eled each edge with a cat-e-gor-i-cal ver-dict (\OT1/cmtt/m/n/10 human[]verdict
$\OMS/cmsy/m/n/10 2$f\OT1/cmtt/m/n/10 causal\OT1/cmr/m/n/10 , \OT1/cmtt/m/n/10 
different[]vars,
 []

(./generated/rq3_verdict_distribution_table.tex) [25]
<../../final_runs/RQ3_deep_research/validation/all_edges_threshold_tradeoff.png
, id=486, 463.2507pt x 226.446pt>
File: ../../final_runs/RQ3_deep_research/validation/all_edges_threshold_tradeof
f.png Graphic file (type png)
<use ../../final_runs/RQ3_deep_research/validation/all_edges_threshold_tradeoff
.png>
Package pdftex.def Info: ../../final_runs/RQ3_deep_research/validation/all_edge
s_threshold_tradeoff.png  used on input line 851.
(pdftex.def)             Requested size: 221.14465pt x 108.10197pt.

(./generated/rq3_enrichment_validation_table.tex)
(./generated/rq3_smart_trigger_numbers.tex) [26 <../../final_runs/RQ3_deep_rese
arch/validation/all_edges_threshold_tradeoff.png>]
(./generated/rq3_smart_trigger_table.tex)
<../../final_runs/RQ3_deep_research/validation/dr_cost_efficiency_comparison.pn
g, id=500, 1003.1076pt x 423.984pt>
File: ../../final_runs/RQ3_deep_research/validation/dr_cost_efficiency_comparis
on.png Graphic file (type png)
<use ../../final_runs/RQ3_deep_research/validation/dr_cost_efficiency_compariso
n.png>
Package pdftex.def Info: ../../final_runs/RQ3_deep_research/validation/dr_cost_
efficiency_comparison.png  used on input line 899.
(pdftex.def)             Requested size: 514.9221pt x 217.64578pt.


LaTeX Warning: Reference `sec:rq3_human_validation' on page 27 undefined on inp
ut line 904.


LaTeX Warning: Reference `sec:gt_enrichment_method' on page 27 undefined on inp
ut line 904.

[27 <../../final_runs/RQ3_deep_research/validation/dr_cost_efficiency_compariso
n.png>]
Overfull \hbox (50.39522pt too wide) in paragraph at lines 917--918
[]\OT1/cmr/bx/n/10 DR de-tec-tion is not a re-li-able FP fil-ter in ag-gre-gate
. \OT1/cmr/m/n/10 Across 285 TP/FP/FN edges, DR re-trieves \OT1/cmtt/m/n/10 dir
ect[]causal[]found=True
 []

(./generated/effect_size_summary_table.tex) [28]
<../../final_runs/time_and_cost_scaling/figures/figure3_generation_vs_judging.p
ng, id=529, 1001.6622pt x 424.4658pt>
File: ../../final_runs/time_and_cost_scaling/figures/figure3_generation_vs_judg
ing.png Graphic file (type png)
<use ../../final_runs/time_and_cost_scaling/figures/figure3_generation_vs_judgi
ng.png>
Package pdftex.def Info: ../../final_runs/time_and_cost_scaling/figures/figure3
_generation_vs_judging.png  used on input line 944.
(pdftex.def)             Requested size: 542.02501pt x 229.69386pt.
 [29]
(../../final_runs/latex/table21_scaling_summary.tex) [30 <../../final_runs/time
_and_cost_scaling/figures/figure3_generation_vs_judging.png>]
<../../final_runs/parallelization_benchmark/figures/parallelization_thesis_figu
re.png, id=548, 867.24pt x 361.35pt>
File: ../../final_runs/parallelization_benchmark/figures/parallelization_thesis
_figure.png Graphic file (type png)
<use ../../final_runs/parallelization_benchmark/figures/parallelization_thesis_
figure.png>
Package pdftex.def Info: ../../final_runs/parallelization_benchmark/figures/par
allelization_thesis_figure.png  used on input line 965.
(pdftex.def)             Requested size: 542.02501pt x 225.85422pt.


Package natbib Warning: There were undefined citations.

[31 <../../final_runs/parallelization_benchmark/figures/parallelization_thesis_
figure.png>] (./final_results.aux)
 ***********
LaTeX2e <2023-11-01> patch level 1
L3 programming layer <2024-01-22>
 ***********


LaTeX Warning: There were undefined references.

Package rerunfilecheck Info: File `final_results.out' has not changed.
(rerunfilecheck)             Checksum: 7AD0CEFDFC602C1CCB36DD6FBCCA9895;10495.
 ) 
Here is how much of TeX's memory you used:
 12428 strings out of 476182
 211967 string characters out of 5795596
 1962975 words of memory out of 5000000
 34063 multiletter control sequences out of 15000+600000
 568102 words of font info for 71 fonts, out of 8000000 for 9000
 14 hyphenation exceptions out of 8191
 75i,19n,79p,1775b,548s stack positions out of 10000i,1000n,20000p,200000b,200000s
 </home/nitai/.texlive2023/texmf-var/fonts/pk/ljfour/jknappen/ec/tcrm0900.600
pk> </home/nitai/.texlive2023/texmf-var/fonts/pk/ljfour/jknappen/ec/tcbx0800.60
0pk> </home/nitai/.texlive2023/texmf-var/fonts/pk/ljfour/jknappen/ec/tcrm0700.6
00pk> </home/nitai/.texlive2023/texmf-var/fonts/pk/ljfour/jknappen/ec/tcrm1000.
600pk></usr/share/texlive/texmf-dist/fonts/type1/public/amsfonts/cm/cmbx10.pfb>
</usr/share/texlive/texmf-dist/fonts/type1/public/amsfonts/cm/cmbx12.pfb></usr/
share/texlive/texmf-dist/fonts/type1/public/amsfonts/cm/cmbx5.pfb></usr/share/t
exlive/texmf-dist/fonts/type1/public/amsfonts/cm/cmbx7.pfb></usr/share/texlive/
texmf-dist/fonts/type1/public/amsfonts/cm/cmbx8.pfb></usr/share/texlive/texmf-d
ist/fonts/type1/public/amsfonts/cm/cmbx9.pfb></usr/share/texlive/texmf-dist/fon
ts/type1/public/amsfonts/cm/cmmi10.pfb></usr/share/texlive/texmf-dist/fonts/typ
e1/public/amsfonts/cm/cmmi6.pfb></usr/share/texlive/texmf-dist/fonts/type1/publ
ic/amsfonts/cm/cmmi7.pfb></usr/share/texlive/texmf-dist/fonts/type1/public/amsf
onts/cm/cmmi8.pfb></usr/share/texlive/texmf-dist/fonts/type1/public/amsfonts/cm
/cmmi9.pfb></usr/share/texlive/texmf-dist/fonts/type1/public/amsfonts/cm/cmr10.
pfb></usr/share/texlive/texmf-dist/fonts/type1/public/amsfonts/cm/cmr5.pfb></us
r/share/texlive/texmf-dist/fonts/type1/public/amsfonts/cm/cmr6.pfb></usr/share/
texlive/texmf-dist/fonts/type1/public/amsfonts/cm/cmr7.pfb></usr/share/texlive/
texmf-dist/fonts/type1/public/amsfonts/cm/cmr8.pfb></usr/share/texlive/texmf-di
st/fonts/type1/public/amsfonts/cm/cmr9.pfb></usr/share/texlive/texmf-dist/fonts
/type1/public/amsfonts/cm/cmsy10.pfb></usr/share/texlive/texmf-dist/fonts/type1
/public/amsfonts/cm/cmsy5.pfb></usr/share/texlive/texmf-dist/fonts/type1/public
/amsfonts/cm/cmsy6.pfb></usr/share/texlive/texmf-dist/fonts/type1/public/amsfon
ts/cm/cmsy7.pfb></usr/share/texlive/texmf-dist/fonts/type1/public/amsfonts/cm/c
msy8.pfb></usr/share/texlive/texmf-dist/fonts/type1/public/amsfonts/cm/cmsy9.pf
b></usr/share/texlive/texmf-dist/fonts/type1/public/amsfonts/cm/cmti10.pfb></us
r/share/texlive/texmf-dist/fonts/type1/public/amsfonts/cm/cmti7.pfb></usr/share
/texlive/texmf-dist/fonts/type1/public/amsfonts/cm/cmti8.pfb></usr/share/texliv
e/texmf-dist/fonts/type1/public/amsfonts/cm/cmti9.pfb></usr/share/texlive/texmf
-dist/fonts/type1/public/amsfonts/cm/cmtt10.pfb></usr/share/texlive/texmf-dist/
fonts/type1/public/amsfonts/cm/cmtt9.pfb>
Output written on final_results.pdf (31 pages, 4857010 bytes).
PDF statistics:
 733 PDF objects out of 1000 (max. 8388607)
 599 compressed objects within 6 object streams
 159 named destinations out of 1000 (max. 500000)
 457 words of extra memory for PDF output out of 10000 (max. 10000000)

