\BOOKMARK [1][-]{section.1}{\376\377\000I\000n\000t\000r\000o\000d\000u\000c\000t\000i\000o\000n}{}% 1
\BOOKMARK [1][-]{section.2}{\376\377\000B\000a\000c\000k\000g\000r\000o\000u\000n\000d}{}% 2
\BOOKMARK [2][-]{subsection.2.1}{\376\377\000M\000o\000d\000e\000l\000i\000n\000g\000,\000\040\000s\000i\000m\000u\000l\000a\000t\000i\000o\000n\000,\000\040\000a\000n\000d\000\040\000w\000h\000y\000\040\000c\000o\000n\000c\000e\000p\000t\000u\000a\000l\000\040\000v\000a\000l\000i\000d\000i\000t\000y\000\040\000m\000a\000t\000t\000e\000r\000s}{section.2}% 3
\BOOKMARK [3][-]{paragraph.2.1.0.1}{\376\377\000T\000h\000e\000\040\000r\000o\000l\000e\000\040\000o\000f\000\040\000s\000i\000m\000u\000l\000a\000t\000i\000o\000n\000s\000\040\000i\000n\000\040\000s\000c\000i\000e\000n\000c\000e\000.}{subsection.2.1}% 4
\BOOKMARK [4][-]{paragraph.2.1.0.2}{\376\377\000M\000o\000d\000e\000l\000\040\000a\000b\000s\000t\000r\000a\000c\000t\000i\000o\000n\000\040\000a\000n\000d\000\040\000c\000o\000m\000p\000u\000t\000a\000t\000i\000o\000n\000a\000l\000\040\000t\000r\000a\000d\000e\000-\000o\000f\000f\000s\000.}{paragraph.2.1.0.1}% 5
\BOOKMARK [4][-]{paragraph.2.1.0.3}{\376\377\000G\000r\000o\000u\000p\000\040\000m\000o\000d\000e\000l\000\040\000b\000u\000i\000l\000d\000i\000n\000g\000\040\000a\000s\000\040\000a\000\040\000f\000o\000u\000n\000d\000a\000t\000i\000o\000n\000\040\000f\000o\000r\000\040\000c\000o\000m\000p\000u\000t\000a\000t\000i\000o\000n\000a\000l\000\040\000m\000o\000d\000e\000l\000s\000.}{paragraph.2.1.0.1}% 6
\BOOKMARK [2][-]{subsection.2.2}{\376\377\000C\000a\000u\000s\000a\000l\000\040\000L\000o\000o\000p\000\040\000D\000i\000a\000g\000r\000a\000m\000s\000\040\000\050\000C\000L\000D\000s\000\051}{section.2}% 7
\BOOKMARK [3][-]{paragraph.2.2.0.1}{\376\377\000D\000e\000f\000i\000n\000i\000t\000i\000o\000n\000.}{subsection.2.2}% 8
\BOOKMARK [2][-]{subsection.2.3}{\376\377\000G\000r\000o\000u\000p\000\040\000M\000o\000d\000e\000l\000\040\000B\000u\000i\000l\000d\000i\000n\000g\000\040\000\050\000G\000M\000B\000\051\000\040\000a\000n\000d\000\040\000t\000h\000e\000\040\000C\000L\000D\000-\000t\000o\000-\000c\000o\000m\000p\000u\000t\000a\000t\000i\000o\000n\000a\000l\000\040\000m\000o\000d\000e\000l\000\040\000p\000i\000p\000e\000l\000i\000n\000e}{section.2}% 9
\BOOKMARK [2][-]{subsection.2.4}{\376\377\000L\000a\000r\000g\000e\000\040\000l\000a\000n\000g\000u\000a\000g\000e\000\040\000m\000o\000d\000e\000l\000\040\000\050\000L\000L\000M\000\051\000\040\000b\000a\000c\000k\000g\000r\000o\000u\000n\000d}{section.2}% 10
\BOOKMARK [2][-]{subsection.2.5}{\376\377\000A\000r\000c\000h\000i\000t\000e\000c\000t\000u\000r\000a\000l\000\040\000d\000e\000t\000a\000i\000l\000s\000\040\000o\000f\000\040\000l\000a\000r\000g\000e\000\040\000l\000a\000n\000g\000u\000a\000g\000e\000\040\000m\000o\000d\000e\000l\000s}{section.2}% 11
\BOOKMARK [3][-]{paragraph.2.5.0.1}{\376\377\000T\000o\000k\000e\000n\000i\000z\000a\000t\000i\000o\000n\000\040\000a\000n\000d\000\040\000e\000m\000b\000e\000d\000d\000i\000n\000g\000s\000.}{subsection.2.5}% 12
\BOOKMARK [4][-]{paragraph.2.5.0.2}{\376\377\000T\000h\000e\000\040\000a\000t\000t\000e\000n\000t\000i\000o\000n\000\040\000m\000e\000c\000h\000a\000n\000i\000s\000m\000.}{paragraph.2.5.0.1}% 13
\BOOKMARK [4][-]{paragraph.2.5.0.3}{\376\377\000M\000u\000l\000t\000i\000-\000h\000e\000a\000d\000\040\000a\000t\000t\000e\000n\000t\000i\000o\000n\000.}{paragraph.2.5.0.1}% 14
\BOOKMARK [4][-]{paragraph.2.5.0.4}{\376\377\000F\000e\000e\000d\000-\000f\000o\000r\000w\000a\000r\000d\000\040\000n\000e\000t\000w\000o\000r\000k\000s\000.}{paragraph.2.5.0.1}% 15
\BOOKMARK [4][-]{paragraph.2.5.0.5}{\376\377\000R\000e\000s\000i\000d\000u\000a\000l\000\040\000c\000o\000n\000n\000e\000c\000t\000i\000o\000n\000s\000\040\000a\000n\000d\000\040\000l\000a\000y\000e\000r\000\040\000n\000o\000r\000m\000a\000l\000i\000z\000a\000t\000i\000o\000n\000.}{paragraph.2.5.0.1}% 16
\BOOKMARK [4][-]{paragraph.2.5.0.6}{\376\377\000E\000n\000c\000o\000d\000e\000r\040\023\000d\000e\000c\000o\000d\000e\000r\000\040\000a\000r\000c\000h\000i\000t\000e\000c\000t\000u\000r\000e\000.}{paragraph.2.5.0.1}% 17
\BOOKMARK [4][-]{paragraph.2.5.0.7}{\376\377\000D\000e\000c\000o\000d\000e\000r\000-\000o\000n\000l\000y\000\040\000m\000o\000d\000e\000l\000s\000\040\000a\000n\000d\000\040\000a\000u\000t\000o\000r\000e\000g\000r\000e\000s\000s\000i\000v\000e\000\040\000g\000e\000n\000e\000r\000a\000t\000i\000o\000n\000.}{paragraph.2.5.0.1}% 18
\BOOKMARK [4][-]{paragraph.2.5.0.8}{\376\377\000D\000e\000c\000o\000d\000i\000n\000g\000\040\000s\000t\000r\000a\000t\000e\000g\000i\000e\000s\000.}{paragraph.2.5.0.1}% 19
\BOOKMARK [2][-]{subsection.2.6}{\376\377\000P\000r\000o\000m\000p\000t\000i\000n\000g\000\040\000S\000t\000r\000a\000t\000e\000g\000i\000e\000s\000\040\000f\000o\000r\000\040\000L\000a\000r\000g\000e\000\040\000L\000a\000n\000g\000u\000a\000g\000e\000\040\000M\000o\000d\000e\000l\000s}{section.2}% 20
\BOOKMARK [3][-]{paragraph.2.6.0.1}{\376\377\000D\000o\000m\000i\000n\000a\000n\000t\000\040\000P\000r\000o\000m\000p\000t\000i\000n\000g\000\040\000P\000a\000r\000a\000d\000i\000g\000m\000s\000.}{subsection.2.6}% 21
\BOOKMARK [4][-]{paragraph.2.6.0.2}{\376\377\000F\000e\000w\000-\000S\000h\000o\000t\000\040\000P\000r\000o\000m\000p\000t\000i\000n\000g\000.}{paragraph.2.6.0.1}% 22
\BOOKMARK [4][-]{paragraph.2.6.0.3}{\376\377\000C\000h\000a\000i\000n\000-\000o\000f\000-\000T\000h\000o\000u\000g\000h\000t\000\040\000\050\000C\000o\000T\000\051\000\040\000P\000r\000o\000m\000p\000t\000i\000n\000g\000.}{paragraph.2.6.0.1}% 23
\BOOKMARK [4][-]{paragraph.2.6.0.4}{\376\377\000R\000o\000l\000e\000-\000B\000a\000s\000e\000d\000\040\000P\000r\000o\000m\000p\000t\000i\000n\000g\000.}{paragraph.2.6.0.1}% 24
\BOOKMARK [4][-]{paragraph.2.6.0.5}{\376\377\000P\000r\000o\000m\000p\000t\000i\000n\000g\000\040\000i\000n\000\040\000C\000a\000u\000s\000a\000l\000\040\000D\000i\000s\000c\000o\000v\000e\000r\000y\000\040\000C\000o\000n\000t\000e\000x\000t\000s\000.}{paragraph.2.6.0.1}% 25
\BOOKMARK [4][-]{paragraph.2.6.0.6}{\376\377\000P\000r\000o\000m\000p\000t\000i\000n\000g\000\040\000f\000o\000r\000\040\000H\000a\000l\000l\000u\000c\000i\000n\000a\000t\000i\000o\000n\000\040\000D\000e\000t\000e\000c\000t\000i\000o\000n\000\040\000a\000n\000d\000\040\000C\000o\000r\000r\000e\000c\000t\000i\000o\000n\000.}{paragraph.2.6.0.1}% 26
\BOOKMARK [4][-]{paragraph.2.6.0.7}{\376\377\000B\000r\000a\000d\000f\000o\000r\000d\000\040\000H\000i\000l\000l\000\040\000C\000r\000i\000t\000e\000r\000i\000a\000\040\000a\000s\000\040\000a\000\040\000P\000r\000o\000m\000p\000t\000i\000n\000g\000\040\000F\000r\000a\000m\000e\000w\000o\000r\000k\000.}{paragraph.2.6.0.1}% 27
\BOOKMARK [4][-]{paragraph.2.6.0.8}{\376\377\000A\000p\000p\000l\000i\000c\000a\000t\000i\000o\000n\000\040\000t\000o\000\040\000J\000u\000d\000g\000e\000\040\000a\000n\000d\000\040\000C\000o\000r\000r\000e\000c\000t\000o\000r\000\040\000R\000o\000l\000e\000s\000.}{paragraph.2.6.0.1}% 28
\BOOKMARK [4][-]{paragraph.2.6.0.9}{\376\377\000L\000L\000M\000-\000a\000s\000-\000a\000-\000J\000u\000d\000g\000e\000.}{paragraph.2.6.0.1}% 29
\BOOKMARK [4][-]{paragraph.2.6.0.10}{\376\377\000L\000L\000M\000-\000a\000s\000-\000a\000-\000C\000o\000r\000r\000e\000c\000t\000o\000r\000.}{paragraph.2.6.0.1}% 30
\BOOKMARK [2][-]{subsection.2.7}{\376\377\000H\000a\000l\000l\000u\000c\000i\000n\000a\000t\000i\000o\000n\000s\000\040\000i\000n\000\040\000L\000L\000M\000s\000\040\000\050\000g\000e\000n\000e\000r\000a\000l\000\051}{section.2}% 31
\BOOKMARK [3][-]{subsubsection.2.7.1}{\376\377\000T\000a\000x\000o\000n\000o\000m\000y\000\040\000o\000f\000\040\000H\000a\000l\000l\000u\000c\000i\000n\000a\000t\000i\000o\000n\000s}{subsection.2.7}% 32
\BOOKMARK [3][-]{subsubsection.2.7.2}{\376\377\000H\000a\000l\000l\000u\000c\000i\000n\000a\000t\000i\000o\000n\000\040\000R\000e\000d\000u\000c\000t\000i\000o\000n\000\040\000M\000e\000t\000h\000o\000d\000s}{subsection.2.7}% 33
\BOOKMARK [4][-]{paragraph.2.7.2.1}{\376\377\000B\000l\000a\000c\000k\000-\000b\000o\000x\000\040\000m\000e\000t\000h\000o\000d\000s\000.}{subsubsection.2.7.2}% 34
\BOOKMARK [4][-]{paragraph.2.7.2.2}{\376\377\000W\000h\000i\000t\000e\000-\000b\000o\000x\000\040\000m\000e\000t\000h\000o\000d\000s\000.}{subsubsection.2.7.2}% 35
\BOOKMARK [1][-]{section.3}{\376\377\000L\000i\000t\000e\000r\000a\000t\000u\000r\000e\000\040\000R\000e\000v\000i\000e\000w}{}% 36
\BOOKMARK [2][-]{subsection.3.1}{\376\377\000L\000a\000n\000d\000s\000c\000a\000p\000e\000:\000\040\000C\000L\000D\000\040\000c\000o\000n\000s\000t\000r\000u\000c\000t\000i\000o\000n\000\040\000p\000a\000r\000a\000d\000i\000g\000m\000s\000\040\000\050\000t\000e\000x\000t\000-\000t\000o\000-\000C\000L\000D\000\040\000v\000s\000.\000\040\000g\000e\000n\000e\000r\000a\000t\000i\000o\000n\000\051}{section.3}% 37
\BOOKMARK [2][-]{subsection.3.2}{\376\377\000L\000L\000M\000-\000B\000a\000s\000e\000d\000\040\000C\000a\000u\000s\000a\000l\000\040\000L\000o\000o\000p\000\040\000D\000i\000a\000g\000r\000a\000m\000\040\000G\000e\000n\000e\000r\000a\000t\000i\000o\000n}{section.3}% 38
\BOOKMARK [3][-]{subsubsection.3.2.1}{\376\377\000H\000a\000l\000l\000u\000c\000i\000n\000a\000t\000i\000o\000n\000\040\000D\000e\000t\000e\000c\000t\000i\000o\000n\000\040\000i\000n\000\040\000L\000L\000M\000-\000G\000e\000n\000e\000r\000a\000t\000e\000d\000\040\000C\000a\000u\000s\000a\000l\000\040\000L\000o\000o\000p\000\040\000D\000i\000a\000g\000r\000a\000m\000s}{subsection.3.2}% 39
\BOOKMARK [3][-]{subsubsection.3.2.2}{\376\377\000L\000L\000M\000\040\000P\000e\000r\000f\000o\000r\000m\000a\000n\000c\000e\000\040\000D\000e\000g\000r\000a\000d\000e\000s\000\040\000S\000h\000a\000r\000p\000l\000y\000\040\000o\000n\000\040\000F\000o\000r\000m\000a\000l\000\040\000C\000a\000u\000s\000a\000l\000\040\000R\000e\000a\000s\000o\000n\000i\000n\000g}{subsection.3.2}% 40
\BOOKMARK [3][-]{subsubsection.3.2.3}{\376\377\000H\000o\000w\000\040\000H\000a\000l\000l\000u\000c\000i\000n\000a\000t\000i\000o\000n\000s\000\040\000M\000a\000n\000i\000f\000e\000s\000t\000\040\000i\000n\000\040\000C\000a\000u\000s\000a\000l\000\040\000S\000t\000r\000u\000c\000t\000u\000r\000e\000\040\000G\000e\000n\000e\000r\000a\000t\000i\000o\000n}{subsection.3.2}% 41
\BOOKMARK [4][-]{paragraph.3.2.3.1}{\376\377\000F\000o\000r\000m\000a\000l\000\040\000t\000a\000x\000o\000n\000o\000m\000i\000e\000s\000.}{subsubsection.3.2.3}% 42
\BOOKMARK [3][-]{subsubsection.3.2.4}{\376\377\000C\000o\000m\000p\000a\000r\000i\000s\000o\000n\000\040\000o\000f\000\040\000L\000L\000M\000-\000B\000a\000s\000e\000d\000\040\000C\000L\000D\000\040\000A\000p\000p\000r\000o\000a\000c\000h\000e\000s}{subsection.3.2}% 43
\BOOKMARK [2][-]{subsection.3.3}{\376\377\000L\000L\000M\000-\000a\000s\000-\000a\000-\000J\000u\000d\000g\000e\000:\000\040\000A\000u\000t\000o\000m\000a\000t\000e\000d\000\040\000E\000v\000a\000l\000u\000a\000t\000i\000o\000n\000\040\000o\000f\000\040\000L\000L\000M\000\040\000O\000u\000t\000p\000u\000t\000s}{section.3}% 44
\BOOKMARK [3][-]{subsubsection.3.3.1}{\376\377\000F\000o\000u\000n\000d\000a\000t\000i\000o\000n\000s\000\040\000a\000n\000d\000\040\000E\000m\000p\000i\000r\000i\000c\000a\000l\000\040\000V\000a\000l\000i\000d\000a\000t\000i\000o\000n}{subsection.3.3}% 45
\BOOKMARK [3][-]{subsubsection.3.3.2}{\376\377\000S\000y\000s\000t\000e\000m\000a\000t\000i\000c\000\040\000B\000i\000a\000s\000e\000s\000\040\000i\000n\000\040\000L\000L\000M\000\040\000J\000u\000d\000g\000e\000s}{subsection.3.3}% 46
\BOOKMARK [4][-]{paragraph.3.3.2.1}{\376\377\000P\000o\000s\000i\000t\000i\000o\000n\000\040\000B\000i\000a\000s\000.}{subsubsection.3.3.2}% 47
\BOOKMARK [4][-]{paragraph.3.3.2.2}{\376\377\000V\000e\000r\000b\000o\000s\000i\000t\000y\000\040\000B\000i\000a\000s\000.}{subsubsection.3.3.2}% 48
\BOOKMARK [4][-]{paragraph.3.3.2.3}{\376\377\000S\000e\000l\000f\000-\000E\000n\000h\000a\000n\000c\000e\000m\000e\000n\000t\000\040\000B\000i\000a\000s\000.}{subsubsection.3.3.2}% 49
\BOOKMARK [4][-]{paragraph.3.3.2.4}{\376\377\000S\000u\000s\000c\000e\000p\000t\000i\000b\000i\000l\000i\000t\000y\000\040\000t\000o\000\040\000A\000d\000v\000e\000r\000s\000a\000r\000i\000a\000l\000\040\000M\000a\000n\000i\000p\000u\000l\000a\000t\000i\000o\000n\000.}{subsubsection.3.3.2}% 50
\BOOKMARK [3][-]{subsubsection.3.3.3}{\376\377\000J\000u\000d\000g\000e\000\040\000T\000y\000p\000e\000s\000:\000\040\000P\000o\000i\000n\000t\000w\000i\000s\000e\000\040\000v\000s\000.\000\040\000P\000a\000i\000r\000w\000i\000s\000e\000\040\000E\000v\000a\000l\000u\000a\000t\000i\000o\000n}{subsection.3.3}% 51
\BOOKMARK [4][-]{paragraph.3.3.3.1}{\376\377\000P\000o\000i\000n\000t\000w\000i\000s\000e\000\040\000E\000v\000a\000l\000u\000a\000t\000i\000o\000n\000.}{subsubsection.3.3.3}% 52
\BOOKMARK [4][-]{paragraph.3.3.3.2}{\376\377\000P\000a\000i\000r\000w\000i\000s\000e\000\040\000E\000v\000a\000l\000u\000a\000t\000i\000o\000n\000.}{subsubsection.3.3.3}% 53
\BOOKMARK [3][-]{subsubsection.3.3.4}{\376\377\000L\000L\000M\000-\000a\000s\000-\000a\000-\000C\000o\000r\000r\000e\000c\000t\000o\000r\000:\000\040\000B\000e\000y\000o\000n\000d\000\040\000D\000e\000t\000e\000c\000t\000i\000o\000n\000\040\000t\000o\000\040\000R\000e\000m\000e\000d\000i\000a\000t\000i\000o\000n}{subsection.3.3}% 54
