/home/nitai/code/causalix.ai/data_science/parameter_tuning_experiments/analyze_prompt_variants_corrupted.py:623: UserWarning: set_ticklabels() should only be used with a fixed number of ticks, i.e. after set_ticks() or using a FixedLocator.
  ax1.set_xticklabels(prompts, rotation=15, ha='right')
================================================================================
RQ1: PROMPT VARIANTS ANALYSIS - CORRUPTED CLD
================================================================================
Analyzing 3 prompt variant(s):
  - BASELINE: judged_citation_older_persons_emergency_department_visits_and_interactionstitled_spreadsheet_baseline_20251204_031636_20251204_042408.xlsx
  - COT: judged_citation_older_persons_emergency_department_visits_and_interactionstitled_spreadsheet_cot_20251204_042603_20251204_053621.xlsx
  - MECHANISTIC: judged_citation_older_persons_emergency_department_visits_and_interactionstitled_spreadsheet_mechanistic_20251204_053759_20251204_064625.xlsx

================================================================================
JUDGE PERFORMANCE ANALYSIS
================================================================================
Analyzing judge ability to detect synthetic corruptions...
Comparing judge verdicts (CORRECT/INCORRECT) against ground truth (Is Corrupted)


BASELINE
  File: judged_citation_older_persons_emergency_department_visits_and_interactionstitled_spreadsheet_baseline_20251204_031636_20251204_042408.xlsx
  Dataset: 257 corrupted + 933 clean = 1190 edges
  Confusion Matrix:
    TP (Correctly flagged corrupted): 248
    TN (Correctly accepted clean):    23
    FP (Incorrectly flagged clean):   910
    FN (Missed corrupted):            9
  Metrics:
    Precision: 0.2142 (of flagged edges, % actually corrupted)
    Recall:    0.9650 (of corrupted edges, % detected)
    F1 Score:  0.3505 (harmonic mean)
    Accuracy:  0.2277 (overall % correct)

COT
  File: judged_citation_older_persons_emergency_department_visits_and_interactionstitled_spreadsheet_cot_20251204_042603_20251204_053621.xlsx
  Dataset: 257 corrupted + 933 clean = 1190 edges
  Confusion Matrix:
    TP (Correctly flagged corrupted): 248
    TN (Correctly accepted clean):    31
    FP (Incorrectly flagged clean):   902
    FN (Missed corrupted):            9
  Metrics:
    Precision: 0.2157 (of flagged edges, % actually corrupted)
    Recall:    0.9650 (of corrupted edges, % detected)
    F1 Score:  0.3525 (harmonic mean)
    Accuracy:  0.2345 (overall % correct)

MECHANISTIC
  File: judged_citation_older_persons_emergency_department_visits_and_interactionstitled_spreadsheet_mechanistic_20251204_053759_20251204_064625.xlsx
  Dataset: 257 corrupted + 933 clean = 1190 edges
  Confusion Matrix:
    TP (Correctly flagged corrupted): 249
    TN (Correctly accepted clean):    33
    FP (Incorrectly flagged clean):   900
    FN (Missed corrupted):            8
  Metrics:
    Precision: 0.2167 (of flagged edges, % actually corrupted)
    Recall:    0.9689 (of corrupted edges, % detected)
    F1 Score:  0.3542 (harmonic mean)
    Accuracy:  0.2370 (overall % correct)

================================================================================
CORRUPTION-SCORE CORRELATION ANALYSIS
================================================================================
Analyzing correlation between Is Corrupted (binary) and Aggregate Score (continuous)
Point-biserial correlation measures judge's ability to distinguish corrupted vs clean edges


BASELINE
  Point-biserial correlation (r_pb): 0.0140
  P-value: 0.633008
  Significance: ns (not significant)
  Corrupted edges (n=248): mean score = 0.1768 ± 0.1811
  Clean edges (n=923): mean score = 0.1692 ± 0.2299
  Mean difference: 0.0075
  Interpretation: Very weak - Judge scores poorly discriminate corruptions

COT
  Point-biserial correlation (r_pb): 0.0266
  P-value: 0.362700
  Significance: ns (not significant)
  Corrupted edges (n=248): mean score = 0.1926 ± 0.1977
  Clean edges (n=923): mean score = 0.1776 ± 0.2392
  Mean difference: 0.0150
  Interpretation: Very weak - Judge scores poorly discriminate corruptions

MECHANISTIC
  Point-biserial correlation (r_pb): 0.0325
  P-value: 0.265606
  Significance: ns (not significant)
  Corrupted edges (n=249): mean score = 0.2032 ± 0.1995
  Clean edges (n=923): mean score = 0.1839 ± 0.2533
  Mean difference: 0.0193
  Interpretation: Very weak - Judge scores poorly discriminate corruptions

================================================================================
PROMPT COMPARISON TABLE
================================================================================
     Prompt  Precision   Recall  F1 Score  Accuracy
   BASELINE   0.214162 0.964981  0.350530  0.227731
        COT   0.215652 0.964981  0.352523  0.234454
MECHANISTIC   0.216710 0.968872  0.354196  0.236975

================================================================================
INTER-PROMPT AGREEMENT
================================================================================

BASELINE vs COT:
  Agreement Rate: 0.7782 (926/1190)

BASELINE vs MECHANISTIC:
  Agreement Rate: 0.7731 (920/1190)

COT vs MECHANISTIC:
  Agreement Rate: 0.7807 (929/1190)

Full 3-way agreement:
  Agreement Rate: 0.6664 (793/1190)

================================================================================
PROMPT PERFORMANCE RANKING
================================================================================

Ranked by F1 Score (Judge Accuracy):
  1. MECHANISTIC: F1=0.3542, Precision=0.2167, Recall=0.9689
  2. COT: F1=0.3525, Precision=0.2157, Recall=0.9650
  3. BASELINE: F1=0.3505, Precision=0.2142, Recall=0.9650

🏆 Best performing prompt: MECHANISTIC
   F1 Score: 0.3542

✓ Results saved to: /home/nitai/code/causalix.ai/final_runs/RQ1a_corruption_detection_citation_gpt5mini/emergency_department/run_1/analysis/prompt_variants_analysis.xlsx

Generating visualization...
✓ Plot saved to: /home/nitai/code/causalix.ai/final_runs/RQ1a_corruption_detection_citation_gpt5mini/emergency_department/run_1/analysis/prompt_variants_comparison.png

================================================================================
ANALYSIS COMPLETE
================================================================================
Results directory: /home/nitai/code/causalix.ai/final_runs/RQ1a_corruption_detection_citation_gpt5mini/emergency_department/run_1/analysis
  - prompt_variants_analysis.xlsx
  - prompt_variants_comparison.png

