/home/nitai/code/causalix.ai/data_science/parameter_tuning_experiments/analyze_prompt_variants_corrupted.py:623: UserWarning: set_ticklabels() should only be used with a fixed number of ticks, i.e. after set_ticks() or using a FixedLocator.
  ax1.set_xticklabels(prompts, rotation=15, ha='right')
================================================================================
RQ1: PROMPT VARIANTS ANALYSIS - CORRUPTED CLD
================================================================================
Analyzing 3 prompt variant(s):
  - BASELINE: judged_Depressive_symptoms_in_response_to_a_stressor_baseline_20251116_025105_20251116_025153.xlsx
  - COT: judged_Depressive_symptoms_in_response_to_a_stressor_cot_20251116_025227_20251116_025350.xlsx
  - MECHANISTIC: judged_Depressive_symptoms_in_response_to_a_stressor_mechanistic_20251116_025423_20251116_025521.xlsx

================================================================================
JUDGE PERFORMANCE ANALYSIS
================================================================================
Analyzing judge ability to detect synthetic corruptions...
Comparing judge verdicts (CORRECT/INCORRECT) against ground truth (Is Corrupted)


BASELINE
  File: judged_Depressive_symptoms_in_response_to_a_stressor_baseline_20251116_025105_20251116_025153.xlsx
  Dataset: 60 corrupted + 150 clean = 210 edges
  Confusion Matrix:
    TP (Correctly flagged corrupted): 45
    TN (Correctly accepted clean):    133
    FP (Incorrectly flagged clean):   17
    FN (Missed corrupted):            15
  Metrics:
    Precision: 0.7258 (of flagged edges, % actually corrupted)
    Recall:    0.7500 (of corrupted edges, % detected)
    F1 Score:  0.7377 (harmonic mean)
    Accuracy:  0.8476 (overall % correct)

COT
  File: judged_Depressive_symptoms_in_response_to_a_stressor_cot_20251116_025227_20251116_025350.xlsx
  Dataset: 60 corrupted + 150 clean = 210 edges
  Confusion Matrix:
    TP (Correctly flagged corrupted): 47
    TN (Correctly accepted clean):    132
    FP (Incorrectly flagged clean):   18
    FN (Missed corrupted):            13
  Metrics:
    Precision: 0.7231 (of flagged edges, % actually corrupted)
    Recall:    0.7833 (of corrupted edges, % detected)
    F1 Score:  0.7520 (harmonic mean)
    Accuracy:  0.8524 (overall % correct)

MECHANISTIC
  File: judged_Depressive_symptoms_in_response_to_a_stressor_mechanistic_20251116_025423_20251116_025521.xlsx
  Dataset: 60 corrupted + 150 clean = 210 edges
  Confusion Matrix:
    TP (Correctly flagged corrupted): 57
    TN (Correctly accepted clean):    93
    FP (Incorrectly flagged clean):   57
    FN (Missed corrupted):            3
  Metrics:
    Precision: 0.5000 (of flagged edges, % actually corrupted)
    Recall:    0.9500 (of corrupted edges, % detected)
    F1 Score:  0.6552 (harmonic mean)
    Accuracy:  0.7143 (overall % correct)

================================================================================
CORRUPTION-SCORE CORRELATION ANALYSIS
================================================================================
Analyzing correlation between Is Corrupted (binary) and Aggregate Score (continuous)
Point-biserial correlation measures judge's ability to distinguish corrupted vs clean edges


BASELINE
  Point-biserial correlation (r_pb): -0.5697
  P-value: 0.000000
  Significance: *** (highly significant)
  Corrupted edges (n=60): mean score = 0.4250 ± 0.3994
  Clean edges (n=149): mean score = 0.9060 ± 0.2749
  Mean difference: -0.4810
  Interpretation: Moderate - Judge scores moderately discriminate corruptions

COT
  Point-biserial correlation (r_pb): -0.5650
  P-value: 0.000000
  Significance: *** (highly significant)
  Corrupted edges (n=60): mean score = 0.4417 ± 0.3693
  Clean edges (n=149): mean score = 0.9027 ± 0.2768
  Mean difference: -0.4610
  Interpretation: Moderate - Judge scores moderately discriminate corruptions

MECHANISTIC
  Point-biserial correlation (r_pb): -0.4189
  P-value: 0.000000
  Significance: *** (highly significant)
  Corrupted edges (n=60): mean score = 0.4833 ± 0.1833
  Clean edges (n=149): mean score = 0.7718 ± 0.3156
  Mean difference: -0.2885
  Interpretation: Weak - Judge scores weakly discriminate corruptions

================================================================================
PROMPT COMPARISON TABLE
================================================================================
     Prompt  Precision   Recall  F1 Score  Accuracy
   BASELINE   0.725806 0.750000  0.737705  0.847619
        COT   0.723077 0.783333  0.752000  0.852381
MECHANISTIC   0.500000 0.950000  0.655172  0.714286

================================================================================
INTER-PROMPT AGREEMENT
================================================================================

BASELINE vs COT:
  Agreement Rate: 0.8905 (187/210)

BASELINE vs MECHANISTIC:
  Agreement Rate: 0.6333 (133/210)

COT vs MECHANISTIC:
  Agreement Rate: 0.6762 (142/210)

Full 3-way agreement:
  Agreement Rate: 0.6000 (126/210)

================================================================================
PROMPT PERFORMANCE RANKING
================================================================================

Ranked by F1 Score (Judge Accuracy):
  1. COT: F1=0.7520, Precision=0.7231, Recall=0.7833
  2. BASELINE: F1=0.7377, Precision=0.7258, Recall=0.7500
  3. MECHANISTIC: F1=0.6552, Precision=0.5000, Recall=0.9500

🏆 Best performing prompt: COT
   F1 Score: 0.7520

✓ Results saved to: /home/nitai/code/causalix.ai/final_runs/RQ1a_corruption_detection_correctness/depressive/run_2/analysis/prompt_variants_analysis.xlsx

Generating visualization...
✓ Plot saved to: /home/nitai/code/causalix.ai/final_runs/RQ1a_corruption_detection_correctness/depressive/run_2/analysis/prompt_variants_comparison.png

================================================================================
ANALYSIS COMPLETE
================================================================================
Results directory: /home/nitai/code/causalix.ai/final_runs/RQ1a_corruption_detection_correctness/depressive/run_2/analysis
  - prompt_variants_analysis.xlsx
  - prompt_variants_comparison.png

