/home/nitai/code/causalix.ai/data_science/parameter_tuning_experiments/analyze_prompt_variants_corrupted.py:623: UserWarning: set_ticklabels() should only be used with a fixed number of ticks, i.e. after set_ticks() or using a FixedLocator.
  ax1.set_xticklabels(prompts, rotation=15, ha='right')
================================================================================
RQ1: PROMPT VARIANTS ANALYSIS - CORRUPTED CLD
================================================================================
Analyzing 1 prompt variant(s):
  - MECHANISTIC: judged_citation_Depressive_symptoms_in_response_to_a_stressor_mechanistic_20251204_023359_20251204_024914.xlsx

================================================================================
JUDGE PERFORMANCE ANALYSIS
================================================================================
Analyzing judge ability to detect synthetic corruptions...
Comparing judge verdicts (CORRECT/INCORRECT) against ground truth (Is Corrupted)


MECHANISTIC
  File: judged_citation_Depressive_symptoms_in_response_to_a_stressor_mechanistic_20251204_023359_20251204_024914.xlsx
  Dataset: 60 corrupted + 150 clean = 210 edges
  Confusion Matrix:
    TP (Correctly flagged corrupted): 60
    TN (Correctly accepted clean):    1
    FP (Incorrectly flagged clean):   149
    FN (Missed corrupted):            0
  Metrics:
    Precision: 0.2871 (of flagged edges, % actually corrupted)
    Recall:    1.0000 (of corrupted edges, % detected)
    F1 Score:  0.4461 (harmonic mean)
    Accuracy:  0.2905 (overall % correct)

================================================================================
CORRUPTION-SCORE CORRELATION ANALYSIS
================================================================================
Analyzing correlation between Is Corrupted (binary) and Aggregate Score (continuous)
Point-biserial correlation measures judge's ability to distinguish corrupted vs clean edges


MECHANISTIC
  Point-biserial correlation (r_pb): -0.0450
  P-value: 0.517889
  Significance: ns (not significant)
  Corrupted edges (n=60): mean score = 0.1446 ± 0.1672
  Clean edges (n=149): mean score = 0.1630 ± 0.1926
  Mean difference: -0.0184
  Interpretation: Very weak - Judge scores poorly discriminate corruptions

================================================================================
PROMPT COMPARISON TABLE
================================================================================
     Prompt  Precision  Recall  F1 Score  Accuracy
MECHANISTIC   0.287081     1.0  0.446097  0.290476

================================================================================
INTER-PROMPT AGREEMENT
================================================================================

================================================================================
PROMPT PERFORMANCE RANKING
================================================================================

Ranked by F1 Score (Judge Accuracy):
  1. MECHANISTIC: F1=0.4461, Precision=0.2871, Recall=1.0000

🏆 Best performing prompt: MECHANISTIC
   F1 Score: 0.4461

✓ Results saved to: /home/nitai/code/causalix.ai/final_runs/RQ1a_corruption_detection_citation_gpt5mini/depressive/run_1/analysis/prompt_variants_analysis.xlsx

Generating visualization...
✓ Plot saved to: /home/nitai/code/causalix.ai/final_runs/RQ1a_corruption_detection_citation_gpt5mini/depressive/run_1/analysis/prompt_variants_comparison.png

================================================================================
ANALYSIS COMPLETE
================================================================================
Results directory: /home/nitai/code/causalix.ai/final_runs/RQ1a_corruption_detection_citation_gpt5mini/depressive/run_1/analysis
  - prompt_variants_analysis.xlsx
  - prompt_variants_comparison.png

