/home/nitai/code/causalix.ai/data_science/parameter_tuning_experiments/analyze_prompt_variants_corrupted.py:623: UserWarning: set_ticklabels() should only be used with a fixed number of ticks, i.e. after set_ticks() or using a FixedLocator.
  ax1.set_xticklabels(prompts, rotation=15, ha='right')
================================================================================
RQ1: PROMPT VARIANTS ANALYSIS - CORRUPTED CLD
================================================================================
Analyzing 3 prompt variant(s):
  - BASELINE: judged_Depressive_symptoms_in_response_to_a_stressor_baseline_20251116_011019_20251116_011112.xlsx
  - COT: judged_Depressive_symptoms_in_response_to_a_stressor_cot_20251116_011149_20251116_011306.xlsx
  - MECHANISTIC: judged_Depressive_symptoms_in_response_to_a_stressor_mechanistic_20251116_011352_20251116_011446.xlsx

================================================================================
JUDGE PERFORMANCE ANALYSIS
================================================================================
Analyzing judge ability to detect synthetic corruptions...
Comparing judge verdicts (CORRECT/INCORRECT) against ground truth (Is Corrupted)


BASELINE
  File: judged_Depressive_symptoms_in_response_to_a_stressor_baseline_20251116_011019_20251116_011112.xlsx
  Dataset: 60 corrupted + 150 clean = 210 edges
  Confusion Matrix:
    TP (Correctly flagged corrupted): 39
    TN (Correctly accepted clean):    131
    FP (Incorrectly flagged clean):   19
    FN (Missed corrupted):            21
  Metrics:
    Precision: 0.6724 (of flagged edges, % actually corrupted)
    Recall:    0.6500 (of corrupted edges, % detected)
    F1 Score:  0.6610 (harmonic mean)
    Accuracy:  0.8095 (overall % correct)

COT
  File: judged_Depressive_symptoms_in_response_to_a_stressor_cot_20251116_011149_20251116_011306.xlsx
  Dataset: 60 corrupted + 150 clean = 210 edges
  Confusion Matrix:
    TP (Correctly flagged corrupted): 44
    TN (Correctly accepted clean):    127
    FP (Incorrectly flagged clean):   23
    FN (Missed corrupted):            16
  Metrics:
    Precision: 0.6567 (of flagged edges, % actually corrupted)
    Recall:    0.7333 (of corrupted edges, % detected)
    F1 Score:  0.6929 (harmonic mean)
    Accuracy:  0.8143 (overall % correct)

MECHANISTIC
  File: judged_Depressive_symptoms_in_response_to_a_stressor_mechanistic_20251116_011352_20251116_011446.xlsx
  Dataset: 60 corrupted + 150 clean = 210 edges
  Confusion Matrix:
    TP (Correctly flagged corrupted): 56
    TN (Correctly accepted clean):    95
    FP (Incorrectly flagged clean):   55
    FN (Missed corrupted):            4
  Metrics:
    Precision: 0.5045 (of flagged edges, % actually corrupted)
    Recall:    0.9333 (of corrupted edges, % detected)
    F1 Score:  0.6550 (harmonic mean)
    Accuracy:  0.7190 (overall % correct)

================================================================================
CORRUPTION-SCORE CORRELATION ANALYSIS
================================================================================
Analyzing correlation between Is Corrupted (binary) and Aggregate Score (continuous)
Point-biserial correlation measures judge's ability to distinguish corrupted vs clean edges


BASELINE
  Point-biserial correlation (r_pb): -0.4870
  P-value: 0.000000
  Significance: *** (highly significant)
  Corrupted edges (n=60): mean score = 0.4750 ± 0.4359
  Clean edges (n=149): mean score = 0.8926 ± 0.2939
  Mean difference: -0.4176
  Interpretation: Weak - Judge scores weakly discriminate corruptions

COT
  Point-biserial correlation (r_pb): -0.5246
  P-value: 0.000000
  Significance: *** (highly significant)
  Corrupted edges (n=60): mean score = 0.4250 ± 0.4099
  Clean edges (n=149): mean score = 0.8792 ± 0.3001
  Mean difference: -0.4542
  Interpretation: Moderate - Judge scores moderately discriminate corruptions

MECHANISTIC
  Point-biserial correlation (r_pb): -0.4042
  P-value: 0.000000
  Significance: *** (highly significant)
  Corrupted edges (n=60): mean score = 0.4833 ± 0.2052
  Clean edges (n=149): mean score = 0.7718 ± 0.3261
  Mean difference: -0.2885
  Interpretation: Weak - Judge scores weakly discriminate corruptions

================================================================================
PROMPT COMPARISON TABLE
================================================================================
     Prompt  Precision   Recall  F1 Score  Accuracy
   BASELINE   0.672414 0.650000  0.661017  0.809524
        COT   0.656716 0.733333  0.692913  0.814286
MECHANISTIC   0.504505 0.933333  0.654971  0.719048

================================================================================
INTER-PROMPT AGREEMENT
================================================================================

BASELINE vs COT:
  Agreement Rate: 0.9143 (192/210)

BASELINE vs MECHANISTIC:
  Agreement Rate: 0.6476 (136/210)

COT vs MECHANISTIC:
  Agreement Rate: 0.6571 (138/210)

Full 3-way agreement:
  Agreement Rate: 0.6095 (128/210)

================================================================================
PROMPT PERFORMANCE RANKING
================================================================================

Ranked by F1 Score (Judge Accuracy):
  1. COT: F1=0.6929, Precision=0.6567, Recall=0.7333
  2. BASELINE: F1=0.6610, Precision=0.6724, Recall=0.6500
  3. MECHANISTIC: F1=0.6550, Precision=0.5045, Recall=0.9333

🏆 Best performing prompt: COT
   F1 Score: 0.6929

✓ Results saved to: /home/nitai/code/causalix.ai/final_runs/RQ1a_corruption_detection_correctness/depressive/run_3/analysis/prompt_variants_analysis.xlsx

Generating visualization...
✓ Plot saved to: /home/nitai/code/causalix.ai/final_runs/RQ1a_corruption_detection_correctness/depressive/run_3/analysis/prompt_variants_comparison.png

================================================================================
ANALYSIS COMPLETE
================================================================================
Results directory: /home/nitai/code/causalix.ai/final_runs/RQ1a_corruption_detection_correctness/depressive/run_3/analysis
  - prompt_variants_analysis.xlsx
  - prompt_variants_comparison.png

