/home/nitai/code/causalix.ai/data_science/parameter_tuning_experiments/analyze_prompt_variants_corrupted.py:623: UserWarning: set_ticklabels() should only be used with a fixed number of ticks, i.e. after set_ticks() or using a FixedLocator.
  ax1.set_xticklabels(prompts, rotation=15, ha='right')
================================================================================
RQ1: PROMPT VARIANTS ANALYSIS - CORRUPTED CLD
================================================================================
Analyzing 3 prompt variant(s):
  - BASELINE: judged_older_persons_emergency_department_visits_and_interactionstitled_spreadsheet_baseline_20251116_015254_20251116_015647.xlsx
  - COT: judged_older_persons_emergency_department_visits_and_interactionstitled_spreadsheet_cot_20251116_015814_20251116_020547.xlsx
  - MECHANISTIC: judged_older_persons_emergency_department_visits_and_interactionstitled_spreadsheet_mechanistic_20251116_020717_20251116_021236.xlsx

================================================================================
JUDGE PERFORMANCE ANALYSIS
================================================================================
Analyzing judge ability to detect synthetic corruptions...
Comparing judge verdicts (CORRECT/INCORRECT) against ground truth (Is Corrupted)


BASELINE
  File: judged_older_persons_emergency_department_visits_and_interactionstitled_spreadsheet_baseline_20251116_015254_20251116_015647.xlsx
  Dataset: 257 corrupted + 933 clean = 1190 edges
  Confusion Matrix:
    TP (Correctly flagged corrupted): 191
    TN (Correctly accepted clean):    867
    FP (Incorrectly flagged clean):   66
    FN (Missed corrupted):            66
  Metrics:
    Precision: 0.7432 (of flagged edges, % actually corrupted)
    Recall:    0.7432 (of corrupted edges, % detected)
    F1 Score:  0.7432 (harmonic mean)
    Accuracy:  0.8891 (overall % correct)

COT
  File: judged_older_persons_emergency_department_visits_and_interactionstitled_spreadsheet_cot_20251116_015814_20251116_020547.xlsx
  Dataset: 257 corrupted + 933 clean = 1190 edges
  Confusion Matrix:
    TP (Correctly flagged corrupted): 205
    TN (Correctly accepted clean):    863
    FP (Incorrectly flagged clean):   70
    FN (Missed corrupted):            52
  Metrics:
    Precision: 0.7455 (of flagged edges, % actually corrupted)
    Recall:    0.7977 (of corrupted edges, % detected)
    F1 Score:  0.7707 (harmonic mean)
    Accuracy:  0.8975 (overall % correct)

MECHANISTIC
  File: judged_older_persons_emergency_department_visits_and_interactionstitled_spreadsheet_mechanistic_20251116_020717_20251116_021236.xlsx
  Dataset: 257 corrupted + 933 clean = 1190 edges
  Confusion Matrix:
    TP (Correctly flagged corrupted): 248
    TN (Correctly accepted clean):    791
    FP (Incorrectly flagged clean):   142
    FN (Missed corrupted):            9
  Metrics:
    Precision: 0.6359 (of flagged edges, % actually corrupted)
    Recall:    0.9650 (of corrupted edges, % detected)
    F1 Score:  0.7666 (harmonic mean)
    Accuracy:  0.8731 (overall % correct)

================================================================================
CORRUPTION-SCORE CORRELATION ANALYSIS
================================================================================
Analyzing correlation between Is Corrupted (binary) and Aggregate Score (continuous)
Point-biserial correlation measures judge's ability to distinguish corrupted vs clean edges


BASELINE
  Point-biserial correlation (r_pb): -0.6050
  P-value: 0.000000
  Significance: *** (highly significant)
  Corrupted edges (n=257): mean score = 0.3833 ± 0.4169
  Clean edges (n=933): mean score = 0.9303 ± 0.2537
  Mean difference: -0.5471
  Interpretation: Moderate - Judge scores moderately discriminate corruptions

COT
  Point-biserial correlation (r_pb): -0.6140
  P-value: 0.000000
  Significance: *** (highly significant)
  Corrupted edges (n=257): mean score = 0.3755 ± 0.3854
  Clean edges (n=933): mean score = 0.9260 ± 0.2598
  Mean difference: -0.5506
  Interpretation: Moderate - Judge scores moderately discriminate corruptions

MECHANISTIC
  Point-biserial correlation (r_pb): -0.5319
  P-value: 0.000000
  Significance: *** (highly significant)
  Corrupted edges (n=257): mean score = 0.4144 ± 0.2306
  Clean edges (n=933): mean score = 0.8714 ± 0.3160
  Mean difference: -0.4570
  Interpretation: Moderate - Judge scores moderately discriminate corruptions

================================================================================
PROMPT COMPARISON TABLE
================================================================================
     Prompt  Precision   Recall  F1 Score  Accuracy
   BASELINE   0.743191 0.743191  0.743191  0.889076
        COT   0.745455 0.797665  0.770677  0.897479
MECHANISTIC   0.635897 0.964981  0.766615  0.873109

================================================================================
INTER-PROMPT AGREEMENT
================================================================================

BASELINE vs COT:
  Agreement Rate: 0.9538 (1135/1190)

BASELINE vs MECHANISTIC:
  Agreement Rate: 0.8218 (978/1190)

COT vs MECHANISTIC:
  Agreement Rate: 0.8370 (996/1190)

Full 3-way agreement:
  Agreement Rate: 0.8076 (961/1190)

================================================================================
PROMPT PERFORMANCE RANKING
================================================================================

Ranked by F1 Score (Judge Accuracy):
  1. COT: F1=0.7707, Precision=0.7455, Recall=0.7977
  2. MECHANISTIC: F1=0.7666, Precision=0.6359, Recall=0.9650
  3. BASELINE: F1=0.7432, Precision=0.7432, Recall=0.7432

🏆 Best performing prompt: COT
   F1 Score: 0.7707

✓ Results saved to: /home/nitai/code/causalix.ai/final_runs/RQ1a_corruption_detection_correctness/emergency_department/run_2/analysis/prompt_variants_analysis.xlsx

Generating visualization...
✓ Plot saved to: /home/nitai/code/causalix.ai/final_runs/RQ1a_corruption_detection_correctness/emergency_department/run_2/analysis/prompt_variants_comparison.png

================================================================================
ANALYSIS COMPLETE
================================================================================
Results directory: /home/nitai/code/causalix.ai/final_runs/RQ1a_corruption_detection_correctness/emergency_department/run_2/analysis
  - prompt_variants_analysis.xlsx
  - prompt_variants_comparison.png

