\BOOKMARK [0][-]{dummy.1}{\376\377\000D\000e\000c\000l\000a\000r\000a\000t\000i\000o\000n\000\040\000o\000f\000\040\000A\000u\000t\000h\000o\000r\000s\000h\000i\000p}{}% 1
\BOOKMARK [0][-]{dummy.2}{\376\377\000A\000b\000s\000t\000r\000a\000c\000t}{}% 2
\BOOKMARK [0][-]{dummy.3}{\376\377\000A\000c\000k\000n\000o\000w\000l\000e\000d\000g\000e\000m\000e\000n\000t\000s}{}% 3
\BOOKMARK [0][-]{dummy.4}{\376\377\000A\000b\000b\000r\000e\000v\000i\000a\000t\000i\000o\000n\000s}{}% 4
\BOOKMARK [0][-]{chapter.7}{\376\377\0001\000\040\000I\000n\000t\000r\000o\000d\000u\000c\000t\000i\000o\000n}{}% 5
\BOOKMARK [0][-]{chapter.17}{\376\377\0002\000\040\000B\000a\000c\000k\000g\000r\000o\000u\000n\000d}{}% 6
\BOOKMARK [1][-]{section.18}{\376\377\0002\000.\0001\000\040\000M\000o\000d\000e\000l\000l\000i\000n\000g\000,\000\040\000s\000i\000m\000u\000l\000a\000t\000i\000o\000n\000,\000\040\000a\000n\000d\000\040\000w\000h\000y\000\040\000c\000o\000n\000c\000e\000p\000t\000u\000a\000l\000\040\000v\000a\000l\000i\000d\000i\000t\000y\000\040\000m\000a\000t\000t\000e\000r\000s}{chapter.17}% 7
\BOOKMARK [2][-]{subsection.19}{\376\377\0002\000.\0001\000.\0001\000\040\000T\000h\000e\000\040\000r\000o\000l\000e\000\040\000o\000f\000\040\000s\000i\000m\000u\000l\000a\000t\000i\000o\000n\000s\000\040\000i\000n\000\040\000s\000c\000i\000e\000n\000c\000e\000.}{section.18}% 8
\BOOKMARK [2][-]{subsection.20}{\376\377\0002\000.\0001\000.\0002\000\040\000M\000o\000d\000e\000l\000\040\000a\000b\000s\000t\000r\000a\000c\000t\000i\000o\000n\000\040\000a\000n\000d\000\040\000c\000o\000m\000p\000u\000t\000a\000t\000i\000o\000n\000a\000l\000\040\000t\000r\000a\000d\000e\000-\000o\000f\000f\000s\000.}{section.18}% 9
\BOOKMARK [2][-]{subsection.21}{\376\377\0002\000.\0001\000.\0003\000\040\000G\000M\000B\000\040\000a\000s\000\040\000a\000\040\000f\000o\000u\000n\000d\000a\000t\000i\000o\000n\000\040\000f\000o\000r\000\040\000c\000o\000m\000p\000u\000t\000a\000t\000i\000o\000n\000a\000l\000\040\000m\000o\000d\000e\000l\000s\000.}{section.18}% 10
\BOOKMARK [1][-]{section.22}{\376\377\0002\000.\0002\000\040\000C\000a\000u\000s\000a\000l\000\040\000L\000o\000o\000p\000\040\000D\000i\000a\000g\000r\000a\000m\000s\000\040\000\050\000C\000L\000D\000s\000\051}{chapter.17}% 11
\BOOKMARK [2][-]{subsection.23}{\376\377\0002\000.\0002\000.\0001\000\040\000D\000e\000f\000i\000n\000i\000t\000i\000o\000n\000.}{section.22}% 12
\BOOKMARK [1][-]{section.24}{\376\377\0002\000.\0003\000\040\000G\000r\000o\000u\000p\000\040\000M\000o\000d\000e\000l\000\040\000B\000u\000i\000l\000d\000i\000n\000g\000\040\000\050\000G\000M\000B\000\051\000\040\000a\000n\000d\000\040\000t\000h\000e\000\040\000C\000L\000D\000-\000t\000o\000-\000C\000o\000m\000p\000u\000t\000a\000t\000i\000o\000n\000a\000l\000\040\000M\000o\000d\000e\000l\000\040\000P\000i\000p\000e\000l\000i\000n\000e}{chapter.17}% 13
\BOOKMARK [1][-]{section.32}{\376\377\0002\000.\0004\000\040\000L\000a\000r\000g\000e\000\040\000l\000a\000n\000g\000u\000a\000g\000e\000\040\000m\000o\000d\000e\000l\000\040\000\050\000L\000L\000M\000\051\000\040\000b\000a\000c\000k\000g\000r\000o\000u\000n\000d}{chapter.17}% 14
\BOOKMARK [2][-]{subsubsection.33}{\376\377\0002\000.\0004\000.\0000\000.\0001\000\040\000A\000r\000c\000h\000i\000t\000e\000c\000t\000u\000r\000a\000l\000\040\000d\000e\000t\000a\000i\000l\000s\000\040\000o\000f\000\040\000l\000a\000r\000g\000e\000\040\000l\000a\000n\000g\000u\000a\000g\000e\000\040\000m\000o\000d\000e\000l\000s}{section.32}% 15
\BOOKMARK [1][-]{section.55}{\376\377\0002\000.\0005\000\040\000H\000a\000l\000l\000u\000c\000i\000n\000a\000t\000i\000o\000n\000s\000\040\000i\000n\000\040\000L\000L\000M\000s\000\040\000\050\000g\000e\000n\000e\000r\000a\000l\000\051}{chapter.17}% 16
\BOOKMARK [2][-]{subsection.56}{\376\377\0002\000.\0005\000.\0001\000\040\000T\000a\000x\000o\000n\000o\000m\000y\000\040\000o\000f\000\040\000H\000a\000l\000l\000u\000c\000i\000n\000a\000t\000i\000o\000n\000s}{section.55}% 17
\BOOKMARK [2][-]{subsection.57}{\376\377\0002\000.\0005\000.\0002\000\040\000H\000a\000l\000l\000u\000c\000i\000n\000a\000t\000i\000o\000n\000\040\000M\000i\000t\000i\000g\000a\000t\000i\000o\000n\000\040\000M\000e\000t\000h\000o\000d\000s}{section.55}% 18
\BOOKMARK [3][-]{subsubsection.58}{\376\377\0002\000.\0005\000.\0002\000.\0001\000\040\000B\000l\000a\000c\000k\000-\000b\000o\000x\000\040\000m\000e\000t\000h\000o\000d\000s\000.}{subsection.57}% 19
\BOOKMARK [3][-]{subsubsection.59}{\376\377\0002\000.\0005\000.\0002\000.\0002\000\040\000W\000h\000i\000t\000e\000-\000b\000o\000x\000\040\000m\000e\000t\000h\000o\000d\000s\000.}{subsection.57}% 20
\BOOKMARK [0][-]{chapter.60}{\376\377\0003\000\040\000L\000i\000t\000e\000r\000a\000t\000u\000r\000e\000\040\000R\000e\000v\000i\000e\000w}{}% 21
\BOOKMARK [1][-]{section.61}{\376\377\0003\000.\0001\000\040\000S\000t\000a\000n\000d\000a\000r\000d\000\040\000C\000L\000D\000\040\000c\000o\000n\000s\000t\000r\000u\000c\000t\000i\000o\000n\000\040\000p\000a\000r\000a\000d\000i\000g\000m\000s}{chapter.60}% 22
\BOOKMARK [2][-]{subsection.62}{\376\377\0003\000.\0001\000.\0001\000\040\000P\000a\000r\000t\000i\000c\000i\000p\000a\000t\000o\000r\000y\000\040\000g\000r\000o\000u\000p\000\040\000m\000o\000d\000e\000l\000\040\000b\000u\000i\000l\000d\000i\000n\000g\000\040\000\050\000G\000M\000B\000\051}{section.61}% 23
\BOOKMARK [2][-]{subsection.63}{\376\377\0003\000.\0001\000.\0002\000\040\000L\000i\000t\000e\000r\000a\000t\000u\000r\000e\000-\000d\000r\000i\000v\000e\000n\000\040\000e\000x\000p\000e\000r\000t\000\040\000s\000y\000n\000t\000h\000e\000s\000i\000s}{section.61}% 24
\BOOKMARK [2][-]{subsection.64}{\376\377\0003\000.\0001\000.\0003\000\040\000H\000y\000b\000r\000i\000d\000\040\000w\000o\000r\000k\000f\000l\000o\000w\000s\000\040\000a\000n\000d\000\040\000p\000r\000o\000g\000r\000e\000s\000s\000i\000o\000n\000\040\000t\000o\000\040\000q\000u\000a\000n\000t\000i\000t\000a\000t\000i\000v\000e\000\040\000m\000o\000d\000e\000l\000s}{section.61}% 25
\BOOKMARK [1][-]{section.65}{\376\377\0003\000.\0002\000\040\000A\000u\000t\000o\000m\000a\000t\000e\000d\000\040\000C\000L\000D\000\040\000c\000o\000n\000s\000t\000r\000u\000c\000t\000i\000o\000n\000\040\000p\000a\000r\000a\000d\000i\000g\000m\000s\000\040\000\050\000t\000e\000x\000t\000-\000t\000o\000-\000C\000L\000D\000\040\000v\000s\000.\000\040\000g\000e\000n\000e\000r\000a\000t\000i\000o\000n\000\051}{chapter.60}% 26
\BOOKMARK [1][-]{section.66}{\376\377\0003\000.\0003\000\040\000L\000L\000M\000-\000B\000a\000s\000e\000d\000\040\000C\000a\000u\000s\000a\000l\000\040\000L\000o\000o\000p\000\040\000D\000i\000a\000g\000r\000a\000m\000\040\000G\000e\000n\000e\000r\000a\000t\000i\000o\000n}{chapter.60}% 27
\BOOKMARK [2][-]{subsection.67}{\376\377\0003\000.\0003\000.\0001\000\040\000F\000r\000o\000m\000\040\000L\000L\000M\000-\000P\000o\000w\000e\000r\000e\000d\000\040\000C\000a\000u\000s\000a\000l\000\040\000P\000a\000t\000t\000e\000r\000n\000\040\000M\000a\000t\000c\000h\000i\000n\000g\000\040\000t\000o\000\040\000C\000a\000u\000s\000a\000l\000\040\000L\000o\000o\000p\000\040\000D\000i\000a\000g\000r\000a\000m\000s}{section.66}% 28
\BOOKMARK [3][-]{subsubsection.68}{\376\377\0003\000.\0003\000.\0001\000.\0001\000\040\000P\000o\000s\000i\000t\000i\000o\000n\000i\000n\000g\000\040\000o\000f\000\040\000t\000h\000i\000s\000\040\000t\000h\000e\000s\000i\000s}{subsection.67}% 29
\BOOKMARK [2][-]{subsection.69}{\376\377\0003\000.\0003\000.\0002\000\040\000C\000a\000u\000s\000a\000l\000\040\000p\000a\000r\000r\000o\000t\000s\000:\000\040\000p\000a\000t\000t\000e\000r\000n\000\040\000r\000e\000t\000r\000i\000e\000v\000a\000l\000\040\000v\000e\000r\000s\000u\000s\000\040\000g\000e\000n\000u\000i\000n\000e\000\040\000r\000e\000a\000s\000o\000n\000i\000n\000g}{section.66}% 30
\BOOKMARK [1][-]{section.70}{\376\377\0003\000.\0004\000\040\000H\000o\000w\000\040\000H\000a\000l\000l\000u\000c\000i\000n\000a\000t\000i\000o\000n\000s\000\040\000M\000a\000n\000i\000f\000e\000s\000t\000\040\000i\000n\000\040\000C\000a\000u\000s\000a\000l\000\040\000S\000t\000r\000u\000c\000t\000u\000r\000e\000\040\000G\000e\000n\000e\000r\000a\000t\000i\000o\000n}{chapter.60}% 31
\BOOKMARK [2][-]{subsubsection.71}{\376\377\0003\000.\0004\000.\0000\000.\0001\000\040\000F\000o\000r\000m\000a\000l\000\040\000C\000L\000D\000\040\000H\000a\000l\000l\000u\000c\000i\000n\000a\000t\000i\000o\000n\000\040\000T\000a\000x\000o\000n\000o\000m\000i\000e\000s}{section.70}% 32
\BOOKMARK [2][-]{subsection.73}{\376\377\0003\000.\0004\000.\0001\000\040\000C\000L\000D\000\040\000H\000a\000l\000l\000u\000c\000i\000n\000a\000t\000i\000o\000n\000\040\000M\000i\000t\000i\000g\000a\000t\000i\000o\000n\000\040\000A\000p\000p\000r\000o\000a\000c\000h\000e\000s}{section.70}% 33
\BOOKMARK [3][-]{subsubsection.74}{\376\377\0003\000.\0004\000.\0001\000.\0001\000\040\000R\000A\000G\000\040\000a\000n\000d\000\040\000t\000h\000e\000\040\000c\000o\000n\000s\000t\000r\000a\000i\000n\000t\000s\000\040\000o\000f\000\040\000c\000o\000r\000p\000u\000s\000\040\000d\000e\000p\000e\000n\000d\000e\000n\000c\000e}{subsection.73}% 34
\BOOKMARK [3][-]{subsubsection.75}{\376\377\0003\000.\0004\000.\0001\000.\0002\000\040\000A\000r\000g\000u\000i\000n\000g\000\040\000f\000o\000r\000\040\000c\000o\000r\000p\000u\000s\000\040\000i\000n\000d\000e\000p\000e\000n\000d\000e\000n\000c\000e\000\040\000f\000r\000o\000m\000\040\000a\000\040\000p\000r\000a\000c\000t\000i\000c\000a\000l\000i\000t\000y\000\040\000s\000t\000a\000n\000d\000p\000o\000i\000n\000t}{subsection.73}% 35
\BOOKMARK [2][-]{subsection.76}{\376\377\0003\000.\0004\000.\0002\000\040\000C\000o\000m\000p\000a\000r\000i\000s\000o\000n\000\040\000o\000f\000\040\000L\000L\000M\000-\000B\000a\000s\000e\000d\000\040\000C\000L\000D\000\040\000A\000p\000p\000r\000o\000a\000c\000h\000e\000s}{section.70}% 36
\BOOKMARK [1][-]{section.78}{\376\377\0003\000.\0005\000\040\000P\000r\000o\000m\000p\000t\000i\000n\000g\000\040\000s\000t\000r\000a\000t\000e\000g\000i\000e\000s\000\040\000f\000o\000r\000\040\000L\000L\000M\000-\000b\000a\000s\000e\000d\000\040\000c\000a\000u\000s\000a\000l\000\040\000r\000e\000a\000s\000o\000n\000i\000n\000g}{chapter.60}% 37
\BOOKMARK [2][-]{subsection.79}{\376\377\0003\000.\0005\000.\0001\000\040\000D\000o\000m\000i\000n\000a\000n\000t\000\040\000P\000r\000o\000m\000p\000t\000i\000n\000g\000\040\000P\000a\000r\000a\000d\000i\000g\000m\000s\000.}{section.78}% 38
\BOOKMARK [2][-]{subsection.80}{\376\377\0003\000.\0005\000.\0002\000\040\000F\000e\000w\000-\000S\000h\000o\000t\000\040\000P\000r\000o\000m\000p\000t\000i\000n\000g\000.}{section.78}% 39
\BOOKMARK [2][-]{subsection.81}{\376\377\0003\000.\0005\000.\0003\000\040\000C\000h\000a\000i\000n\000-\000o\000f\000-\000T\000h\000o\000u\000g\000h\000t\000\040\000\050\000C\000o\000T\000\051\000\040\000P\000r\000o\000m\000p\000t\000i\000n\000g\000.}{section.78}% 40
\BOOKMARK [2][-]{subsection.82}{\376\377\0003\000.\0005\000.\0004\000\040\000R\000o\000l\000e\000-\000B\000a\000s\000e\000d\000\040\000P\000r\000o\000m\000p\000t\000i\000n\000g\000.}{section.78}% 41
\BOOKMARK [2][-]{subsection.83}{\376\377\0003\000.\0005\000.\0005\000\040\000P\000r\000o\000m\000p\000t\000i\000n\000g\000\040\000i\000n\000\040\000C\000a\000u\000s\000a\000l\000\040\000D\000i\000s\000c\000o\000v\000e\000r\000y\000\040\000C\000o\000n\000t\000e\000x\000t\000s\000.}{section.78}% 42
\BOOKMARK [2][-]{subsection.84}{\376\377\0003\000.\0005\000.\0006\000\040\000P\000r\000o\000m\000p\000t\000i\000n\000g\000\040\000f\000o\000r\000\040\000H\000a\000l\000l\000u\000c\000i\000n\000a\000t\000i\000o\000n\000\040\000D\000e\000t\000e\000c\000t\000i\000o\000n\000\040\000a\000n\000d\000\040\000C\000o\000r\000r\000e\000c\000t\000i\000o\000n\000.}{section.78}% 43
\BOOKMARK [2][-]{subsection.85}{\376\377\0003\000.\0005\000.\0007\000\040\000B\000r\000a\000d\000f\000o\000r\000d\000\040\000H\000i\000l\000l\000\040\000C\000r\000i\000t\000e\000r\000i\000a\000\040\000\050\000B\000H\000C\000\051\000\040\000a\000s\000\040\000a\000\040\000P\000r\000o\000m\000p\000t\000i\000n\000g\000\040\000F\000r\000a\000m\000e\000w\000o\000r\000k\000.}{section.78}% 44
\BOOKMARK [2][-]{subsection.86}{\376\377\0003\000.\0005\000.\0008\000\040\000A\000p\000p\000l\000i\000c\000a\000t\000i\000o\000n\000\040\000t\000o\000\040\000J\000u\000d\000g\000e\000\040\000a\000n\000d\000\040\000C\000o\000r\000r\000e\000c\000t\000o\000r\000\040\000R\000o\000l\000e\000s\000.}{section.78}% 45
\BOOKMARK [2][-]{subsection.87}{\376\377\0003\000.\0005\000.\0009\000\040\000L\000L\000M\000-\000a\000s\000-\000a\000-\000J\000u\000d\000g\000e\000.}{section.78}% 46
\BOOKMARK [2][-]{subsection.91}{\376\377\0003\000.\0005\000.\0001\0000\000\040\000L\000L\000M\000-\000a\000s\000-\000a\000-\000C\000o\000r\000r\000e\000c\000t\000o\000r\000.}{section.78}% 47
\BOOKMARK [1][-]{section.95}{\376\377\0003\000.\0006\000\040\000L\000L\000M\000-\000a\000s\000-\000a\000-\000J\000u\000d\000g\000e\000:\000\040\000A\000u\000t\000o\000m\000a\000t\000e\000d\000\040\000E\000v\000a\000l\000u\000a\000t\000i\000o\000n\000\040\000o\000f\000\040\000L\000L\000M\000\040\000O\000u\000t\000p\000u\000t\000s}{chapter.60}% 48
\BOOKMARK [2][-]{subsection.96}{\376\377\0003\000.\0006\000.\0001\000\040\000F\000o\000u\000n\000d\000a\000t\000i\000o\000n\000s\000\040\000a\000n\000d\000\040\000E\000m\000p\000i\000r\000i\000c\000a\000l\000\040\000V\000a\000l\000i\000d\000a\000t\000i\000o\000n}{section.95}% 49
\BOOKMARK [2][-]{subsection.97}{\376\377\0003\000.\0006\000.\0002\000\040\000S\000y\000s\000t\000e\000m\000a\000t\000i\000c\000\040\000B\000i\000a\000s\000e\000s\000\040\000i\000n\000\040\000L\000L\000M\000\040\000J\000u\000d\000g\000e\000s}{section.95}% 50
\BOOKMARK [2][-]{subsection.98}{\376\377\0003\000.\0006\000.\0003\000\040\000E\000v\000a\000l\000u\000a\000t\000i\000o\000n\000\040\000M\000o\000d\000e\000s\000:\000\040\000P\000o\000i\000n\000t\000w\000i\000s\000e\000\040\000v\000s\000.\000\040\000P\000a\000i\000r\000w\000i\000s\000e}{section.95}% 51
\BOOKMARK [2][-]{subsection.100}{\376\377\0003\000.\0006\000.\0004\000\040\000L\000L\000M\000-\000a\000s\000-\000a\000-\000C\000o\000r\000r\000e\000c\000t\000o\000r\000:\000\040\000B\000e\000y\000o\000n\000d\000\040\000D\000e\000t\000e\000c\000t\000i\000o\000n\000\040\000t\000o\000\040\000R\000e\000m\000e\000d\000i\000a\000t\000i\000o\000n}{section.95}% 52
\BOOKMARK [2][-]{subsection.102}{\376\377\0003\000.\0006\000.\0005\000\040\000I\000m\000p\000l\000i\000c\000a\000t\000i\000o\000n\000s\000\040\000f\000o\000r\000\040\000C\000L\000D\000\040\000H\000a\000l\000l\000u\000c\000i\000n\000a\000t\000i\000o\000n\000\040\000D\000e\000t\000e\000c\000t\000i\000o\000n}{section.95}% 53
\BOOKMARK [2][-]{subsection.109}{\376\377\0003\000.\0006\000.\0006\000\040\000L\000i\000m\000i\000t\000a\000t\000i\000o\000n\000s}{section.95}% 54
\BOOKMARK [1][-]{section.110}{\376\377\0003\000.\0007\000\040\000L\000o\000g\000p\000r\000o\000b\000\040\000U\000n\000c\000e\000r\000t\000a\000i\000n\000t\000y\000\040\000Q\000u\000a\000n\000t\000i\000f\000i\000c\000a\000t\000i\000o\000n\000\040\000\050\000L\000U\000Q\000\051\000\040\000M\000e\000t\000r\000i\000c\000s\000\040\000f\000o\000r\000\040\000H\000a\000l\000l\000u\000c\000i\000n\000a\000t\000i\000o\000n\000\040\000D\000e\000t\000e\000c\000t\000i\000o\000n}{chapter.60}% 55
\BOOKMARK [2][-]{subsection.111}{\376\377\0003\000.\0007\000.\0001\000\040\000T\000h\000e\000\040\000U\000n\000c\000e\000r\000t\000a\000i\000n\000t\000y\040\023\000H\000a\000l\000l\000u\000c\000i\000n\000a\000t\000i\000o\000n\000\040\000L\000i\000n\000k\000.}{section.110}% 56
\BOOKMARK [2][-]{subsection.112}{\376\377\0003\000.\0007\000.\0002\000\040\000L\000U\000Q\000\040\000M\000e\000t\000r\000i\000c\000s\000:\000\040\000F\000r\000o\000m\000\040\000S\000e\000q\000u\000e\000n\000c\000e\000\040\000t\000o\000\040\000T\000o\000k\000e\000n\000\040\000G\000r\000a\000n\000u\000l\000a\000r\000i\000t\000y}{section.110}% 57
\BOOKMARK [3][-]{subsubsection.113}{\376\377\0003\000.\0007\000.\0002\000.\0001\000\040\000P\000e\000r\000p\000l\000e\000x\000i\000t\000y\000\040\000\050\000S\000e\000q\000u\000e\000n\000c\000e\000-\000L\000e\000v\000e\000l\000\051\000.}{subsection.112}% 58
\BOOKMARK [3][-]{subsubsection.115}{\376\377\0003\000.\0007\000.\0002\000.\0002\000\040\000M\000a\000x\000i\000m\000u\000m\000\040\000W\000i\000n\000d\000o\000w\000\040\000E\000n\000t\000r\000o\000p\000y\000\040\000\050\000S\000u\000b\000s\000e\000q\000u\000e\000n\000c\000e\000-\000L\000e\000v\000e\000l\000\051\000.}{subsection.112}% 59
\BOOKMARK [3][-]{subsubsection.118}{\376\377\0003\000.\0007\000.\0002\000.\0003\000\040\000M\000i\000n\000i\000m\000u\000m\000\040\000P\000r\000o\000b\000a\000b\000i\000l\000i\000t\000y\000\040\000\050\000T\000o\000k\000e\000n\000-\000L\000e\000v\000e\000l\000\051\000.}{subsection.112}% 60
\BOOKMARK [2][-]{subsection.120}{\376\377\0003\000.\0007\000.\0003\000\040\000W\000o\000r\000k\000e\000d\000\040\000E\000x\000a\000m\000p\000l\000e\000:\000\040\000A\000p\000p\000l\000y\000i\000n\000g\000\040\000L\000U\000Q\000\040\000M\000e\000t\000r\000i\000c\000s}{section.110}% 61
\BOOKMARK [2][-]{subsection.122}{\376\377\0003\000.\0007\000.\0004\000\040\000T\000y\000p\000e\000s\000\040\000o\000f\000\040\000U\000n\000c\000e\000r\000t\000a\000i\000n\000t\000y\000\040\000i\000n\000\040\000t\000h\000e\000\040\000L\000o\000g\000p\000r\000o\000b\000\040\000S\000i\000g\000n\000a\000l}{section.110}% 62
\BOOKMARK [3][-]{subsubsection.123}{\376\377\0003\000.\0007\000.\0004\000.\0001\000\040\000U\000n\000c\000e\000r\000t\000a\000i\000n\000t\000y\000\040\000s\000o\000u\000r\000c\000e\000s\000\040\000i\000n\000\040\000a\000u\000t\000o\000r\000e\000g\000r\000e\000s\000s\000i\000v\000e\000\040\000g\000e\000n\000e\000r\000a\000t\000i\000o\000n\000.}{subsection.122}% 63
\BOOKMARK [3][-]{subsubsection.124}{\376\377\0003\000.\0007\000.\0004\000.\0002\000\040\000A\000l\000e\000a\000t\000o\000r\000i\000c\000\040\000U\000n\000c\000e\000r\000t\000a\000i\000n\000t\000y\000\040\000\050\000D\000a\000t\000a\000\040\000U\000n\000c\000e\000r\000t\000a\000i\000n\000t\000y\000\051\000.}{subsection.122}% 64
\BOOKMARK [3][-]{subsubsection.125}{\376\377\0003\000.\0007\000.\0004\000.\0003\000\040\000E\000p\000i\000s\000t\000e\000m\000i\000c\000\040\000U\000n\000c\000e\000r\000t\000a\000i\000n\000t\000y\000\040\000\050\000M\000o\000d\000e\000l\000\040\000U\000n\000c\000e\000r\000t\000a\000i\000n\000t\000y\000\051\000.}{subsection.122}% 65
\BOOKMARK [2][-]{subsection.126}{\376\377\0003\000.\0007\000.\0005\000\040\000L\000i\000m\000i\000t\000a\000t\000i\000o\000n\000s\000\040\000o\000f\000\040\000L\000U\000Q\000\040\000M\000e\000t\000r\000i\000c\000s}{section.110}% 66
\BOOKMARK [1][-]{section.127}{\376\377\0003\000.\0008\000\040\000E\000m\000b\000e\000d\000d\000i\000n\000g\000-\000B\000a\000s\000e\000d\000\040\000G\000r\000o\000u\000n\000d\000i\000n\000g\000\040\000M\000e\000t\000r\000i\000c\000s}{chapter.60}% 67
\BOOKMARK [2][-]{subsection.129}{\376\377\0003\000.\0008\000.\0001\000\040\000D\000e\000s\000i\000g\000n\000\040\000c\000h\000o\000i\000c\000e\000s\000:\000\040\000r\000e\000f\000e\000r\000e\000n\000c\000e\000\040\000t\000e\000x\000t\000\040\000a\000n\000d\000\040\000i\000n\000p\000u\000t\000/\000q\000u\000e\000r\000y\000\040\000t\000e\000x\000t\000.}{section.127}% 68
\BOOKMARK [2][-]{subsection.130}{\376\377\0003\000.\0008\000.\0002\000\040\000R\000e\000t\000r\000i\000e\000v\000a\000l\000-\000A\000u\000g\000m\000e\000n\000t\000e\000d\000\040\000G\000e\000n\000e\000r\000a\000t\000i\000o\000n}{section.127}% 69
\BOOKMARK [2][-]{subsection.132}{\376\377\0003\000.\0008\000.\0003\000\040\000L\000i\000m\000i\000t\000a\000t\000i\000o\000n\000s\000\040\000o\000f\000\040\000R\000e\000t\000r\000i\000e\000v\000a\000l\000-\000C\000o\000n\000s\000t\000r\000a\000i\000n\000e\000d\000\040\000G\000e\000n\000e\000r\000a\000t\000i\000o\000n}{section.127}% 70
\BOOKMARK [2][-]{subsection.133}{\376\377\0003\000.\0008\000.\0004\000\040\000A\000\040\000H\000y\000b\000r\000i\000d\000\040\000A\000p\000p\000r\000o\000a\000c\000h\000:\000\040\000G\000e\000n\000e\000r\000a\000t\000e\000-\000t\000h\000e\000n\000-\000S\000e\000a\000r\000c\000h}{section.127}% 71
\BOOKMARK [2][-]{subsection.137}{\376\377\0003\000.\0008\000.\0005\000\040\000L\000i\000m\000i\000t\000a\000t\000i\000o\000n\000s\000\040\000o\000f\000\040\000t\000h\000e\000\040\000H\000y\000b\000r\000i\000d\000\040\000A\000p\000p\000r\000o\000a\000c\000h}{section.127}% 72
\BOOKMARK [1][-]{section.138}{\376\377\0003\000.\0009\000\040\000S\000y\000n\000t\000h\000e\000s\000i\000s\000:\000\040\000I\000n\000t\000e\000g\000r\000a\000t\000i\000n\000g\000\040\000U\000n\000c\000e\000r\000t\000a\000i\000n\000t\000y\000\040\000Q\000u\000a\000n\000t\000i\000f\000i\000c\000a\000t\000i\000o\000n\000\040\000A\000p\000p\000r\000o\000a\000c\000h\000e\000s}{chapter.60}% 73
\BOOKMARK [1][-]{section.139}{\376\377\0003\000.\0001\0000\000\040\000T\000e\000s\000t\000-\000t\000i\000m\000e\000\040\000c\000o\000m\000p\000u\000t\000e\000\040\000a\000n\000d\000\040\000m\000u\000l\000t\000i\000-\000a\000g\000e\000n\000t\000\040\000v\000a\000l\000i\000d\000a\000t\000i\000o\000n}{chapter.60}% 74
\BOOKMARK [2][-]{subsection.140}{\376\377\0003\000.\0001\0000\000.\0001\000\040\000S\000e\000r\000i\000a\000l\000\040\000C\000o\000m\000p\000u\000t\000e\000:\000\040\000I\000t\000e\000r\000a\000t\000i\000v\000e\000\040\000R\000e\000f\000i\000n\000e\000m\000e\000n\000t}{section.139}% 75
\BOOKMARK [3][-]{subsubsection.141}{\376\377\0003\000.\0001\0000\000.\0001\000.\0001\000\040\000R\000e\000A\000c\000t\000:\000\040\000R\000e\000a\000s\000o\000n\000i\000n\000g\000\040\000a\000n\000d\000\040\000A\000c\000t\000i\000n\000g\000.}{subsection.140}% 76
\BOOKMARK [3][-]{subsubsection.142}{\376\377\0003\000.\0001\0000\000.\0001\000.\0002\000\040\000M\000u\000l\000t\000i\000-\000A\000g\000e\000n\000t\000\040\000D\000e\000b\000a\000t\000e\000.}{subsection.140}% 77
\BOOKMARK [3][-]{subsubsection.143}{\376\377\0003\000.\0001\0000\000.\0001\000.\0003\000\040\000C\000h\000a\000i\000n\000-\000o\000f\000-\000V\000e\000r\000i\000f\000i\000c\000a\000t\000i\000o\000n\000\040\000\050\000C\000o\000V\000e\000\051\000.}{subsection.140}% 78
\BOOKMARK [3][-]{subsubsection.144}{\376\377\0003\000.\0001\0000\000.\0001\000.\0004\000\040\000M\000i\000s\000c\000o\000n\000c\000e\000p\000t\000i\000o\000n\000\040\000R\000e\000f\000u\000t\000a\000t\000i\000o\000n\000\040\000\050\000M\000R\000\051\000.}{subsection.140}% 79
\BOOKMARK [2][-]{subsection.145}{\376\377\0003\000.\0001\0000\000.\0002\000\040\000P\000a\000r\000a\000l\000l\000e\000l\000\040\000C\000o\000m\000p\000u\000t\000e\000:\000\040\000S\000a\000m\000p\000l\000i\000n\000g\000\040\000a\000n\000d\000\040\000S\000e\000l\000e\000c\000t\000i\000o\000n}{section.139}% 80
\BOOKMARK [3][-]{subsubsection.146}{\376\377\0003\000.\0001\0000\000.\0002\000.\0001\000\040\000S\000e\000l\000f\000-\000C\000o\000n\000s\000i\000s\000t\000e\000n\000c\000y\000.}{subsection.145}% 81
\BOOKMARK [3][-]{subsubsection.147}{\376\377\0003\000.\0001\0000\000.\0002\000.\0002\000\040\000B\000e\000s\000t\000-\000o\000f\000-\000N\000\040\000S\000a\000m\000p\000l\000i\000n\000g\000.}{subsection.145}% 82
\BOOKMARK [2][-]{subsection.148}{\376\377\0003\000.\0001\0000\000.\0003\000\040\000A\000d\000a\000p\000t\000i\000v\000e\000\040\000C\000o\000m\000p\000u\000t\000e\000\040\000A\000l\000l\000o\000c\000a\000t\000i\000o\000n}{section.139}% 83
\BOOKMARK [1][-]{section.149}{\376\377\0003\000.\0001\0001\000\040\000S\000y\000n\000t\000h\000e\000s\000i\000s\000\040\000a\000n\000d\000\040\000b\000r\000i\000d\000g\000e\000\040\000t\000o\000\040\000m\000e\000t\000h\000o\000d\000s}{chapter.60}% 84
\BOOKMARK [0][-]{chapter.150}{\376\377\0004\000\040\000S\000y\000s\000t\000e\000m\000\040\000A\000r\000c\000h\000i\000t\000e\000c\000t\000u\000r\000e}{}% 85
\BOOKMARK [1][-]{section.151}{\376\377\0004\000.\0001\000\040\000P\000i\000p\000e\000l\000i\000n\000e\000\040\000O\000v\000e\000r\000v\000i\000e\000w}{chapter.150}% 86
\BOOKMARK [1][-]{section.153}{\376\377\0004\000.\0002\000\040\000G\000e\000n\000e\000r\000a\000t\000o\000r}{chapter.150}% 87
\BOOKMARK [2][-]{subsection.154}{\376\377\0004\000.\0002\000.\0001\000\040\000G\000e\000n\000e\000r\000a\000t\000o\000r\000\040\000i\000m\000p\000l\000e\000m\000e\000n\000t\000a\000t\000i\000o\000n}{section.153}% 88
\BOOKMARK [2][-]{subsection.156}{\376\377\0004\000.\0002\000.\0002\000\040\000U\000Q\000\040\000m\000e\000t\000r\000i\000c\000s\000\040\000i\000m\000p\000l\000e\000m\000e\000n\000t\000a\000t\000i\000o\000n}{section.153}% 89
\BOOKMARK [1][-]{section.157}{\376\377\0004\000.\0003\000\040\000C\000o\000r\000r\000u\000p\000t\000o\000r\000\040\000\050\000S\000y\000n\000t\000h\000e\000t\000i\000c\000\040\000c\000o\000r\000r\000u\000p\000t\000i\000o\000n\000\040\000f\000o\000r\000\040\000G\000T\000\040\000S\000y\000n\000t\000h\000\051}{chapter.150}% 90
\BOOKMARK [1][-]{section.158}{\376\377\0004\000.\0004\000\040\000J\000u\000d\000g\000e\000s}{chapter.150}% 91
\BOOKMARK [2][-]{subsection.159}{\376\377\0004\000.\0004\000.\0001\000\040\000D\000e\000s\000i\000g\000n\000\040\000r\000a\000t\000i\000o\000n\000a\000l\000e\000:\000\040\000L\000L\000M\000-\000a\000s\000-\000a\000-\000J\000u\000d\000g\000e}{section.158}% 92
\BOOKMARK [2][-]{subsection.162}{\376\377\0004\000.\0004\000.\0002\000\040\000C\000o\000r\000r\000e\000c\000t\000n\000e\000s\000s\000\040\000J\000u\000d\000g\000e\000\040\000i\000m\000p\000l\000e\000m\000e\000n\000t\000a\000t\000i\000o\000n}{section.158}% 93
\BOOKMARK [2][-]{subsection.166}{\376\377\0004\000.\0004\000.\0003\000\040\000C\000i\000t\000a\000t\000i\000o\000n\000\040\000J\000u\000d\000g\000e\000\040\000i\000m\000p\000l\000e\000m\000e\000n\000t\000a\000t\000i\000o\000n}{section.158}% 94
\BOOKMARK [1][-]{section.171}{\376\377\0004\000.\0005\000\040\000C\000i\000t\000a\000t\000i\000o\000n\000\040\000S\000e\000a\000r\000c\000h\000\040\000\050\000B\000r\000a\000v\000e\000\051}{chapter.150}% 95
\BOOKMARK [1][-]{section.172}{\376\377\0004\000.\0006\000\040\000C\000o\000r\000r\000e\000c\000t\000o\000r}{chapter.150}% 96
\BOOKMARK [2][-]{subsection.173}{\376\377\0004\000.\0006\000.\0001\000\040\000D\000e\000s\000i\000g\000n\000\040\000r\000a\000t\000i\000o\000n\000a\000l\000e\000:\000\040\000L\000L\000M\000-\000a\000s\000-\000a\000-\000C\000o\000r\000r\000e\000c\000t\000o\000r}{section.172}% 97
\BOOKMARK [2][-]{subsection.174}{\376\377\0004\000.\0006\000.\0002\000\040\000C\000o\000r\000r\000e\000c\000t\000o\000r\000\040\000i\000m\000p\000l\000e\000m\000e\000n\000t\000a\000t\000i\000o\000n}{section.172}% 98
\BOOKMARK [1][-]{section.176}{\376\377\0004\000.\0007\000\040\000D\000e\000e\000p\000\040\000R\000e\000s\000e\000a\000r\000c\000h\000\040\000S\000y\000s\000t\000e\000m}{chapter.150}% 99
\BOOKMARK [2][-]{subsection.177}{\376\377\0004\000.\0007\000.\0001\000\040\000D\000e\000s\000i\000g\000n\000\040\000r\000a\000t\000i\000o\000n\000a\000l\000e\000:\000\040\000D\000e\000e\000p\000\040\000R\000e\000s\000e\000a\000r\000c\000h}{section.176}% 100
\BOOKMARK [2][-]{subsection.178}{\376\377\0004\000.\0007\000.\0002\000\040\000D\000e\000e\000p\000\040\000R\000e\000s\000e\000a\000r\000c\000h\000\040\000i\000m\000p\000l\000e\000m\000e\000n\000t\000a\000t\000i\000o\000n}{section.176}% 101
\BOOKMARK [0][-]{chapter.180}{\376\377\0005\000\040\000E\000x\000p\000e\000r\000i\000m\000e\000n\000t\000a\000l\000\040\000D\000a\000t\000a}{}% 102
\BOOKMARK [1][-]{section.181}{\376\377\0005\000.\0001\000\040\000E\000v\000a\000l\000u\000a\000t\000i\000o\000n\000\040\000D\000a\000t\000a\000s\000e\000t\000s\000\040\000\050\000G\000T\000\040\000L\000i\000t\000,\000\040\000L\000L\000M\000\040\000P\000r\000e\000d\000i\000c\000t\000i\000o\000n\000s\000,\000\040\000G\000T\000\040\000S\000y\000n\000t\000h\000\051}{chapter.180}% 103
\BOOKMARK [1][-]{section.182}{\376\377\0005\000.\0002\000\040\000V\000a\000l\000i\000d\000a\000t\000i\000o\000n\000\040\000a\000n\000d\000\040\000A\000u\000x\000i\000l\000i\000a\000r\000y\000\040\000D\000a\000t\000a\000s\000e\000t\000s}{chapter.180}% 104
\BOOKMARK [1][-]{section.188}{\376\377\0005\000.\0003\000\040\000C\000L\000D\000\040\000D\000o\000m\000a\000i\000n\000s}{chapter.180}% 105
\BOOKMARK [1][-]{section.192}{\376\377\0005\000.\0004\000\040\000C\000o\000n\000t\000e\000x\000t\000\040\000P\000a\000r\000a\000m\000e\000t\000e\000r\000s\000\040\000f\000o\000r\000\040\000L\000L\000M\000\040\000G\000e\000n\000e\000r\000a\000t\000i\000o\000n}{chapter.180}% 106
\BOOKMARK [1][-]{section.194}{\376\377\0005\000.\0005\000\040\000C\000L\000D\000\040\000S\000e\000l\000e\000c\000t\000i\000o\000n\000\040\000R\000a\000t\000i\000o\000n\000a\000l\000e}{chapter.180}% 107
\BOOKMARK [1][-]{section.195}{\376\377\0005\000.\0006\000\040\000E\000d\000g\000e\000\040\000S\000t\000r\000u\000c\000t\000u\000r\000e}{chapter.180}% 108
\BOOKMARK [0][-]{chapter.199}{\376\377\0006\000\040\000E\000x\000p\000e\000r\000i\000m\000e\000n\000t\000a\000l\000\040\000D\000e\000s\000i\000g\000n}{}% 109
\BOOKMARK [1][-]{section.200}{\376\377\0006\000.\0001\000\040\000I\000n\000p\000u\000t\000\040\000a\000n\000d\000\040\000S\000c\000o\000p\000e}{chapter.199}% 110
\BOOKMARK [1][-]{section.203}{\376\377\0006\000.\0002\000\040\000H\000a\000l\000l\000u\000c\000i\000n\000a\000t\000i\000o\000n\000\040\000O\000p\000e\000r\000a\000t\000i\000o\000n\000a\000l\000i\000s\000a\000t\000i\000o\000n}{chapter.199}% 111
\BOOKMARK [1][-]{section.205}{\376\377\0006\000.\0003\000\040\000C\000h\000a\000p\000t\000e\000r\000\040\000O\000v\000e\000r\000v\000i\000e\000w}{chapter.199}% 112
\BOOKMARK [1][-]{section.207}{\376\377\0006\000.\0004\000\040\000E\000x\000p\000e\000r\000i\000m\000e\000n\000t\000a\000l\000\040\000D\000e\000s\000i\000g\000n\000\040\000F\000r\000a\000m\000e\000w\000o\000r\000k}{chapter.199}% 113
\BOOKMARK [1][-]{section.212}{\376\377\0006\000.\0005\000\040\000M\000e\000t\000r\000i\000c\000s}{chapter.199}% 114
\BOOKMARK [2][-]{subsection.213}{\376\377\0006\000.\0005\000.\0001\000\040\000R\000Q\0001\000a\000\040\000M\000e\000t\000r\000i\000c\000s\000\040\000\050\000J\000u\000d\000g\000e\000s\000\051}{section.212}% 115
\BOOKMARK [2][-]{subsection.221}{\376\377\0006\000.\0005\000.\0002\000\040\000R\000Q\0001\000b\000\040\000M\000e\000t\000r\000i\000c\000s\000\040\000\050\000C\000o\000r\000r\000e\000c\000t\000o\000r\000\051}{section.212}% 116
\BOOKMARK [2][-]{subsection.223}{\376\377\0006\000.\0005\000.\0003\000\040\000R\000Q\0002\000\040\000M\000e\000t\000r\000i\000c\000s\000\040\000\050\000U\000n\000c\000e\000r\000t\000a\000i\000n\000t\000y\000\040\000Q\000u\000a\000n\000t\000i\000f\000i\000c\000a\000t\000i\000o\000n\000\051}{section.212}% 117
\BOOKMARK [2][-]{subsection.228}{\376\377\0006\000.\0005\000.\0004\000\040\000R\000Q\0003\000\040\000M\000e\000t\000r\000i\000c\000s\000\040\000\050\000D\000e\000e\000p\000\040\000R\000e\000s\000e\000a\000r\000c\000h\000\051}{section.212}% 118
\BOOKMARK [2][-]{subsection.230}{\376\377\0006\000.\0005\000.\0005\000\040\000V\000a\000l\000i\000d\000a\000t\000i\000o\000n\000\040\000a\000n\000d\000\040\000A\000u\000x\000i\000l\000i\000a\000r\000y\000\040\000M\000e\000t\000r\000i\000c\000s}{section.212}% 119
\BOOKMARK [1][-]{section.247}{\376\377\0006\000.\0006\000\040\000S\000t\000a\000t\000i\000s\000t\000i\000c\000a\000l\000\040\000A\000n\000a\000l\000y\000s\000i\000s}{chapter.199}% 120
\BOOKMARK [1][-]{section.254}{\376\377\0006\000.\0007\000\040\000M\000a\000s\000t\000e\000r\000\040\000E\000x\000p\000e\000r\000i\000m\000e\000n\000t\000a\000l\000\040\000O\000v\000e\000r\000v\000i\000e\000w}{chapter.199}% 121
\BOOKMARK [1][-]{section.256}{\376\377\0006\000.\0008\000\040\000D\000e\000t\000a\000i\000l\000e\000d\000\040\000E\000x\000p\000e\000r\000i\000m\000e\000n\000t\000a\000l\000\040\000S\000p\000e\000c\000i\000f\000i\000c\000a\000t\000i\000o\000n\000s}{chapter.199}% 122
\BOOKMARK [1][-]{section.257}{\376\377\0006\000.\0009\000\040\000R\000e\000p\000r\000o\000d\000u\000c\000i\000b\000i\000l\000i\000t\000y}{chapter.199}% 123
\BOOKMARK [1][-]{section.259}{\376\377\0006\000.\0001\0000\000\040\000V\000a\000l\000i\000d\000i\000t\000y\000\040\000C\000o\000n\000s\000i\000d\000e\000r\000a\000t\000i\000o\000n\000s}{chapter.199}% 124
\BOOKMARK [0][-]{chapter.260}{\376\377\0007\000\040\000R\000e\000s\000u\000l\000t\000s}{}% 125
\BOOKMARK [1][-]{section.261}{\376\377\0007\000.\0001\000\040\000P\000r\000e\000l\000i\000m\000i\000n\000a\000r\000y\000:\000\040\000G\000e\000n\000e\000r\000a\000t\000o\000r\000\040\000M\000o\000d\000e\000l\000\040\000C\000o\000m\000p\000a\000r\000i\000s\000o\000n}{chapter.260}% 126
\BOOKMARK [1][-]{section.264}{\376\377\0007\000.\0002\000\040\000P\000r\000e\000l\000i\000m\000i\000n\000a\000r\000y\000:\000\040\000G\000e\000n\000e\000r\000a\000t\000o\000r\000\040\000B\000a\000s\000e\000l\000i\000n\000e\000\040\000V\000a\000l\000i\000d\000a\000t\000i\000o\000n}{chapter.260}% 127
\BOOKMARK [2][-]{subsection.265}{\376\377\0007\000.\0002\000.\0001\000\040\000G\000e\000n\000e\000r\000a\000t\000o\000r\000\040\000P\000e\000r\000f\000o\000r\000m\000a\000n\000c\000e}{section.264}% 128
\BOOKMARK [2][-]{subsection.268}{\376\377\0007\000.\0002\000.\0002\000\040\000T\000e\000m\000p\000e\000r\000a\000t\000u\000r\000e\000\040\000R\000o\000b\000u\000s\000t\000n\000e\000s\000s}{section.264}% 129
\BOOKMARK [1][-]{section.271}{\376\377\0007\000.\0003\000\040\000P\000r\000e\000l\000i\000m\000i\000n\000a\000r\000y\000:\000\040\000J\000u\000d\000g\000e\000\040\000V\000e\000r\000i\000f\000i\000c\000a\000t\000i\000o\000n\000\040\000\050\000T\000r\000u\000t\000h\000f\000u\000l\000Q\000A\000\051}{chapter.260}% 130
\BOOKMARK [1][-]{section.274}{\376\377\0007\000.\0004\000\040\000R\000Q\0001\000a\000:\000\040\000L\000L\000M\000-\000a\000s\000-\000a\000-\000J\000u\000d\000g\000e\000\040\000f\000o\000r\000\040\000H\000a\000l\000l\000u\000c\000i\000n\000a\000t\000i\000o\000n\000\040\000D\000e\000t\000e\000c\000t\000i\000o\000n}{chapter.260}% 131
\BOOKMARK [2][-]{subsection.275}{\376\377\0007\000.\0004\000.\0001\000\040\000O\000p\000e\000r\000a\000t\000i\000o\000n\000a\000l\000\040\000D\000e\000f\000i\000n\000i\000t\000i\000o\000n\000s\000:\000\040\000G\000T\000\040\000L\000i\000t\000,\000\040\000G\000T\000\040\000S\000y\000n\000t\000h\000,\000\040\000a\000n\000d\000\040\000H\000a\000l\000l\000u\000c\000i\000n\000a\000t\000i\000o\000n}{section.274}% 132
\BOOKMARK [2][-]{subsection.276}{\376\377\0007\000.\0004\000.\0002\000\040\000G\000T\000\040\000S\000y\000n\000t\000h\000\040\000\040\000C\000o\000r\000r\000e\000c\000t\000n\000e\000s\000s\000\040\000J\000u\000d\000g\000e}{section.274}% 133
\BOOKMARK [3][-]{subsubsection.277}{\376\377\0007\000.\0004\000.\0002\000.\0001\000\040\000P\000e\000r\000f\000o\000r\000m\000a\000n\000c\000e\000\040\000M\000e\000t\000r\000i\000c\000s\000\040\000O\000v\000e\000r\000v\000i\000e\000w}{subsection.276}% 134
\BOOKMARK [3][-]{subsubsection.279}{\376\377\0007\000.\0004\000.\0002\000.\0002\000\040\000D\000e\000t\000a\000i\000l\000e\000d\000\040\000A\000n\000a\000l\000y\000s\000i\000s}{subsection.276}% 135
\BOOKMARK [2][-]{subsection.281}{\376\377\0007\000.\0004\000.\0003\000\040\000G\000T\000\040\000L\000i\000t\000\040\000\040\000C\000o\000r\000r\000e\000c\000t\000n\000e\000s\000s\000\040\000J\000u\000d\000g\000e}{section.274}% 136
\BOOKMARK [3][-]{subsubsection.282}{\376\377\0007\000.\0004\000.\0003\000.\0001\000\040\000P\000e\000r\000f\000o\000r\000m\000a\000n\000c\000e\000\040\000M\000e\000t\000r\000i\000c\000s\000\040\000O\000v\000e\000r\000v\000i\000e\000w}{subsection.281}% 137
\BOOKMARK [3][-]{subsubsection.284}{\376\377\0007\000.\0004\000.\0003\000.\0002\000\040\000D\000e\000t\000a\000i\000l\000e\000d\000\040\000A\000n\000a\000l\000y\000s\000i\000s}{subsection.281}% 138
\BOOKMARK [2][-]{subsection.286}{\376\377\0007\000.\0004\000.\0004\000\040\000G\000T\000\040\000S\000y\000n\000t\000h\000\040\000\040\000C\000i\000t\000a\000t\000i\000o\000n\000\040\000J\000u\000d\000g\000e}{section.274}% 139
\BOOKMARK [3][-]{subsubsection.287}{\376\377\0007\000.\0004\000.\0004\000.\0001\000\040\000P\000e\000r\000f\000o\000r\000m\000a\000n\000c\000e\000\040\000M\000e\000t\000r\000i\000c\000s\000\040\000O\000v\000e\000r\000v\000i\000e\000w}{subsection.286}% 140
\BOOKMARK [3][-]{subsubsection.289}{\376\377\0007\000.\0004\000.\0004\000.\0002\000\040\000D\000e\000t\000a\000i\000l\000e\000d\000\040\000A\000n\000a\000l\000y\000s\000i\000s}{subsection.286}% 141
\BOOKMARK [2][-]{subsection.291}{\376\377\0007\000.\0004\000.\0005\000\040\000G\000T\000\040\000L\000i\000t\000\040\000\040\000C\000i\000t\000a\000t\000i\000o\000n\000\040\000J\000u\000d\000g\000e}{section.274}% 142
\BOOKMARK [3][-]{subsubsection.292}{\376\377\0007\000.\0004\000.\0005\000.\0001\000\040\000P\000e\000r\000f\000o\000r\000m\000a\000n\000c\000e\000\040\000M\000e\000t\000r\000i\000c\000s\000\040\000O\000v\000e\000r\000v\000i\000e\000w}{subsection.291}% 143
\BOOKMARK [3][-]{subsubsection.294}{\376\377\0007\000.\0004\000.\0005\000.\0002\000\040\000D\000e\000t\000a\000i\000l\000e\000d\000\040\000A\000n\000a\000l\000y\000s\000i\000s}{subsection.291}% 144
\BOOKMARK [3][-]{subsubsection.296}{\376\377\0007\000.\0004\000.\0005\000.\0003\000\040\000R\000a\000t\000i\000o\000n\000a\000l\000e\000\040\000f\000o\000r\000\040\000v\000a\000l\000i\000d\000a\000t\000i\000o\000n\000\040\000s\000t\000u\000d\000i\000e\000s}{subsection.291}% 145
\BOOKMARK [2][-]{subsection.297}{\376\377\0007\000.\0004\000.\0006\000\040\000V\000a\000l\000i\000d\000a\000t\000i\000o\000n\000:\000\040\000H\000u\000m\000a\000n\040\023\000L\000L\000M\000\040\000A\000g\000r\000e\000e\000m\000e\000n\000t}{section.274}% 146
\BOOKMARK [3][-]{subsubsection.298}{\376\377\0007\000.\0004\000.\0006\000.\0001\000\040\000P\000e\000r\000-\000D\000a\000t\000a\000s\000e\000t\000\040\000a\000n\000d\000\040\000C\000o\000m\000b\000i\000n\000e\000d\000\040\000A\000g\000r\000e\000e\000m\000e\000n\000t}{subsection.297}% 147
\BOOKMARK [3][-]{subsubsection.301}{\376\377\0007\000.\0004\000.\0006\000.\0002\000\040\000D\000i\000s\000a\000g\000r\000e\000e\000m\000e\000n\000t\000\040\000A\000n\000a\000l\000y\000s\000i\000s}{subsection.297}% 148
\BOOKMARK [2][-]{subsection.304}{\376\377\0007\000.\0004\000.\0007\000\040\000V\000a\000l\000i\000d\000a\000t\000i\000o\000n\000:\000\040\000U\000l\000e\000m\000a\000n\000'\000s\000\040\000E\000x\000t\000e\000r\000n\000a\000l\000\040\000C\000L\000D}{section.274}% 149
\BOOKMARK [3][-]{subsubsection.305}{\376\377\0007\000.\0004\000.\0007\000.\0001\000\040\000S\000e\000a\000r\000c\000h\000\040\000P\000r\000o\000v\000i\000d\000e\000r\000\040\000C\000o\000m\000p\000a\000r\000i\000s\000o\000n}{subsection.304}% 150
\BOOKMARK [2][-]{subsection.308}{\376\377\0007\000.\0004\000.\0008\000\040\000V\000a\000l\000i\000d\000a\000t\000i\000o\000n\000:\000\040\000P\000h\000y\000s\000i\000c\000s\000\040\000C\000L\000D\000s}{section.274}% 151
\BOOKMARK [2][-]{subsection.310}{\376\377\0007\000.\0004\000.\0009\000\040\000D\000i\000s\000e\000n\000t\000a\000n\000g\000l\000i\000n\000g\000\040\000R\000e\000t\000r\000i\000e\000v\000a\000l\000\040\000Q\000u\000a\000l\000i\000t\000y\000\040\000f\000r\000o\000m\000\040\000D\000o\000m\000a\000i\000n\000\040\000D\000e\000p\000e\000n\000d\000e\000n\000c\000e}{section.274}% 152
\BOOKMARK [2][-]{subsection.312}{\376\377\0007\000.\0004\000.\0001\0000\000\040\000S\000y\000n\000t\000h\000e\000s\000i\000s\000\040\000o\000f\000\040\000v\000a\000l\000i\000d\000a\000t\000i\000o\000n\000\040\000f\000i\000n\000d\000i\000n\000g\000s}{section.274}% 153
\BOOKMARK [2][-]{subsection.313}{\376\377\0007\000.\0004\000.\0001\0001\000\040\000R\000Q\0001\000a\000:\000\040\000M\000a\000i\000n\000\040\000F\000i\000n\000d\000i\000n\000g\000s\000\040\000\050\000S\000u\000m\000m\000a\000r\000y\000\051}{section.274}% 154
\BOOKMARK [1][-]{section.320}{\376\377\0007\000.\0005\000\040\000R\000Q\0001\000b\000:\000\040\000L\000L\000M\000-\000a\000s\000-\000a\000-\000C\000o\000r\000r\000e\000c\000t\000o\000r\000\040\000f\000o\000r\000\040\000E\000d\000g\000e\000\040\000Q\000u\000a\000l\000i\000t\000y\000\040\000I\000m\000p\000r\000o\000v\000e\000m\000e\000n\000t}{chapter.260}% 155
\BOOKMARK [2][-]{subsection.321}{\376\377\0007\000.\0005\000.\0001\000\040\000G\000T\000\040\000S\000y\000n\000t\000h\000\040\000\040\000B\000a\000s\000e\000l\000i\000n\000e\000\040\000J\000u\000d\000g\000e\000:\000\040\000C\000o\000r\000r\000e\000c\000t\000i\000o\000n\000\040\000R\000e\000s\000u\000l\000t\000s}{section.320}% 156
\BOOKMARK [2][-]{subsection.324}{\376\377\0007\000.\0005\000.\0002\000\040\000G\000T\000\040\000S\000y\000n\000t\000h\000\040\000\040\000B\000a\000s\000e\000l\000i\000n\000e\000\040\000J\000u\000d\000g\000e\000:\000\040\000P\000r\000o\000m\000p\000t\000\040\000A\000b\000l\000a\000t\000i\000o\000n}{section.320}% 157
\BOOKMARK [2][-]{subsection.327}{\376\377\0007\000.\0005\000.\0003\000\040\000G\000T\000\040\000L\000i\000t\000\040\000\040\000M\000e\000c\000h\000a\000n\000i\000s\000t\000i\000c\000\040\000J\000u\000d\000g\000e\000:\000\040\000C\000o\000r\000r\000e\000c\000t\000i\000o\000n\000\040\000R\000e\000s\000u\000l\000t\000s}{section.320}% 158
\BOOKMARK [2][-]{subsection.330}{\376\377\0007\000.\0005\000.\0004\000\040\000G\000T\000\040\000L\000i\000t\000\040\000\040\000M\000e\000c\000h\000a\000n\000i\000s\000t\000i\000c\000\040\000J\000u\000d\000g\000e\000:\000\040\000P\000r\000o\000m\000p\000t\000\040\000A\000b\000l\000a\000t\000i\000o\000n}{section.320}% 159
\BOOKMARK [2][-]{subsection.333}{\376\377\0007\000.\0005\000.\0005\000\040\000R\000Q\0001\000b\000:\000\040\000M\000a\000i\000n\000\040\000F\000i\000n\000d\000i\000n\000g\000s\000\040\000\050\000S\000u\000m\000m\000a\000r\000y\000\051}{section.320}% 160
\BOOKMARK [1][-]{section.337}{\376\377\0007\000.\0006\000\040\000R\000Q\0002\000:\000\040\000C\000o\000r\000p\000u\000s\000-\000I\000n\000d\000e\000p\000e\000n\000d\000e\000n\000t\000\040\000H\000a\000l\000l\000u\000c\000i\000n\000a\000t\000i\000o\000n\000\040\000D\000e\000t\000e\000c\000t\000i\000o\000n\000\040\000v\000i\000a\000\040\000U\000Q\000\040\000M\000e\000t\000r\000i\000c\000s}{chapter.260}% 161
\BOOKMARK [2][-]{subsection.338}{\376\377\0007\000.\0006\000.\0001\000\040\000S\000i\000n\000g\000l\000e\000\040\000U\000Q\000\040\000M\000e\000t\000r\000i\000c\000\040\000P\000e\000r\000f\000o\000r\000m\000a\000n\000c\000e}{section.337}% 162
\BOOKMARK [2][-]{subsection.341}{\376\377\0007\000.\0006\000.\0002\000\040\000F\000e\000a\000t\000u\000r\000e\000\040\000D\000i\000s\000t\000r\000i\000b\000u\000t\000i\000o\000n\000s\000:\000\040\000C\000o\000r\000r\000e\000c\000t\000\040\000v\000s\000.\000\040\000H\000a\000l\000l\000u\000c\000i\000n\000a\000t\000i\000o\000n\000s}{section.337}% 163
\BOOKMARK [2][-]{subsection.345}{\376\377\0007\000.\0006\000.\0003\000\040\000R\000e\000c\000u\000r\000s\000i\000v\000e\000\040\000F\000e\000a\000t\000u\000r\000e\000\040\000E\000l\000i\000m\000i\000n\000a\000t\000i\000o\000n\000\040\000A\000n\000a\000l\000y\000s\000i\000s}{section.337}% 164
\BOOKMARK [2][-]{subsection.347}{\376\377\0007\000.\0006\000.\0004\000\040\000E\000n\000s\000e\000m\000b\000l\000e\000\040\000C\000l\000a\000s\000s\000i\000f\000i\000c\000a\000t\000i\000o\000n\000\040\000R\000e\000s\000u\000l\000t\000s}{section.337}% 165
\BOOKMARK [2][-]{subsection.351}{\376\377\0007\000.\0006\000.\0005\000\040\000R\000Q\0002\000:\000\040\000M\000a\000i\000n\000\040\000F\000i\000n\000d\000i\000n\000g\000s\000\040\000\050\000S\000u\000m\000m\000a\000r\000y\000\051}{section.337}% 166
\BOOKMARK [1][-]{section.355}{\376\377\0007\000.\0007\000\040\000R\000Q\0003\000:\000\040\000D\000e\000e\000p\000\040\000R\000e\000s\000e\000a\000r\000c\000h\000\040\000V\000a\000l\000i\000d\000a\000t\000i\000o\000n\000\040\000\050\000E\000x\000p\000l\000o\000r\000a\000t\000o\000r\000y\000\040\000P\000i\000l\000o\000t\000\051}{chapter.260}% 167
\BOOKMARK [2][-]{subsection.358}{\376\377\0007\000.\0007\000.\0001\000\040\000C\000o\000m\000p\000u\000t\000a\000t\000i\000o\000n\000a\000l\000\040\000C\000o\000s\000t}{section.355}% 168
\BOOKMARK [2][-]{subsection.360}{\376\377\0007\000.\0007\000.\0002\000\040\000P\000e\000r\000-\000C\000L\000D\000\040\000D\000e\000t\000e\000c\000t\000i\000o\000n\000\040\000R\000a\000t\000e\000\040\000A\000n\000a\000l\000y\000s\000i\000s}{section.355}% 169
\BOOKMARK [2][-]{subsection.363}{\376\377\0007\000.\0007\000.\0003\000\040\000E\000x\000p\000l\000o\000r\000a\000t\000o\000r\000y\000:\000\040\000G\000r\000o\000u\000n\000d\000\040\000T\000r\000u\000t\000h\000\040\000E\000n\000r\000i\000c\000h\000m\000e\000n\000t\000\040\000A\000n\000a\000l\000y\000s\000i\000s}{section.355}% 170
\BOOKMARK [2][-]{subsection.372}{\376\377\0007\000.\0007\000.\0004\000\040\000S\000m\000a\000r\000t\000-\000T\000r\000i\000g\000g\000e\000r\000\040\000D\000R\000\040\000D\000e\000p\000l\000o\000y\000m\000e\000n\000t\000\040\000E\000s\000t\000i\000m\000a\000t\000e}{section.355}% 171
\BOOKMARK [2][-]{subsection.375}{\376\377\0007\000.\0007\000.\0005\000\040\000R\000Q\0003\000:\000\040\000M\000a\000i\000n\000\040\000F\000i\000n\000d\000i\000n\000g\000s\000\040\000\050\000S\000u\000m\000m\000a\000r\000y\000\051}{section.355}% 172
\BOOKMARK [1][-]{section.380}{\376\377\0007\000.\0008\000\040\000E\000f\000f\000e\000c\000t\000\040\000S\000i\000z\000e\000\040\000S\000u\000m\000m\000a\000r\000y}{chapter.260}% 173
\BOOKMARK [1][-]{section.383}{\376\377\0007\000.\0009\000\040\000C\000o\000m\000p\000u\000t\000a\000t\000i\000o\000n\000a\000l\000\040\000S\000c\000a\000l\000i\000n\000g\000\040\000A\000n\000a\000l\000y\000s\000i\000s}{chapter.260}% 174
\BOOKMARK [2][-]{subsection.384}{\376\377\0007\000.\0009\000.\0001\000\040\000T\000i\000m\000e\000\040\000a\000n\000d\000\040\000C\000o\000s\000t\000\040\000S\000c\000a\000l\000i\000n\000g}{section.383}% 175
\BOOKMARK [2][-]{subsection.386}{\376\377\0007\000.\0009\000.\0002\000\040\000T\000o\000k\000e\000n\000\040\000C\000o\000s\000t\000\040\000A\000n\000a\000l\000y\000s\000i\000s}{section.383}% 176
\BOOKMARK [2][-]{subsection.388}{\376\377\0007\000.\0009\000.\0003\000\040\000P\000a\000r\000a\000l\000l\000e\000l\000i\000z\000a\000t\000i\000o\000n\000\040\000S\000p\000e\000e\000d\000u\000p}{section.383}% 177
\BOOKMARK [0][-]{chapter.392}{\376\377\0008\000\040\000D\000i\000s\000c\000u\000s\000s\000i\000o\000n}{}% 178
\BOOKMARK [1][-]{section.393}{\376\377\0008\000.\0001\000\040\000D\000i\000r\000e\000c\000t\000\040\000A\000n\000s\000w\000e\000r\000s\000\040\000t\000o\000\040\000t\000h\000e\000\040\000R\000e\000s\000e\000a\000r\000c\000h\000\040\000Q\000u\000e\000s\000t\000i\000o\000n\000s}{chapter.392}% 179
\BOOKMARK [1][-]{section.399}{\376\377\0008\000.\0002\000\040\000C\000e\000n\000t\000r\000a\000l\000\040\000I\000n\000t\000e\000r\000p\000r\000e\000t\000i\000v\000e\000\040\000C\000l\000a\000i\000m\000:\000\040\000E\000r\000r\000o\000r\000\040\000v\000s\000.\000\040\000S\000c\000o\000p\000e\000\040\000D\000i\000s\000a\000g\000r\000e\000e\000m\000e\000n\000t}{chapter.392}% 180
\BOOKMARK [1][-]{section.400}{\376\377\0008\000.\0003\000\040\000C\000L\000D\000\040\000G\000e\000n\000e\000r\000a\000t\000i\000o\000n\000\040\000P\000a\000r\000a\000d\000i\000g\000m}{chapter.392}% 181
\BOOKMARK [1][-]{section.401}{\376\377\0008\000.\0004\000\040\000M\000e\000c\000h\000a\000n\000i\000s\000m\000s\000\040\000o\000f\000\040\000J\000u\000d\000g\000e\000\040\000F\000a\000i\000l\000u\000r\000e}{chapter.392}% 182
\BOOKMARK [2][-]{subsection.402}{\376\377\0008\000.\0004\000.\0001\000\040\000T\000h\000e\000\040\000`\000`\000E\000v\000i\000d\000e\000n\000c\000e\000\040\000o\000f\000\040\000A\000b\000s\000e\000n\000c\000e\000'\000'\000\040\000P\000a\000r\000a\000d\000o\000x\000\040\000\050\000C\000i\000t\000a\000t\000i\000o\000n\000\040\000J\000u\000d\000g\000e\000\051}{section.401}% 183
\BOOKMARK [2][-]{subsection.404}{\376\377\0008\000.\0004\000.\0002\000\040\000P\000l\000a\000u\000s\000i\000b\000i\000l\000i\000t\000y\000\040\000B\000i\000a\000s\000\040\000\050\000C\000o\000r\000r\000e\000c\000t\000n\000e\000s\000s\000\040\000J\000u\000d\000g\000e\000\051}{section.401}% 184
\BOOKMARK [2][-]{subsection.406}{\376\377\0008\000.\0004\000.\0003\000\040\000P\000a\000r\000t\000i\000a\000l\000\040\000C\000r\000e\000d\000i\000t\000\040\000a\000n\000d\000\040\000N\000o\000n\000-\000S\000c\000i\000e\000n\000t\000i\000f\000i\000c\000\040\000E\000v\000i\000d\000e\000n\000c\000e\000\040\000A\000c\000c\000e\000p\000t\000a\000n\000c\000e\000\040\000\050\000C\000i\000t\000a\000t\000i\000o\000n\000\040\000J\000u\000d\000g\000e\000\051}{section.401}% 185
\BOOKMARK [2][-]{subsection.408}{\376\377\0008\000.\0004\000.\0004\000\040\000D\000o\000m\000a\000i\000n\000-\000D\000e\000p\000e\000n\000d\000e\000n\000t\000\040\000F\000a\000i\000l\000u\000r\000e\000:\000\040\000T\000h\000e\000\040\000S\000o\000c\000i\000a\000l\000\040\000N\000o\000r\000m\000s\000\040\000A\000n\000o\000m\000a\000l\000y}{section.401}% 186
\BOOKMARK [1][-]{section.409}{\376\377\0008\000.\0005\000\040\000R\000Q\0001\000\040\000I\000n\000t\000e\000r\000p\000r\000e\000t\000a\000t\000i\000o\000n\000:\000\040\000J\000u\000d\000g\000e\000s\000\040\000a\000s\000\040\000S\000c\000r\000e\000e\000n\000i\000n\000g\000\040\000S\000i\000g\000n\000a\000l\000s}{chapter.392}% 187
\BOOKMARK [2][-]{subsection.410}{\376\377\0008\000.\0005\000.\0001\000\040\000C\000o\000r\000r\000e\000c\000t\000n\000e\000s\000s\000\040\000J\000u\000d\000g\000e}{section.409}% 188
\BOOKMARK [2][-]{subsection.411}{\376\377\0008\000.\0005\000.\0002\000\040\000C\000i\000t\000a\000t\000i\000o\000n\000\040\000J\000u\000d\000g\000e}{section.409}% 189
\BOOKMARK [2][-]{subsection.412}{\376\377\0008\000.\0005\000.\0003\000\040\000H\000u\000m\000a\000n\000\040\000V\000a\000l\000i\000d\000a\000t\000i\000o\000n\000:\000\040\000S\000y\000s\000t\000e\000m\000a\000t\000i\000c\000\040\000L\000e\000n\000i\000e\000n\000c\000y}{section.409}% 190
\BOOKMARK [2][-]{subsection.413}{\376\377\0008\000.\0005\000.\0004\000\040\000I\000m\000p\000l\000i\000c\000a\000t\000i\000o\000n\000:\000\040\000A\000c\000t\000i\000v\000e\000\040\000L\000e\000a\000r\000n\000i\000n\000g\000\040\000f\000o\000r\000\040\000J\000u\000d\000g\000e\000\040\000C\000a\000l\000i\000b\000r\000a\000t\000i\000o\000n}{section.409}% 191
\BOOKMARK [1][-]{section.414}{\376\377\0008\000.\0006\000\040\000M\000e\000c\000h\000a\000n\000i\000s\000m\000s\000\040\000o\000f\000\040\000C\000o\000r\000r\000e\000c\000t\000o\000r\000\040\000F\000a\000i\000l\000u\000r\000e}{chapter.392}% 192
\BOOKMARK [2][-]{subsection.415}{\376\377\0008\000.\0006\000.\0001\000\040\000J\000u\000d\000g\000e\000-\000S\000a\000t\000i\000s\000f\000i\000c\000i\000n\000g\000\040\000R\000e\000v\000i\000s\000i\000o\000n\000s\000\040\000\050\000G\000o\000o\000d\000h\000a\000r\000t\000-\000S\000t\000y\000l\000e\000\040\000M\000e\000t\000r\000i\000c\000\040\000G\000a\000m\000i\000n\000g\000\051}{section.414}% 193
\BOOKMARK [2][-]{subsection.417}{\376\377\0008\000.\0006\000.\0002\000\040\000P\000r\000e\000c\000i\000s\000i\000o\000n\000\040\000L\000o\000s\000s\000\040\000v\000i\000a\000\040\000O\000v\000e\000r\000-\000A\000d\000d\000i\000t\000i\000o\000n\000\040\000B\000i\000a\000s}{section.414}% 194
\BOOKMARK [2][-]{subsection.419}{\376\377\0008\000.\0006\000.\0003\000\040\000P\000o\000l\000a\000r\000i\000t\000y\000\040\000a\000n\000d\000\040\000T\000y\000p\000e\000\040\000I\000n\000c\000o\000n\000s\000i\000s\000t\000e\000n\000c\000i\000e\000s\000\040\000\050\000S\000c\000h\000e\000m\000a\000\040\000S\000l\000i\000p\000s\000\051}{section.414}% 195
\BOOKMARK [2][-]{subsection.421}{\376\377\0008\000.\0006\000.\0004\000\040\000N\000o\000i\000s\000y\000-\000L\000a\000b\000e\000l\000\040\000A\000m\000p\000l\000i\000f\000i\000c\000a\000t\000i\000o\000n\000\040\000U\000n\000d\000e\000r\000\040\000W\000e\000a\000k\000\040\000J\000u\000d\000g\000e\000\040\000S\000i\000g\000n\000a\000l}{section.414}% 196
\BOOKMARK [2][-]{subsection.422}{\376\377\0008\000.\0006\000.\0005\000\040\000I\000n\000s\000t\000a\000b\000i\000l\000i\000t\000y\000\040\000A\000c\000r\000o\000s\000s\000\040\000C\000o\000r\000r\000e\000c\000t\000i\000o\000n\000\040\000S\000e\000s\000s\000i\000o\000n\000s}{section.414}% 197
\BOOKMARK [2][-]{subsection.424}{\376\377\0008\000.\0006\000.\0006\000\040\000P\000e\000r\000-\000C\000L\000D\000\040\000V\000a\000r\000i\000a\000t\000i\000o\000n\000\040\000i\000n\000\040\000C\000o\000r\000r\000e\000c\000t\000o\000r\000\040\000E\000f\000f\000e\000c\000t\000i\000v\000e\000n\000e\000s\000s}{section.414}% 198
\BOOKMARK [2][-]{subsection.425}{\376\377\0008\000.\0006\000.\0007\000\040\000D\000i\000a\000g\000n\000o\000s\000i\000n\000g\000\040\000J\000u\000d\000g\000e\040\023\000C\000o\000r\000r\000e\000c\000t\000o\000r\000\040\000C\000o\000u\000p\000l\000i\000n\000g}{section.414}% 199
\BOOKMARK [1][-]{section.426}{\376\377\0008\000.\0007\000\040\000R\000Q\0002\000:\000\040\000U\000Q\000\040\000M\000e\000t\000r\000i\000c\000s}{chapter.392}% 200
\BOOKMARK [2][-]{subsection.427}{\376\377\0008\000.\0007\000.\0001\000\040\000C\000o\000u\000n\000t\000e\000r\000i\000n\000t\000u\000i\000t\000i\000v\000e\000\040\000C\000o\000s\000i\000n\000e\000\040\000S\000i\000m\000i\000l\000a\000r\000i\000t\000y\000\040\000D\000i\000r\000e\000c\000t\000i\000o\000n}{section.426}% 201
\BOOKMARK [2][-]{subsection.428}{\376\377\0008\000.\0007\000.\0002\000\040\000C\000r\000o\000s\000s\000-\000D\000o\000m\000a\000i\000n\000\040\000G\000e\000n\000e\000r\000a\000l\000i\000s\000a\000t\000i\000o\000n\000\040\000F\000a\000i\000l\000u\000r\000e}{section.426}% 202
\BOOKMARK [2][-]{subsection.429}{\376\377\0008\000.\0007\000.\0003\000\040\000A\000l\000t\000e\000r\000n\000a\000t\000i\000v\000e\000\040\000U\000Q\000\040\000M\000e\000t\000r\000i\000c\000\040\000D\000e\000s\000i\000g\000n\000s}{section.426}% 203
\BOOKMARK [2][-]{subsection.430}{\376\377\0008\000.\0007\000.\0004\000\040\000T\000e\000m\000p\000e\000r\000a\000t\000u\000r\000e\040\023\000U\000n\000c\000e\000r\000t\000a\000i\000n\000t\000y\000\040\000T\000r\000a\000d\000e\000-\000o\000f\000f}{section.426}% 204
\BOOKMARK [1][-]{section.431}{\376\377\0008\000.\0008\000\040\000I\000m\000p\000l\000i\000c\000a\000t\000i\000o\000n\000s\000\040\000f\000o\000r\000\040\000t\000h\000e\000\040\000O\000r\000i\000g\000i\000n\000a\000l\000\040\000R\000Q\0003\000\040\000D\000e\000s\000i\000g\000n}{chapter.392}% 205
\BOOKMARK [1][-]{section.432}{\376\377\0008\000.\0009\000\040\000R\000Q\0003\000:\000\040\000D\000e\000e\000p\000\040\000R\000e\000s\000e\000a\000r\000c\000h\000\040\000V\000a\000l\000i\000d\000a\000t\000i\000o\000n}{chapter.392}% 206
\BOOKMARK [2][-]{subsection.433}{\376\377\0008\000.\0009\000.\0001\000\040\000M\000e\000t\000h\000o\000d\000o\000l\000o\000g\000i\000c\000a\000l\000\040\000P\000i\000v\000o\000t\000\040\000a\000n\000d\000\040\000S\000c\000o\000p\000e\000\040\000o\000f\000\040\000T\000h\000i\000s\000\040\000S\000e\000c\000t\000i\000o\000n}{section.432}% 207
\BOOKMARK [2][-]{subsection.434}{\376\377\0008\000.\0009\000.\0002\000\040\000W\000h\000y\000\040\000L\000i\000t\000e\000r\000a\000t\000u\000r\000e\000\040\000V\000a\000l\000i\000d\000a\000t\000i\000o\000n\000\040\000H\000a\000s\000\040\000W\000e\000a\000k\000\040\000D\000i\000s\000c\000r\000i\000m\000i\000n\000a\000t\000i\000v\000e\000\040\000P\000o\000w\000e\000r}{section.432}% 208
\BOOKMARK [2][-]{subsection.435}{\376\377\0008\000.\0009\000.\0003\000\040\000T\000h\000e\000\040\000V\000a\000r\000i\000a\000b\000l\000e\000-\000M\000i\000s\000m\000a\000t\000c\000h\000\040\000P\000r\000o\000b\000l\000e\000m}{section.432}% 209
\BOOKMARK [2][-]{subsection.436}{\376\377\0008\000.\0009\000.\0004\000\040\000W\000h\000a\000t\000\040\000G\000r\000o\000u\000n\000d\000\040\000T\000r\000u\000t\000h\000\040\000E\000n\000r\000i\000c\000h\000m\000e\000n\000t\000\040\000R\000e\000v\000e\000a\000l\000s}{section.432}% 210
\BOOKMARK [2][-]{subsection.437}{\376\377\0008\000.\0009\000.\0005\000\040\000E\000f\000f\000i\000c\000i\000e\000n\000c\000y\000\040\000I\000m\000p\000l\000i\000c\000a\000t\000i\000o\000n\000s\000\040\000a\000n\000d\000\040\000I\000n\000h\000e\000r\000i\000t\000e\000d\000\040\000L\000i\000m\000i\000t\000a\000t\000i\000o\000n\000s\000\040\000o\000f\000\040\000J\000u\000d\000g\000e\000-\000T\000r\000i\000g\000g\000e\000r\000e\000d\000\040\000D\000e\000p\000l\000o\000y\000m\000e\000n\000t}{section.432}% 211
\BOOKMARK [2][-]{subsection.438}{\376\377\0008\000.\0009\000.\0006\000\040\000L\000i\000m\000i\000t\000a\000t\000i\000o\000n\000s\000\040\000o\000f\000\040\000t\000h\000e\000\040\000D\000e\000e\000p\000\040\000R\000e\000s\000e\000a\000r\000c\000h\000\040\000P\000i\000v\000o\000t}{section.432}% 212
\BOOKMARK [2][-]{subsection.439}{\376\377\0008\000.\0009\000.\0007\000\040\000R\000e\000s\000i\000d\000u\000a\000l\000\040\000F\000a\000l\000s\000e\000\040\000N\000e\000g\000a\000t\000i\000v\000e\000s\000:\000\040\000P\000a\000r\000t\000i\000a\000l\000\040\000R\000e\000c\000o\000v\000e\000r\000y\000\040\000a\000n\000d\000\040\000T\000a\000c\000i\000t\000\040\000E\000x\000p\000e\000r\000t\000\040\000K\000n\000o\000w\000l\000e\000d\000g\000e}{section.432}% 213
\BOOKMARK [1][-]{section.440}{\376\377\0008\000.\0001\0000\000\040\000S\000y\000n\000t\000h\000e\000s\000i\000s\000:\000\040\000C\000o\000m\000p\000o\000u\000n\000d\000i\000n\000g\000\040\000D\000e\000p\000e\000n\000d\000e\000n\000c\000i\000e\000s\000\040\000a\000n\000d\000\040\000t\000h\000e\000\040\000D\000i\000v\000i\000s\000i\000o\000n\000\040\000o\000f\000\040\000L\000a\000b\000o\000u\000r}{chapter.392}% 214
\BOOKMARK [2][-]{subsection.441}{\376\377\0008\000.\0001\0000\000.\0001\000\040\000C\000o\000m\000p\000o\000u\000n\000d\000i\000n\000g\000\040\000F\000a\000i\000l\000u\000r\000e\000\040\000M\000o\000d\000e\000s\000\040\000A\000c\000r\000o\000s\000s\000\040\000C\000o\000m\000p\000o\000n\000e\000n\000t\000s}{section.440}% 215
\BOOKMARK [2][-]{subsection.446}{\376\377\0008\000.\0001\0000\000.\0002\000\040\000T\000h\000e\000\040\000G\000T\000\040\000S\000y\000n\000t\000h\000\040\000t\000o\000\040\000G\000T\000\040\000L\000i\000t\000\040\000T\000r\000a\000n\000s\000f\000e\000r\000\040\000G\000a\000p}{section.440}% 216
\BOOKMARK [2][-]{subsection.447}{\376\377\0008\000.\0001\0000\000.\0003\000\040\000E\000m\000e\000r\000g\000e\000n\000t\000\040\000D\000i\000v\000i\000s\000i\000o\000n\000\040\000o\000f\000\040\000L\000a\000b\000o\000u\000r}{section.440}% 217
\BOOKMARK [2][-]{subsection.448}{\376\377\0008\000.\0001\0000\000.\0004\000\040\000I\000m\000p\000l\000i\000c\000a\000t\000i\000o\000n\000s\000\040\000f\000o\000r\000\040\000G\000r\000o\000u\000p\000\040\000M\000o\000d\000e\000l\000\040\000B\000u\000i\000l\000d\000i\000n\000g}{section.440}% 218
\BOOKMARK [1][-]{section.449}{\376\377\0008\000.\0001\0001\000\040\000P\000r\000a\000c\000t\000i\000c\000a\000l\000\040\000R\000e\000c\000o\000m\000m\000e\000n\000d\000a\000t\000i\000o\000n\000s}{chapter.392}% 219
\BOOKMARK [1][-]{section.456}{\376\377\0008\000.\0001\0002\000\040\000L\000i\000m\000i\000t\000a\000t\000i\000o\000n\000s\000\040\000a\000n\000d\000\040\000V\000a\000l\000i\000d\000i\000t\000y\000\040\000T\000h\000r\000e\000a\000t\000s}{chapter.392}% 220
\BOOKMARK [2][-]{subsection.457}{\376\377\0008\000.\0001\0002\000.\0001\000\040\000M\000o\000d\000e\000l\000\040\000D\000e\000p\000e\000n\000d\000e\000n\000c\000e}{section.456}% 221
\BOOKMARK [2][-]{subsection.458}{\376\377\0008\000.\0001\0002\000.\0002\000\040\000D\000o\000m\000a\000i\000n\000\040\000D\000e\000p\000e\000n\000d\000e\000n\000c\000e}{section.456}% 222
\BOOKMARK [2][-]{subsection.459}{\376\377\0008\000.\0001\0002\000.\0003\000\040\000C\000o\000n\000s\000t\000r\000u\000c\000t\000\040\000V\000a\000l\000i\000d\000i\000t\000y}{section.456}% 223
\BOOKMARK [2][-]{subsection.460}{\376\377\0008\000.\0001\0002\000.\0004\000\040\000E\000d\000g\000e\000-\000I\000s\000o\000l\000a\000t\000i\000o\000n\000\040\000D\000e\000s\000i\000g\000n\000\040\000C\000o\000n\000s\000t\000r\000a\000i\000n\000t}{section.456}% 224
\BOOKMARK [2][-]{subsection.461}{\376\377\0008\000.\0001\0002\000.\0005\000\040\000N\000o\000d\000e\000-\000S\000e\000t\000\040\000C\000o\000n\000d\000i\000t\000i\000o\000n\000i\000n\000g\000\040\000\050\000V\000a\000r\000i\000a\000b\000l\000e\000\040\000E\000x\000t\000r\000a\000c\000t\000i\000o\000n\000\040\000O\000m\000i\000t\000t\000e\000d\000\051}{section.456}% 225
\BOOKMARK [2][-]{subsection.462}{\376\377\0008\000.\0001\0002\000.\0006\000\040\000R\000e\000t\000r\000i\000e\000v\000a\000l\000\040\000a\000n\000d\000\040\000T\000e\000m\000p\000o\000r\000a\000l\000\040\000D\000e\000p\000e\000n\000d\000e\000n\000c\000e}{section.456}% 226
\BOOKMARK [2][-]{subsection.463}{\376\377\0008\000.\0001\0002\000.\0007\000\040\000I\000n\000t\000e\000r\000n\000a\000l\000\040\000V\000a\000l\000i\000d\000i\000t\000y}{section.456}% 227
\BOOKMARK [2][-]{subsection.464}{\376\377\0008\000.\0001\0002\000.\0008\000\040\000S\000t\000a\000t\000i\000s\000t\000i\000c\000a\000l\000\040\000P\000o\000w\000e\000r\000\040\000a\000n\000d\000\040\000S\000a\000m\000p\000l\000e\000\040\000S\000i\000z\000e}{section.456}% 228
\BOOKMARK [2][-]{subsection.465}{\376\377\0008\000.\0001\0002\000.\0009\000\040\000S\000e\000n\000s\000i\000t\000i\000v\000i\000t\000y\000\040\000A\000n\000a\000l\000y\000s\000i\000s\000\040\000C\000o\000n\000s\000t\000r\000a\000i\000n\000t\000s}{section.456}% 229
\BOOKMARK [2][-]{subsection.466}{\376\377\0008\000.\0001\0002\000.\0001\0000\000\040\000B\000u\000d\000g\000e\000t\000\040\000a\000n\000d\000\040\000D\000e\000s\000i\000g\000n\000\040\000C\000o\000n\000s\000t\000r\000a\000i\000n\000t\000s}{section.456}% 230
\BOOKMARK [1][-]{section.467}{\376\377\0008\000.\0001\0003\000\040\000F\000u\000t\000u\000r\000e\000\040\000W\000o\000r\000k}{chapter.392}% 231
\BOOKMARK [2][-]{subsection.468}{\376\377\0008\000.\0001\0003\000.\0001\000\040\000G\000e\000n\000e\000r\000a\000l\000\040\000D\000i\000r\000e\000c\000t\000i\000o\000n\000s}{section.467}% 232
\BOOKMARK [2][-]{subsection.473}{\376\377\0008\000.\0001\0003\000.\0002\000\040\000L\000L\000M\000-\000a\000s\000-\000a\000-\000J\000u\000d\000g\000e\000:\000\040\000F\000r\000o\000m\000\040\000S\000c\000r\000e\000e\000n\000i\000n\000g\000\040\000S\000i\000g\000n\000a\000l\000\040\000t\000o\000\040\000C\000a\000l\000i\000b\000r\000a\000t\000e\000d\000\040\000T\000r\000i\000a\000g\000e}{section.467}% 233
\BOOKMARK [2][-]{subsection.477}{\376\377\0008\000.\0001\0003\000.\0003\000\040\000L\000L\000M\000-\000a\000s\000-\000a\000-\000C\000o\000r\000r\000e\000c\000t\000o\000r\000:\000\040\000M\000a\000k\000i\000n\000g\000\040\000E\000d\000i\000t\000s\000\040\000T\000r\000a\000n\000s\000l\000a\000t\000e\000\040\000t\000o\000\040\000E\000x\000p\000e\000r\000t\000-\000G\000r\000o\000u\000n\000d\000e\000d\000\040\000G\000a\000i\000n\000s}{section.467}% 234
\BOOKMARK [2][-]{subsection.483}{\376\377\0008\000.\0001\0003\000.\0004\000\040\000U\000Q\000\040\000M\000e\000t\000r\000i\000c\000s\000:\000\040\000F\000r\000o\000m\000\040\000U\000n\000i\000v\000e\000r\000s\000a\000l\000\040\000T\000h\000r\000e\000s\000h\000o\000l\000d\000s\000\040\000t\000o\000\040\000R\000o\000b\000u\000s\000t\000\040\000R\000a\000n\000k\000i\000n\000g\000\040\000S\000i\000g\000n\000a\000l\000s}{section.467}% 235
\BOOKMARK [2][-]{subsection.488}{\376\377\0008\000.\0001\0003\000.\0005\000\040\000D\000e\000e\000p\000\040\000R\000e\000s\000e\000a\000r\000c\000h\000:\000\040\000O\000p\000t\000i\000m\000i\000s\000i\000n\000g\000\040\000A\000p\000p\000l\000i\000c\000a\000b\000i\000l\000i\000t\000y\000,\000\040\000N\000o\000t\000\040\000J\000u\000s\000t\000\040\000R\000e\000t\000r\000i\000e\000v\000a\000l}{section.467}% 236
\BOOKMARK [2][-]{subsection.493}{\376\377\0008\000.\0001\0003\000.\0006\000\040\000A\000d\000a\000p\000t\000i\000v\000e\000\040\000T\000e\000s\000t\000-\000T\000i\000m\000e\000\040\000C\000o\000m\000p\000u\000t\000e\000:\000\040\000P\000o\000l\000i\000c\000i\000e\000s\000\040\000t\000h\000a\000t\000\040\000A\000v\000o\000i\000d\000\040\000C\000o\000m\000p\000o\000u\000n\000d\000i\000n\000g\000\040\000F\000a\000i\000l\000u\000r\000e}{section.467}% 237
\BOOKMARK [0][-]{chapter.496}{\376\377\0009\000\040\000C\000o\000n\000c\000l\000u\000s\000i\000o\000n}{}% 238
\BOOKMARK [1][-]{section.497}{\376\377\0009\000.\0001\000\040\000K\000e\000y\000\040\000C\000o\000n\000t\000r\000i\000b\000u\000t\000i\000o\000n\000s}{chapter.496}% 239
\BOOKMARK [1][-]{section.498}{\376\377\0009\000.\0002\000\040\000C\000o\000n\000c\000l\000u\000d\000i\000n\000g\000\040\000R\000e\000m\000a\000r\000k\000s}{chapter.496}% 240
\BOOKMARK [0][-]{chapter.499}{\376\377\0001\0000\000\040\000E\000t\000h\000i\000c\000s\000\040\000a\000n\000d\000\040\000D\000a\000t\000a\000\040\000M\000a\000n\000a\000g\000e\000m\000e\000n\000t}{}% 241
\BOOKMARK [1][-]{section.500}{\376\377\0001\0000\000.\0001\000\040\000E\000t\000h\000i\000c\000a\000l\000\040\000C\000o\000n\000s\000i\000d\000e\000r\000a\000t\000i\000o\000n\000s}{chapter.499}% 242
\BOOKMARK [1][-]{section.501}{\376\377\0001\0000\000.\0002\000\040\000D\000a\000t\000a\000\040\000M\000a\000n\000a\000g\000e\000m\000e\000n\000t}{chapter.499}% 243
\BOOKMARK [0][-]{appendix.503}{\376\377\000A\000\040\000S\000u\000p\000p\000l\000e\000m\000e\000n\000t\000a\000r\000y\000\040\000S\000e\000n\000s\000i\000t\000i\000v\000i\000t\000y\000\040\000A\000n\000a\000l\000y\000s\000i\000s}{}% 244
\BOOKMARK [1][-]{section.504}{\376\377\000A\000.\0001\000\040\000J\000u\000d\000g\000e\000\040\000P\000r\000o\000m\000p\000t\000\040\000S\000e\000n\000s\000i\000t\000i\000v\000i\000t\000y}{appendix.503}% 245
\BOOKMARK [2][-]{subsection.505}{\376\377\000A\000.\0001\000.\0001\000\040\000D\000e\000r\000i\000v\000a\000t\000i\000o\000n\000:\000\040\000F\000i\000r\000s\000t\000-\000O\000r\000d\000e\000r\000\040\000S\000o\000b\000o\000l\000\040\000I\000n\000d\000e\000x\000\040\000f\000o\000r\000\040\000a\000\040\000C\000a\000t\000e\000g\000o\000r\000i\000c\000a\000l\000\040\000F\000a\000c\000t\000o\000r}{section.504}% 246
\BOOKMARK [1][-]{section.511}{\376\377\000A\000.\0002\000\040\000C\000o\000r\000r\000e\000c\000t\000o\000r\000\040\000P\000r\000o\000m\000p\000t\000\040\000S\000e\000n\000s\000i\000t\000i\000v\000i\000t\000y}{appendix.503}% 247
\BOOKMARK [2][-]{subsection.513}{\376\377\000A\000.\0002\000.\0001\000\040\000C\000o\000r\000r\000e\000c\000t\000o\000r\000\040\000A\000c\000t\000i\000o\000n\000\040\000C\000o\000u\000n\000t\000s}{section.511}% 248
\BOOKMARK [0][-]{appendix.518}{\376\377\000B\000\040\000F\000u\000n\000c\000t\000i\000o\000n\000-\000t\000o\000-\000A\000l\000g\000o\000r\000i\000t\000h\000m\000\040\000M\000a\000p\000p\000i\000n\000g}{}% 249
\BOOKMARK [0][-]{appendix.520}{\376\377\000C\000\040\000R\000e\000p\000r\000o\000d\000u\000c\000i\000b\000i\000l\000i\000t\000y}{}% 250
\BOOKMARK [1][-]{section.521}{\376\377\000C\000.\0001\000\040\000D\000a\000t\000a\000\040\000A\000v\000a\000i\000l\000a\000b\000i\000l\000i\000t\000y}{appendix.520}% 251
\BOOKMARK [2][-]{subsection.522}{\376\377\000C\000.\0001\000.\0001\000\040\000G\000r\000o\000u\000n\000d\000\040\000T\000r\000u\000t\000h\000\040\000C\000L\000D\000\040\000D\000a\000t\000a\000s\000e\000t\000s}{section.521}% 252
\BOOKMARK [2][-]{subsection.524}{\376\377\000C\000.\0001\000.\0002\000\040\000V\000a\000l\000i\000d\000a\000t\000i\000o\000n\000\040\000a\000n\000d\000\040\000A\000u\000x\000i\000l\000i\000a\000r\000y\000\040\000D\000a\000t\000a\000s\000e\000t\000s}{section.521}% 253
\BOOKMARK [3][-]{subsubsection.526}{\376\377\000C\000.\0001\000.\0002\000.\0001\000\040\000P\000h\000y\000s\000i\000c\000s\000\040\000C\000L\000D\000\040\000D\000e\000t\000a\000i\000l\000s\000.}{subsection.524}% 254
\BOOKMARK [2][-]{subsection.533}{\376\377\000C\000.\0001\000.\0003\000\040\000E\000x\000p\000e\000r\000i\000m\000e\000n\000t\000\040\000R\000e\000s\000u\000l\000t\000\040\000D\000a\000t\000a\000s\000e\000t\000s\000\040\000b\000y\000\040\000R\000e\000s\000e\000a\000r\000c\000h\000\040\000Q\000u\000e\000s\000t\000i\000o\000n}{section.521}% 255
\BOOKMARK [2][-]{subsection.535}{\376\377\000C\000.\0001\000.\0004\000\040\000F\000i\000n\000a\000l\000\040\000E\000x\000p\000e\000r\000i\000m\000e\000n\000t\000\040\000R\000e\000s\000u\000l\000t\000s}{section.521}% 256
\BOOKMARK [1][-]{section.536}{\376\377\000C\000.\0002\000\040\000C\000o\000d\000e\000\040\000A\000v\000a\000i\000l\000a\000b\000i\000l\000i\000t\000y}{appendix.520}% 257
\BOOKMARK [2][-]{subsection.537}{\376\377\000C\000.\0002\000.\0001\000\040\000E\000x\000p\000e\000r\000i\000m\000e\000n\000t\000\040\000E\000x\000e\000c\000u\000t\000i\000o\000n\000\040\000S\000c\000r\000i\000p\000t\000s}{section.536}% 258
\BOOKMARK [2][-]{subsection.539}{\376\377\000C\000.\0002\000.\0002\000\040\000A\000n\000a\000l\000y\000s\000i\000s\000\040\000S\000c\000r\000i\000p\000t\000s}{section.536}% 259
\BOOKMARK [2][-]{subsection.541}{\376\377\000C\000.\0002\000.\0003\000\040\000C\000o\000m\000p\000l\000e\000t\000e\000\040\000f\000i\000n\000a\000l\000\137\000r\000u\000n\000s\000/\000\040\000S\000c\000r\000i\000p\000t\000\040\000a\000n\000d\000\040\000C\000o\000m\000m\000a\000n\000d\000\040\000I\000n\000v\000e\000n\000t\000o\000r\000y}{section.536}% 260
\BOOKMARK [2][-]{subsection.543}{\376\377\000C\000.\0002\000.\0004\000\040\000P\000r\000o\000m\000p\000t\000\040\000C\000o\000n\000f\000i\000g\000u\000r\000a\000t\000i\000o\000n\000\040\000F\000i\000l\000e\000s}{section.536}% 261
\BOOKMARK [1][-]{section.545}{\376\377\000C\000.\0003\000\040\000S\000o\000f\000t\000w\000a\000r\000e\000\040\000E\000n\000v\000i\000r\000o\000n\000m\000e\000n\000t}{appendix.520}% 262
\BOOKMARK [2][-]{subsection.547}{\376\377\000C\000.\0003\000.\0001\000\040\000E\000n\000v\000i\000r\000o\000n\000m\000e\000n\000t\000\040\000I\000n\000s\000t\000a\000l\000l\000a\000t\000i\000o\000n}{section.545}% 263
\BOOKMARK [2][-]{subsection.548}{\376\377\000C\000.\0003\000.\0002\000\040\000K\000e\000y\000\040\000S\000o\000f\000t\000w\000a\000r\000e\000\040\000D\000e\000p\000e\000n\000d\000e\000n\000c\000i\000e\000s}{section.545}% 264
\BOOKMARK [1][-]{section.550}{\376\377\000C\000.\0004\000\040\000E\000x\000e\000c\000u\000t\000i\000o\000n\000\040\000C\000o\000m\000m\000a\000n\000d\000s}{appendix.520}% 265
\BOOKMARK [2][-]{subsection.551}{\376\377\000C\000.\0004\000.\0001\000\040\000U\000n\000i\000f\000i\000e\000d\000\040\000A\000n\000a\000l\000y\000s\000i\000s\000\040\000E\000n\000t\000r\000y\000\040\000P\000o\000i\000n\000t\000s\000\040\000\050\000S\000i\000n\000g\000l\000e\000-\000c\000o\000m\000m\000a\000n\000d\000\040\000p\000i\000p\000e\000l\000i\000n\000e\000s\000\051}{section.550}% 266
\BOOKMARK [2][-]{subsection.552}{\376\377\000C\000.\0004\000.\0002\000\040\000R\000Q\0001\000\040\000J\000u\000d\000g\000e\000\040\000V\000e\000r\000i\000f\000i\000c\000a\000t\000i\000o\000n\000\040\000\050\000T\000r\000u\000t\000h\000f\000u\000l\000Q\000A\000\051}{section.550}% 267
\BOOKMARK [2][-]{subsection.554}{\376\377\000C\000.\0004\000.\0003\000\040\000R\000Q\0001\000a\000\040\000G\000r\000o\000u\000n\000d\000\040\000T\000r\000u\000t\000h\000\040\000E\000x\000p\000e\000r\000i\000m\000e\000n\000t\000s}{section.550}% 268
\BOOKMARK [2][-]{subsection.555}{\376\377\000C\000.\0004\000.\0004\000\040\000R\000Q\0001\000a\000\040\000C\000o\000r\000r\000u\000p\000t\000i\000o\000n\000\040\000D\000e\000t\000e\000c\000t\000i\000o\000n\000\040\000E\000x\000p\000e\000r\000i\000m\000e\000n\000t\000s}{section.550}% 269
\BOOKMARK [2][-]{subsection.560}{\376\377\000C\000.\0004\000.\0005\000\040\000R\000Q\0001\000b\000\040\000C\000o\000r\000r\000e\000c\000t\000o\000r\000\040\000E\000x\000p\000e\000r\000i\000m\000e\000n\000t\000s}{section.550}% 270
\BOOKMARK [2][-]{subsection.563}{\376\377\000C\000.\0004\000.\0006\000\040\000R\000Q\0001\000a\000\040\000V\000a\000l\000i\000d\000a\000t\000i\000o\000n\000\040\000S\000t\000u\000d\000i\000e\000s}{section.550}% 271
\BOOKMARK [2][-]{subsection.567}{\376\377\000C\000.\0004\000.\0007\000\040\000R\000Q\0002\000\040\000H\000a\000l\000l\000u\000c\000i\000n\000a\000t\000i\000o\000n\000\040\000D\000e\000t\000e\000c\000t\000i\000o\000n\000\040\000A\000n\000a\000l\000y\000s\000i\000s}{section.550}% 272
\BOOKMARK [2][-]{subsection.573}{\376\377\000C\000.\0004\000.\0008\000\040\000R\000Q\0003\000\040\000D\000e\000e\000p\000\040\000R\000e\000s\000e\000a\000r\000c\000h\000\040\000E\000x\000p\000e\000r\000i\000m\000e\000n\000t\000s}{section.550}% 273
\BOOKMARK [2][-]{subsection.582}{\376\377\000C\000.\0004\000.\0009\000\040\000G\000e\000n\000e\000r\000a\000t\000o\000r\000\040\000T\000e\000m\000p\000e\000r\000a\000t\000u\000r\000e\000\040\000S\000e\000n\000s\000i\000t\000i\000v\000i\000t\000y\000\040\000A\000n\000a\000l\000y\000s\000i\000s}{section.550}% 274
\BOOKMARK [2][-]{subsection.584}{\376\377\000C\000.\0004\000.\0001\0000\000\040\000G\000e\000n\000e\000r\000a\000t\000o\000r\000\040\000M\000o\000d\000e\000l\000\040\000C\000o\000m\000p\000a\000r\000i\000s\000o\000n}{section.550}% 275
\BOOKMARK [2][-]{subsection.586}{\376\377\000C\000.\0004\000.\0001\0001\000\040\000R\000a\000n\000d\000o\000m\000\040\000B\000a\000s\000e\000l\000i\000n\000e\000\040\000G\000e\000n\000e\000r\000a\000t\000o\000r}{section.550}% 276
\BOOKMARK [2][-]{subsection.588}{\376\377\000C\000.\0004\000.\0001\0002\000\040\000P\000r\000o\000m\000p\000t\000\040\000S\000e\000n\000s\000i\000t\000i\000v\000i\000t\000y\000\040\000A\000n\000a\000l\000y\000s\000i\000s}{section.550}% 277
\BOOKMARK [2][-]{subsection.590}{\376\377\000C\000.\0004\000.\0001\0003\000\040\000P\000a\000r\000a\000l\000l\000e\000l\000i\000z\000a\000t\000i\000o\000n\000\040\000B\000e\000n\000c\000h\000m\000a\000r\000k}{section.550}% 278
\BOOKMARK [2][-]{subsection.592}{\376\377\000C\000.\0004\000.\0001\0004\000\040\000T\000i\000m\000e\000\040\000a\000n\000d\000\040\000C\000o\000s\000t\000\040\000S\000c\000a\000l\000i\000n\000g\000\040\000A\000n\000a\000l\000y\000s\000i\000s}{section.550}% 279
\BOOKMARK [2][-]{subsection.596}{\376\377\000C\000.\0004\000.\0001\0005\000\040\000P\000h\000y\000s\000i\000c\000s\000\040\000C\000L\000D\000\040\000V\000a\000l\000i\000d\000a\000t\000i\000o\000n}{section.550}% 280
\BOOKMARK [2][-]{subsection.598}{\376\377\000C\000.\0004\000.\0001\0006\000\040\000C\000o\000s\000t\000\040\000A\000n\000a\000l\000y\000s\000i\000s}{section.550}% 281
\BOOKMARK [2][-]{subsection.600}{\376\377\000C\000.\0004\000.\0001\0007\000\040\000P\000o\000w\000e\000r\000\040\000A\000n\000a\000l\000y\000s\000i\000s}{section.550}% 282
\BOOKMARK [2][-]{subsection.601}{\376\377\000C\000.\0004\000.\0001\0008\000\040\000E\000m\000b\000e\000d\000d\000i\000n\000g\000\040\000M\000o\000d\000e\000l\000\040\000B\000e\000n\000c\000h\000m\000a\000r\000k}{section.550}% 283
\BOOKMARK [1][-]{section.603}{\376\377\000C\000.\0005\000\040\000O\000u\000t\000p\000u\000t\000\040\000A\000r\000t\000e\000f\000a\000c\000t\000s}{appendix.520}% 284
\BOOKMARK [2][-]{subsection.604}{\376\377\000C\000.\0005\000.\0001\000\040\000M\000e\000t\000a\000d\000a\000t\000a\000\040\000F\000i\000l\000e\000s}{section.603}% 285
\BOOKMARK [2][-]{subsection.605}{\376\377\000C\000.\0005\000.\0002\000\040\000R\000e\000s\000u\000l\000t\000\040\000F\000i\000l\000e\000s}{section.603}% 286
\BOOKMARK [2][-]{subsection.607}{\376\377\000C\000.\0005\000.\0003\000\040\000N\000a\000m\000i\000n\000g\000\040\000C\000o\000n\000v\000e\000n\000t\000i\000o\000n}{section.603}% 287
\BOOKMARK [1][-]{section.608}{\376\377\000C\000.\0006\000\040\000O\000u\000t\000p\000u\000t\000\040\000T\000o\000k\000e\000n\000\040\000V\000e\000r\000i\000f\000i\000c\000a\000t\000i\000o\000n}{appendix.520}% 288
\BOOKMARK [0][-]{appendix.610}{\376\377\000D\000\040\000S\000t\000a\000t\000i\000s\000t\000i\000c\000a\000l\000\040\000P\000r\000o\000c\000e\000d\000u\000r\000e\000s\000\040\000R\000e\000f\000e\000r\000e\000n\000c\000e}{}% 289
\BOOKMARK [1][-]{subsubsection.611}{\376\377\000D\000.\0000\000.\0000\000.\0001\000\040\000O\000m\000n\000i\000b\000u\000s\000\040\000a\000n\000d\000\040\000P\000o\000s\000t\000-\000H\000o\000c\000\040\000T\000e\000s\000t\000s\000.}{appendix.610}% 290
\BOOKMARK [2][-]{subsubsection.612}{\376\377\000D\000.\0000\000.\0000\000.\0002\000\040\000P\000a\000r\000a\000m\000e\000t\000r\000i\000c\000\040\000S\000e\000n\000s\000i\000t\000i\000v\000i\000t\000y\000\040\000A\000n\000a\000l\000y\000s\000i\000s\000\040\000\050\000A\000p\000p\000e\000n\000d\000i\000x\000\040\000A\000\051\000.}{subsubsection.611}% 291
\BOOKMARK [3][-]{subsubsection.613}{\376\377\000D\000.\0000\000.\0000\000.\0003\000\040\000M\000u\000l\000t\000i\000p\000l\000e\000-\000C\000o\000m\000p\000a\000r\000i\000s\000o\000n\000\040\000a\000n\000d\000\040\000I\000n\000t\000e\000r\000v\000a\000l\000\040\000M\000e\000t\000h\000o\000d\000s\000.}{subsubsection.612}% 292
\BOOKMARK [3][-]{subsubsection.614}{\376\377\000D\000.\0000\000.\0000\000.\0004\000\040\000R\000Q\0002\000\040\000C\000l\000a\000s\000s\000i\000f\000i\000e\000r\000\040\000A\000l\000g\000o\000r\000i\000t\000h\000m\000s\000\040\000\050\000E\000n\000s\000e\000m\000b\000l\000e\000\040\000M\000o\000d\000e\000l\000s\000,\000\040\000H\000y\000p\000e\000r\000p\000a\000r\000a\000m\000e\000t\000e\000r\000s\000\051\000.}{subsubsection.612}% 293
\BOOKMARK [0][-]{appendix.615}{\376\377\000E\000\040\000E\000x\000p\000e\000r\000i\000m\000e\000n\000t\000a\000l\000\040\000P\000r\000o\000m\000p\000t\000s}{}% 294
\BOOKMARK [1][-]{section.616}{\376\377\000E\000.\0001\000\040\000P\000r\000o\000m\000p\000t\000\040\000F\000i\000l\000e\000\040\000L\000o\000c\000a\000t\000i\000o\000n\000s}{appendix.615}% 295
\BOOKMARK [1][-]{section.617}{\376\377\000E\000.\0002\000\040\000F\000u\000l\000l\000\040\000P\000r\000o\000m\000p\000t\000\040\000T\000e\000x\000t\000:\000\040\000G\000e\000n\000e\000r\000a\000t\000o\000r\000\040\000\050\000N\000i\000t\000a\000i\000\137\000C\000\051}{appendix.615}% 296
\BOOKMARK [2][-]{subsection.618}{\376\377\000E\000.\0002\000.\0001\000\040\000g\000e\000n\000e\000r\000a\000t\000e\000N\000o\000d\000e\000s\000\040\000P\000r\000o\000m\000p\000t}{section.617}% 297
\BOOKMARK [2][-]{subsection.619}{\376\377\000E\000.\0002\000.\0002\000\040\000g\000e\000n\000e\000r\000a\000t\000e\000E\000d\000g\000e\000s\000\040\000P\000r\000o\000m\000p\000t}{section.617}% 298
\BOOKMARK [1][-]{section.620}{\376\377\000E\000.\0003\000\040\000F\000u\000l\000l\000\040\000P\000r\000o\000m\000p\000t\000\040\000T\000e\000x\000t\000:\000\040\000C\000o\000r\000r\000e\000c\000t\000n\000e\000s\000s\000\040\000J\000u\000d\000g\000e}{appendix.615}% 299
\BOOKMARK [2][-]{subsection.621}{\376\377\000E\000.\0003\000.\0001\000\040\000B\000a\000s\000e\000l\000i\000n\000e\000\040\000V\000a\000r\000i\000a\000n\000t}{section.620}% 300
\BOOKMARK [2][-]{subsection.622}{\376\377\000E\000.\0003\000.\0002\000\040\000C\000h\000a\000i\000n\000-\000o\000f\000-\000T\000h\000o\000u\000g\000h\000t\000\040\000\050\000C\000o\000T\000\051\000\040\000V\000a\000r\000i\000a\000n\000t}{section.620}% 301
\BOOKMARK [2][-]{subsection.623}{\376\377\000E\000.\0003\000.\0003\000\040\000M\000e\000c\000h\000a\000n\000i\000s\000t\000i\000c\000\040\000V\000a\000r\000i\000a\000n\000t\000\040\000\050\000B\000r\000a\000d\000f\000o\000r\000d\000\040\000H\000i\000l\000l\000\040\000C\000r\000i\000t\000e\000r\000i\000a\000\051}{section.620}% 302
\BOOKMARK [1][-]{section.624}{\376\377\000E\000.\0004\000\040\000F\000u\000l\000l\000\040\000P\000r\000o\000m\000p\000t\000\040\000T\000e\000x\000t\000:\000\040\000C\000i\000t\000a\000t\000i\000o\000n\000\040\000J\000u\000d\000g\000e}{appendix.615}% 303
\BOOKMARK [2][-]{subsection.625}{\376\377\000E\000.\0004\000.\0001\000\040\000B\000a\000s\000e\000l\000i\000n\000e\000\040\000V\000a\000r\000i\000a\000n\000t}{section.624}% 304
\BOOKMARK [2][-]{subsection.626}{\376\377\000E\000.\0004\000.\0002\000\040\000C\000h\000a\000i\000n\000-\000o\000f\000-\000T\000h\000o\000u\000g\000h\000t\000\040\000\050\000C\000o\000T\000\051\000\040\000V\000a\000r\000i\000a\000n\000t}{section.624}% 305
\BOOKMARK [2][-]{subsection.627}{\376\377\000E\000.\0004\000.\0003\000\040\000M\000e\000c\000h\000a\000n\000i\000s\000t\000i\000c\000\040\000V\000a\000r\000i\000a\000n\000t\000\040\000\050\000B\000r\000a\000d\000f\000o\000r\000d\000\040\000H\000i\000l\000l\000\051}{section.624}% 306
\BOOKMARK [2][-]{subsection.628}{\376\377\000E\000.\0004\000.\0004\000\040\000M\000e\000c\000h\000a\000n\000i\000s\000t\000i\000c\000-\000L\000i\000t\000e\000r\000a\000t\000u\000r\000e\000\040\000V\000a\000r\000i\000a\000n\000t}{section.624}% 307
\BOOKMARK [1][-]{section.629}{\376\377\000E\000.\0005\000\040\000F\000u\000l\000l\000\040\000P\000r\000o\000m\000p\000t\000\040\000T\000e\000x\000t\000:\000\040\000C\000o\000r\000r\000e\000c\000t\000o\000r}{appendix.615}% 308
\BOOKMARK [2][-]{subsection.630}{\376\377\000E\000.\0005\000.\0001\000\040\000B\000a\000s\000e\000l\000i\000n\000e\000\040\000V\000a\000r\000i\000a\000n\000t}{section.629}% 309
\BOOKMARK [2][-]{subsection.631}{\376\377\000E\000.\0005\000.\0002\000\040\000C\000o\000T\000\040\000V\000a\000r\000i\000a\000n\000t}{section.629}% 310
\BOOKMARK [2][-]{subsection.632}{\376\377\000E\000.\0005\000.\0003\000\040\000M\000e\000c\000h\000a\000n\000i\000s\000t\000i\000c\000\040\000V\000a\000r\000i\000a\000n\000t\000\040\000\050\000B\000r\000a\000d\000f\000o\000r\000d\000\040\000H\000i\000l\000l\000\051}{section.629}% 311
\BOOKMARK [1][-]{section.633}{\376\377\000E\000.\0006\000\040\000P\000r\000o\000m\000p\000t\000\040\000E\000n\000g\000i\000n\000e\000e\000r\000i\000n\000g\000\040\000A\000b\000l\000a\000t\000i\000o\000n\000\040\000S\000t\000u\000d\000y}{appendix.615}% 312
\BOOKMARK [2][-]{subsection.634}{\376\377\000E\000.\0006\000.\0001\000\040\000E\000x\000p\000e\000r\000i\000m\000e\000n\000t\000a\000l\000\040\000D\000e\000s\000i\000g\000n}{section.633}% 313
\BOOKMARK [2][-]{subsection.635}{\376\377\000E\000.\0006\000.\0002\000\040\000P\000r\000o\000m\000p\000t\000\040\000E\000n\000g\000i\000n\000e\000e\000r\000i\000n\000g\000\040\000T\000e\000c\000h\000n\000i\000q\000u\000e\000s}{section.633}% 314
\BOOKMARK [2][-]{subsection.637}{\376\377\000E\000.\0006\000.\0003\000\040\000R\000e\000s\000u\000l\000t\000s}{section.633}% 315
\BOOKMARK [2][-]{subsection.640}{\376\377\000E\000.\0006\000.\0004\000\040\000K\000e\000y\000\040\000F\000i\000n\000d\000i\000n\000g\000s}{section.633}% 316
\BOOKMARK [2][-]{subsection.641}{\376\377\000E\000.\0006\000.\0005\000\040\000I\000n\000t\000e\000r\000p\000r\000e\000t\000a\000t\000i\000o\000n}{section.633}% 317
\BOOKMARK [2][-]{subsection.642}{\376\377\000E\000.\0006\000.\0006\000\040\000L\000i\000m\000i\000t\000a\000t\000i\000o\000n\000s}{section.633}% 318
\BOOKMARK [1][-]{section.643}{\376\377\000E\000.\0007\000\040\000G\000e\000n\000e\000r\000a\000t\000o\000r\000\040\000D\000e\000s\000i\000g\000n\000\040\000R\000a\000t\000i\000o\000n\000a\000l\000e}{appendix.615}% 319
\BOOKMARK [1][-]{section.644}{\376\377\000E\000.\0008\000\040\000G\000e\000n\000e\000r\000a\000t\000o\000r\000\040\000P\000r\000o\000m\000p\000t\000\040\000\050\000N\000i\000t\000a\000i\000\137\000C\000\051}{appendix.615}% 320
\BOOKMARK [1][-]{section.653}{\376\377\000E\000.\0009\000\040\000E\000d\000g\000e\000\040\000G\000e\000n\000e\000r\000a\000t\000i\000o\000n\000\040\000A\000b\000l\000a\000t\000i\000o\000n\000\040\000P\000r\000o\000m\000p\000t\000s}{appendix.615}% 321
\BOOKMARK [0][-]{appendix.654}{\376\377\000F\000\040\000N\000o\000d\000e\000\040\000G\000e\000n\000e\000r\000a\000t\000i\000o\000n\000\040\000P\000r\000o\000m\000p\000t\000\040\000A\000b\000l\000a\000t\000i\000o\000n}{}% 322
\BOOKMARK [1][-]{section.656}{\376\377\000F\000.\0001\000\040\000N\000o\000d\000e\000\040\000G\000e\000n\000e\000r\000a\000t\000i\000o\000n\000\040\000P\000r\000o\000m\000p\000t\000s}{appendix.654}% 323
\BOOKMARK [0][-]{appendix.657}{\376\377\000G\000\040\000E\000m\000b\000e\000d\000d\000i\000n\000g\000\040\000M\000o\000d\000e\000l\000\040\000B\000e\000n\000c\000h\000m\000a\000r\000k}{}% 324
\BOOKMARK [0][-]{appendix.660}{\376\377\000H\000\040\000A\000l\000g\000o\000r\000i\000t\000h\000m\000i\000c\000\040\000D\000e\000s\000c\000r\000i\000p\000t\000i\000o\000n\000s}{}% 325
\BOOKMARK [1][-]{section.661}{\376\377\000H\000.\0001\000\040\000A\000l\000g\000o\000r\000i\000t\000h\000m\000\040\0000\000:\000\040\000C\000L\000D\000\040\000G\000e\000n\000e\000r\000a\000t\000i\000o\000n}{appendix.660}% 326
\BOOKMARK [1][-]{section.663}{\376\377\000H\000.\0002\000\040\000A\000l\000g\000o\000r\000i\000t\000h\000m\000\040\0001\000:\000\040\000J\000u\000d\000g\000e\000-\000C\000o\000r\000r\000e\000c\000t\000n\000e\000s\000s}{appendix.660}% 327
\BOOKMARK [1][-]{section.665}{\376\377\000H\000.\0003\000\040\000A\000l\000g\000o\000r\000i\000t\000h\000m\000\040\0002\000:\000\040\000J\000u\000d\000g\000e\000-\000C\000i\000t\000a\000t\000i\000o\000n}{appendix.660}% 328
\BOOKMARK [1][-]{section.667}{\376\377\000H\000.\0004\000\040\000A\000l\000g\000o\000r\000i\000t\000h\000m\000\040\0003\000:\000\040\000C\000o\000r\000r\000u\000p\000t\000i\000o\000n}{appendix.660}% 329
\BOOKMARK [1][-]{section.669}{\376\377\000H\000.\0005\000\040\000A\000l\000g\000o\000r\000i\000t\000h\000m\000\040\0004\000:\000\040\000C\000o\000r\000r\000e\000c\000t\000o\000r}{appendix.660}% 330
\BOOKMARK [1][-]{section.671}{\376\377\000H\000.\0006\000\040\000A\000l\000g\000o\000r\000i\000t\000h\000m\000\040\0005\000:\000\040\000U\000Q\000\040\000M\000e\000t\000r\000i\000c\000s\000\040\000C\000o\000m\000p\000u\000t\000a\000t\000i\000o\000n}{appendix.660}% 331
\BOOKMARK [1][-]{section.673}{\376\377\000H\000.\0007\000\040\000A\000l\000g\000o\000r\000i\000t\000h\000m\000\040\0006\000:\000\040\000H\000a\000l\000l\000u\000c\000i\000n\000a\000t\000i\000o\000n\000\040\000C\000l\000a\000s\000s\000i\000f\000i\000c\000a\000t\000i\000o\000n}{appendix.660}% 332
\BOOKMARK [1][-]{section.675}{\376\377\000H\000.\0008\000\040\000A\000l\000g\000o\000r\000i\000t\000h\000m\000\040\0007\000:\000\040\000C\000i\000t\000a\000t\000i\000o\000n\000\040\000S\000e\000a\000r\000c\000h\000\040\000\050\000B\000r\000a\000v\000e\000\051}{appendix.660}% 333
\BOOKMARK [1][-]{section.677}{\376\377\000H\000.\0009\000\040\000A\000l\000g\000o\000r\000i\000t\000h\000m\000\040\0008\000:\000\040\000C\000i\000t\000a\000t\000i\000o\000n\000\040\000F\000e\000t\000c\000h\000e\000r}{appendix.660}% 334
\BOOKMARK [1][-]{section.679}{\376\377\000H\000.\0001\0000\000\040\000D\000e\000e\000p\000\040\000R\000e\000s\000e\000a\000r\000c\000h\000\040\000M\000u\000l\000t\000i\000-\000A\000g\000e\000n\000t\000\040\000C\000o\000m\000p\000o\000n\000e\000n\000t\000s}{appendix.660}% 335
\BOOKMARK [1][-]{section.681}{\376\377\000H\000.\0001\0001\000\040\000A\000l\000g\000o\000r\000i\000t\000h\000m\000\040\0009\000:\000\040\000D\000e\000e\000p\000\040\000R\000e\000s\000e\000a\000r\000c\000h\000\040\000M\000u\000l\000t\000i\000-\000A\000g\000e\000n\000t\000\040\000P\000i\000p\000e\000l\000i\000n\000e}{appendix.660}% 336
\BOOKMARK [1][-]{section.683}{\376\377\000H\000.\0001\0002\000\040\000A\000l\000g\000o\000r\000i\000t\000h\000m\000\040\0001\0000\000:\000\040\000N\000o\000d\000e\000\040\000C\000o\000n\000c\000e\000p\000t\000\040\000S\000i\000m\000i\000l\000a\000r\000i\000t\000y\000\040\000\050\000S\000i\000m\000i\000l\000a\000r\000i\000t\000y\000-\000W\000e\000i\000g\000h\000t\000e\000d\000\040\000N\000o\000d\000e\000\040\000F\0001\000\051}{appendix.660}% 337
\BOOKMARK [0][-]{appendix.685}{\376\377\000I\000\040\000R\000O\000C\000\040\000C\000u\000r\000v\000e\000s}{}% 338
\BOOKMARK [1][-]{section.686}{\376\377\000I\000.\0001\000\040\000C\000o\000r\000r\000u\000p\000t\000i\000o\000n\000\040\000D\000e\000t\000e\000c\000t\000i\000o\000n\000\040\000C\000o\000r\000r\000e\000c\000t\000n\000e\000s\000s\000\040\000R\000O\000C\000\040\000C\000u\000r\000v\000e\000s}{appendix.685}% 339
\BOOKMARK [1][-]{section.688}{\376\377\000I\000.\0002\000\040\000C\000o\000r\000r\000u\000p\000t\000i\000o\000n\000\040\000D\000e\000t\000e\000c\000t\000i\000o\000n\000\040\000C\000i\000t\000a\000t\000i\000o\000n\000\040\000R\000O\000C\000\040\000C\000u\000r\000v\000e\000s}{appendix.685}% 340
\BOOKMARK [1][-]{section.690}{\376\377\000I\000.\0003\000\040\000G\000r\000o\000u\000n\000d\000\040\000T\000r\000u\000t\000h\000\040\000C\000o\000r\000r\000e\000c\000t\000n\000e\000s\000s\000\040\000R\000O\000C\000\040\000C\000u\000r\000v\000e\000s}{appendix.685}% 341
\BOOKMARK [1][-]{section.692}{\376\377\000I\000.\0004\000\040\000G\000r\000o\000u\000n\000d\000\040\000T\000r\000u\000t\000h\000\040\000C\000i\000t\000a\000t\000i\000o\000n\000\040\000R\000O\000C\000\040\000C\000u\000r\000v\000e\000s}{appendix.685}% 342
\BOOKMARK [0][-]{appendix.694}{\376\377\000J\000\040\000D\000e\000t\000a\000i\000l\000e\000d\000\040\000E\000x\000p\000e\000r\000i\000m\000e\000n\000t\000a\000l\000\040\000S\000p\000e\000c\000i\000f\000i\000c\000a\000t\000i\000o\000n\000s}{}% 343
\BOOKMARK [1][-]{section.695}{\376\377\000J\000.\0001\000\040\000P\000r\000e\000l\000i\000m\000i\000n\000a\000r\000y\000:\000\040\000G\000e\000n\000e\000r\000a\000t\000o\000r\000\040\000S\000e\000l\000e\000c\000t\000i\000o\000n}{appendix.694}% 344
\BOOKMARK [2][-]{subsubsection.696}{\376\377\000J\000.\0001\000.\0000\000.\0001\000\040\000G\000e\000n\000e\000r\000a\000t\000o\000r\000\040\000M\000o\000d\000e\000l\000\040\000S\000e\000l\000e\000c\000t\000i\000o\000n}{section.695}% 345
\BOOKMARK [3][-]{subsubsection.697}{\376\377\000J\000.\0001\000.\0000\000.\0002\000\040\000G\000e\000n\000e\000r\000a\000t\000o\000r\000\040\000P\000r\000o\000m\000p\000t\000\040\000S\000e\000l\000e\000c\000t\000i\000o\000n\000\040\000\050\000N\000i\000t\000a\000i\000\137\000C\000\051}{subsubsection.696}% 346
\BOOKMARK [3][-]{subsubsection.698}{\376\377\000J\000.\0001\000.\0000\000.\0003\000\040\000G\000e\000n\000e\000r\000a\000t\000o\000r\000\040\000T\000e\000m\000p\000e\000r\000a\000t\000u\000r\000e\000\040\000S\000e\000l\000e\000c\000t\000i\000o\000n}{subsubsection.696}% 347
\BOOKMARK [1][-]{section.699}{\376\377\000J\000.\0002\000\040\000P\000r\000e\000l\000i\000m\000i\000n\000a\000r\000i\000e\000s\000:\000\040\000G\000e\000n\000e\000r\000a\000t\000o\000r\000\040\000P\000e\000r\000f\000o\000r\000m\000a\000n\000c\000e}{appendix.694}% 348
\BOOKMARK [1][-]{section.700}{\376\377\000J\000.\0003\000\040\000P\000r\000e\000l\000i\000m\000i\000n\000a\000r\000y\000:\000\040\000T\000r\000u\000t\000h\000f\000u\000l\000Q\000A\000\040\000V\000e\000r\000i\000f\000i\000c\000a\000t\000i\000o\000n}{appendix.694}% 349
\BOOKMARK [1][-]{section.701}{\376\377\000J\000.\0004\000\040\000R\000Q\0001\000a\000:\000\040\000L\000L\000M\000-\000a\000s\000-\000a\000-\000J\000u\000d\000g\000e\000\040\000H\000a\000l\000l\000u\000c\000i\000n\000a\000t\000i\000o\000n\000\040\000D\000e\000t\000e\000c\000t\000i\000o\000n}{appendix.694}% 350
\BOOKMARK [2][-]{subsubsection.702}{\376\377\000J\000.\0004\000.\0000\000.\0001\000\040\000R\000Q\0001\000a\000:\000\040\000C\000o\000r\000r\000e\000c\000t\000n\000e\000s\000s\000\040\000J\000u\000d\000g\000e\000\040\000\050\000L\000i\000t\000\051}{section.701}% 351
\BOOKMARK [3][-]{subsubsection.703}{\376\377\000J\000.\0004\000.\0000\000.\0002\000\040\000R\000Q\0001\000a\000:\000\040\000C\000o\000r\000r\000e\000c\000t\000n\000e\000s\000s\000\040\000J\000u\000d\000g\000e\000\040\000\050\000S\000y\000n\000t\000h\000\051}{subsubsection.702}% 352
\BOOKMARK [3][-]{subsubsection.704}{\376\377\000J\000.\0004\000.\0000\000.\0003\000\040\000R\000Q\0001\000a\000:\000\040\000C\000i\000t\000a\000t\000i\000o\000n\000\040\000J\000u\000d\000g\000e\000\040\000\050\000L\000i\000t\000\051}{subsubsection.702}% 353
\BOOKMARK [3][-]{subsubsection.705}{\376\377\000J\000.\0004\000.\0000\000.\0004\000\040\000R\000Q\0001\000a\000:\000\040\000C\000i\000t\000a\000t\000i\000o\000n\000\040\000J\000u\000d\000g\000e\000\040\000\050\000S\000y\000n\000t\000h\000\051}{subsubsection.702}% 354
\BOOKMARK [1][-]{section.706}{\376\377\000J\000.\0005\000\040\000S\000e\000n\000s\000i\000t\000i\000v\000i\000t\000y\000:\000\040\000P\000r\000o\000m\000p\000t\000\040\000S\000e\000n\000s\000i\000t\000i\000v\000i\000t\000y\000\040\000A\000n\000a\000l\000y\000s\000i\000s}{appendix.694}% 355
\BOOKMARK [1][-]{section.708}{\376\377\000J\000.\0006\000\040\000V\000a\000l\000i\000d\000a\000t\000i\000o\000n\000:\000\040\000U\000l\000e\000m\000a\000n\000'\000s\000\040\000P\000r\000o\000v\000i\000d\000e\000r\000\040\000S\000t\000u\000d\000y}{appendix.694}% 356
\BOOKMARK [2][-]{subsection.709}{\376\377\000J\000.\0006\000.\0001\000\040\000S\000e\000a\000r\000c\000h\000\040\000P\000r\000o\000v\000i\000d\000e\000r\000\040\000C\000o\000m\000p\000a\000r\000i\000s\000o\000n\000\040\000\050\000U\000l\000e\000m\000a\000n\000'\000s\000\040\000C\000L\000D\000\051}{section.708}% 357
\BOOKMARK [2][-]{subsection.710}{\376\377\000J\000.\0006\000.\0002\000\040\000H\000u\000m\000a\000n\040\023\000L\000L\000M\000\040\000A\000g\000r\000e\000e\000m\000e\000n\000t}{section.708}% 358
\BOOKMARK [2][-]{subsection.711}{\376\377\000J\000.\0006\000.\0003\000\040\000P\000h\000y\000s\000i\000c\000s\000\040\000S\000a\000n\000i\000t\000y\000\040\000C\000h\000e\000c\000k}{section.708}% 359
\BOOKMARK [2][-]{subsection.716}{\376\377\000J\000.\0006\000.\0004\000\040\000R\000e\000t\000r\000i\000e\000v\000a\000l\000\040\000S\000u\000c\000c\000e\000s\000s\000\040\000A\000n\000a\000l\000y\000s\000i\000s}{section.708}% 360
\BOOKMARK [1][-]{section.719}{\376\377\000J\000.\0007\000\040\000R\000Q\0001\000b\000:\000\040\000L\000L\000M\000-\000a\000s\000-\000a\000-\000C\000o\000r\000r\000e\000c\000t\000o\000r\000\040\000E\000v\000a\000l\000u\000a\000t\000i\000o\000n}{appendix.694}% 361
\BOOKMARK [2][-]{subsubsection.720}{\376\377\000J\000.\0007\000.\0000\000.\0001\000\040\000R\000Q\0001\000b\000:\000\040\000C\000o\000r\000r\000e\000c\000t\000n\000e\000s\000s\000\040\000C\000o\000r\000r\000e\000c\000t\000o\000r\000\040\000\050\000S\000y\000n\000t\000h\000\051}{section.719}% 362
\BOOKMARK [3][-]{subsubsection.721}{\376\377\000J\000.\0007\000.\0000\000.\0002\000\040\000R\000Q\0001\000b\000:\000\040\000C\000o\000r\000r\000e\000c\000t\000n\000e\000s\000s\000\040\000C\000o\000r\000r\000e\000c\000t\000o\000r\000\040\000\050\000L\000i\000t\000\051}{subsubsection.720}% 363
\BOOKMARK [1][-]{section.722}{\376\377\000J\000.\0008\000\040\000R\000Q\0002\000:\000\040\000C\000o\000r\000p\000u\000s\000-\000I\000n\000d\000e\000p\000e\000n\000d\000e\000n\000t\000\040\000H\000a\000l\000l\000u\000c\000i\000n\000a\000t\000i\000o\000n\000\040\000D\000e\000t\000e\000c\000t\000i\000o\000n}{appendix.694}% 364
\BOOKMARK [2][-]{subsubsection.723}{\376\377\000J\000.\0008\000.\0000\000.\0001\000\040\000R\000Q\0002\000:\000\040\000U\000Q\000\040\000\050\000L\000o\000g\000p\000r\000o\000b\000s\000\051}{section.722}% 365
\BOOKMARK [3][-]{subsubsection.724}{\376\377\000J\000.\0008\000.\0000\000.\0002\000\040\000R\000Q\0002\000:\000\040\000C\000o\000s\000S\000i\000m\000\040\000\050\000E\000m\000b\000e\000d\000d\000i\000n\000g\000s\000\051}{subsubsection.723}% 366
\BOOKMARK [3][-]{subsubsection.725}{\376\377\000J\000.\0008\000.\0000\000.\0003\000\040\000R\000Q\0002\000:\000\040\000A\000n\000a\000l\000y\000s\000i\000s\000\040\000P\000i\000p\000e\000l\000i\000n\000e\000\040\000\050\0006\000\040\000P\000h\000a\000s\000e\000s\000\051}{subsubsection.723}% 367
\BOOKMARK [1][-]{section.726}{\376\377\000J\000.\0009\000\040\000R\000Q\0003\000:\000\040\000D\000e\000e\000p\000\040\000R\000e\000s\000e\000a\000r\000c\000h\000\040\000L\000i\000t\000e\000r\000a\000t\000u\000r\000e\000\040\000V\000a\000l\000i\000d\000a\000t\000i\000o\000n}{appendix.694}% 368
\BOOKMARK [2][-]{subsubsection.727}{\376\377\000J\000.\0009\000.\0000\000.\0001\000\040\000D\000e\000e\000p\000\040\000R\000e\000s\000e\000a\000r\000c\000h}{section.726}% 369
\BOOKMARK [3][-]{subsubsection.728}{\376\377\000J\000.\0009\000.\0000\000.\0002\000\040\000C\000o\000m\000p\000u\000t\000a\000t\000i\000o\000n\000a\000l\000\040\000C\000o\000s\000t}{subsubsection.727}% 370
\BOOKMARK [3][-]{subsubsection.729}{\376\377\000J\000.\0009\000.\0000\000.\0003\000\040\000L\000i\000m\000i\000t\000a\000t\000i\000o\000n\000s}{subsubsection.727}% 371
\BOOKMARK [3][-]{subsubsection.730}{\376\377\000J\000.\0009\000.\0000\000.\0004\000\040\000E\000x\000p\000l\000o\000r\000a\000t\000o\000r\000y\000\040\000A\000n\000a\000l\000y\000s\000i\000s\000:\000\040\000G\000r\000o\000u\000n\000d\000\040\000T\000r\000u\000t\000h\000\040\000E\000n\000r\000i\000c\000h\000m\000e\000n\000t}{subsubsection.727}% 372
\BOOKMARK [3][-]{subsubsection.731}{\376\377\000J\000.\0009\000.\0000\000.\0005\000\040\000H\000u\000m\000a\000n\000\040\000V\000a\000l\000i\000d\000a\000t\000i\000o\000n}{subsubsection.727}% 373
\BOOKMARK [3][-]{subsubsection.732}{\376\377\000J\000.\0009\000.\0000\000.\0006\000\040\000T\000h\000r\000e\000s\000h\000o\000l\000d\000\040\000S\000e\000l\000e\000c\000t\000i\000o\000n\000\040\000a\000n\000d\000\040\000E\000x\000t\000r\000a\000p\000o\000l\000a\000t\000i\000o\000n}{subsubsection.727}% 374
\BOOKMARK [3][-]{subsubsection.733}{\376\377\000J\000.\0009\000.\0000\000.\0007\000\040\000S\000m\000a\000r\000t\000\040\000T\000r\000i\000g\000g\000e\000r}{subsubsection.727}% 375
\BOOKMARK [0][-]{dummy.734}{\376\377\000B\000i\000b\000l\000i\000o\000g\000r\000a\000p\000h\000y}{}% 376
