Rc files read:
  /etc/LatexMk
Latexmk: This is Latexmk, John Collins, 31 Jan. 2024. Version 4.83.
Latexmk: applying rule 'pdflatex'...
Rule 'pdflatex':  Reasons for rerun
Changed files or newly in use/created:
  final_results.tex
Category 'changed_user':
  final_results.tex

------------
Run number 1 of rule 'pdflatex'
------------
------------
Running 'pdflatex  -interaction=nonstopmode -halt-on-error -recorder  "final_results.tex"'
------------
This is pdfTeX, Version 3.141592653-2.6-1.40.25 (TeX Live 2023/Debian) (preloaded format=pdflatex)
 restricted \write18 enabled.
entering extended mode
(./final_results.tex
LaTeX2e <2023-11-01> patch level 1
L3 programming layer <2024-01-22>
(/usr/share/texlive/texmf-dist/tex/latex/base/article.cls
Document Class: article 2023/05/17 v1.4n Standard LaTeX document class
(/usr/share/texlive/texmf-dist/tex/latex/base/size10.clo))
(/usr/share/texlive/texmf-dist/tex/latex/geometry/geometry.sty
(/usr/share/texlive/texmf-dist/tex/latex/graphics/keyval.sty)
(/usr/share/texlive/texmf-dist/tex/generic/iftex/ifvtex.sty
(/usr/share/texlive/texmf-dist/tex/generic/iftex/iftex.sty)))
(/usr/share/texlive/texmf-dist/tex/latex/graphics/graphicx.sty
(/usr/share/texlive/texmf-dist/tex/latex/graphics/graphics.sty
(/usr/share/texlive/texmf-dist/tex/latex/graphics/trig.sty)
(/usr/share/texlive/texmf-dist/tex/latex/graphics-cfg/graphics.cfg)
(/usr/share/texlive/texmf-dist/tex/latex/graphics-def/pdftex.def)))
(/usr/share/texlive/texmf-dist/tex/latex/float/float.sty)
(/usr/share/texlive/texmf-dist/tex/latex/caption/caption.sty
(/usr/share/texlive/texmf-dist/tex/latex/caption/caption3.sty))
(/usr/share/texlive/texmf-dist/tex/latex/caption/subcaption.sty)
(/usr/share/texlive/texmf-dist/tex/latex/capt-of/capt-of.sty)
(/usr/share/texlive/texmf-dist/tex/latex/booktabs/booktabs.sty)
(/usr/share/texlive/texmf-dist/tex/latex/amsmath/amsmath.sty
For additional information on amsmath, use the `?' option.
(/usr/share/texlive/texmf-dist/tex/latex/amsmath/amstext.sty
(/usr/share/texlive/texmf-dist/tex/latex/amsmath/amsgen.sty))
(/usr/share/texlive/texmf-dist/tex/latex/amsmath/amsbsy.sty)
(/usr/share/texlive/texmf-dist/tex/latex/amsmath/amsopn.sty))
(/usr/share/texlive/texmf-dist/tex/latex/threeparttable/threeparttable.sty)
(/usr/share/texlive/texmf-dist/tex/latex/enumitem/enumitem.sty)
(/usr/share/texlive/texmf-dist/tex/latex/hyperref/hyperref.sty
(/usr/share/texlive/texmf-dist/tex/latex/kvsetkeys/kvsetkeys.sty)
(/usr/share/texlive/texmf-dist/tex/generic/kvdefinekeys/kvdefinekeys.sty)
(/usr/share/texlive/texmf-dist/tex/generic/pdfescape/pdfescape.sty
(/usr/share/texlive/texmf-dist/tex/generic/ltxcmds/ltxcmds.sty)
(/usr/share/texlive/texmf-dist/tex/generic/pdftexcmds/pdftexcmds.sty
(/usr/share/texlive/texmf-dist/tex/generic/infwarerr/infwarerr.sty)))
(/usr/share/texlive/texmf-dist/tex/latex/hycolor/hycolor.sty)
(/usr/share/texlive/texmf-dist/tex/latex/auxhook/auxhook.sty)
(/usr/share/texlive/texmf-dist/tex/latex/hyperref/nameref.sty
(/usr/share/texlive/texmf-dist/tex/latex/refcount/refcount.sty)
(/usr/share/texlive/texmf-dist/tex/generic/gettitlestring/gettitlestring.sty
(/usr/share/texlive/texmf-dist/tex/latex/kvoptions/kvoptions.sty)))
(/usr/share/texlive/texmf-dist/tex/latex/etoolbox/etoolbox.sty)
(/usr/share/texlive/texmf-dist/tex/latex/hyperref/pd1enc.def)
(/usr/share/texlive/texmf-dist/tex/generic/intcalc/intcalc.sty)
(/usr/share/texlive/texmf-dist/tex/latex/hyperref/puenc.def)
(/usr/share/texlive/texmf-dist/tex/latex/url/url.sty)
(/usr/share/texlive/texmf-dist/tex/generic/bitset/bitset.sty
(/usr/share/texlive/texmf-dist/tex/generic/bigintcalc/bigintcalc.sty))
(/usr/share/texlive/texmf-dist/tex/latex/base/atbegshi-ltx.sty))
(/usr/share/texlive/texmf-dist/tex/latex/hyperref/hpdftex.def
(/usr/share/texlive/texmf-dist/tex/latex/base/atveryend-ltx.sty)
(/usr/share/texlive/texmf-dist/tex/latex/rerunfilecheck/rerunfilecheck.sty
(/usr/share/texlive/texmf-dist/tex/generic/uniquecounter/uniquecounter.sty)))
(/usr/share/texlive/texmf-dist/tex/latex/natbib/natbib.sty)
(/usr/share/texlive/texmf-dist/tex/latex/l3backend/l3backend-pdftex.def)
(./final_results.aux)
*geometry* driver: auto-detecting
*geometry* detected driver: pdftex
(/usr/share/texlive/texmf-dist/tex/context/base/mkii/supp-pdf.mkii
[Loading MPS to PDF converter (version 2006.09.02).]
) (/usr/share/texlive/texmf-dist/tex/latex/epstopdf-pkg/epstopdf-base.sty
(/usr/share/texlive/texmf-dist/tex/latex/grfext/grfext.sty)
(/usr/share/texlive/texmf-dist/tex/latex/latexconfig/epstopdf-sys.cfg))
(./final_results.out) (./final_results.out)

LaTeX Warning: Reference `sec:reproducibility' on page 1 undefined on input lin
e 32.


LaTeX Warning: Reference `sec:execution_commands' on page 1 undefined on input 
line 32.


LaTeX Warning: Reference `sec:unified_entry_points' on page 1 undefined on inpu
t line 32.


LaTeX Warning: Reference `tab:final_runs_script_inventory' on page 1 undefined 
on input line 32.

[1{/var/lib/texmf/fonts/map/pdftex/updmap/pdftex.map}] [2 <../../final_runs/ran
dom_baseline_generator/random_baseline_comparison.png>]

Package natbib Warning: Citation `shapiro1965analysis' on page 3 undefined on i
nput line 163.


Package natbib Warning: Citation `levene1960robust' on page 3 undefined on inpu
t line 163.


Package natbib Warning: Citation `kruskal1952use' on page 3 undefined on input 
line 163.

[3] [4 <../../final_runs/RQ1a_corruption_detection_correctness_final/enhanced_a
nalysis_20251225_233458_e5fcc326/rq1a_row1_performance_metrics.png>]

LaTeX Warning: Reference `sec:appendix_roc_curves' on page 5 undefined on input
 line 252.

[5 <../../final_runs/RQ1a_corruption_detection_correctness_final/enhanced_analy
sis_20251225_233458_e5fcc326/rq1a_row2_detailed_analysis.png>] [6 <../../final_
runs/RQ1a_ground_truth_correctness/enhanced_analysis_20251225_233458_e5fcc326/r
q1a_ground_truth_row1_performance_metrics.png>]

LaTeX Warning: Reference `sec:appendix_judge_heatmaps' on page 7 undefined on i
nput line 302.


LaTeX Warning: Reference `fig:rq1a_gt_correctness_heatmap' on page 7 undefined 
on input line 302.

[7 <../../final_runs/RQ1a_ground_truth_correctness/enhanced_analysis_20251225_2
33458_e5fcc326/rq1a_ground_truth_row2_detailed_analysis.png>] [8 <../../final_r
uns/RQ1a_corruption_detection_citation_gpt5mini/enhanced_analysis_20251228_0129
20/rq1a_row1_performance_metrics.png>]

LaTeX Warning: Reference `sec:appendix_roc_curves' on page 9 undefined on input
 line 362.

[9 <../../final_runs/RQ1a_corruption_detection_citation_gpt5mini/enhanced_analy
sis_20251228_012920/rq1a_row2_detailed_analysis.png>] [10 <../../final_runs/RQ1
a_ground_truth_citation/enhanced_analysis_20251225_233458_e5fcc326/rq1a_ground_
truth_row1_performance_metrics.png> <../../final_runs/RQ1a_ground_truth_citatio
n/enhanced_analysis_20251225_233458_e5fcc326/rq1a_ground_truth_row2_detailed_an
alysis.png>]

LaTeX Warning: Reference `sec:appendix_judge_heatmaps' on page 11 undefined on 
input line 410.


LaTeX Warning: Reference `fig:rq1a_gt_citation_heatmap' on page 11 undefined on
 input line 410.

[11]

Package natbib Warning: Citation `landis1977measurement' on page 12 undefined o
n input line 487.


Package natbib Warning: Citation `newton1701scala' on page 12 undefined on inpu
t line 525.


Package natbib Warning: Citation `clausius1850heat' on page 12 undefined on inp
ut line 525.


Package natbib Warning: Citation `lotka1925elements' on page 12 undefined on in
put line 525.


Package natbib Warning: Citation `volterra1928fluctuations' on page 12 undefine
d on input line 525.


Package natbib Warning: Citation `ohm1827galvanische' on page 12 undefined on i
nput line 525.


Package natbib Warning: Citation `kirchhoff1845durchgang' on page 12 undefined 
on input line 525.


Package natbib Warning: Citation `pascal1663equilibre' on page 12 undefined on 
input line 525.


Package natbib Warning: Citation `torricelli1644opera' on page 12 undefined on 
input line 525.

[12] [13]
(../../final_runs/RQ1b_corrector_ablation_analysis/baseline_table_synthetic.tex
) [14]

Package natbib Warning: Citation `shimonovich2020bradford' on page 15 undefined
 on input line 612.


(../../final_runs/RQ1b_corrector_ablation_analysis/ablation_table_synthetic.tex
) [15]
(../../final_runs/RQ1b_corrector_ablation_analysis/baseline_table_groundtruth.t
ex)
(../../final_runs/RQ1b_corrector_ablation_analysis/ablation_table_groundtruth.t
ex) [16] [17]
(../../final_runs/RQ2_hallucination_detection/single_metric_table.tex) [18]
(../../final_runs/RQ2_hallucination_detection/normality_tests_table.tex)
[19 <./figures/phase6_distributions_with_effect_sizes.png>] [20]
(../../final_runs/RQ2_hallucination_detection/ensemble_performance_table.tex

LaTeX Warning: Reference `sec:uncertainty_rule' on page 21 undefined on input l
ine 32.

) [21 <../../final_runs/RQ2_hallucination_detection/phase4_rfe_complete.png>]
[22]

LaTeX Warning: Reference `sec:physics_cld_validation' on page 23 undefined on i
nput line 747.


LaTeX Warning: Reference `sec:deep_research_system' on page 23 undefined on inp
ut line 747.

(../../final_runs/RQ3_deep_research/rq3_main_table.tex) [23]
(../../final_runs/RQ3_deep_research/rq3_per_cld_table.tex) [24 <../../final_run
s/RQ3_deep_research/figures/rq3_combined_figure.png>]
(../../final_runs/RQ3_deep_research/rq3_enriched_gt_table.tex)
(./generated/rq3_enrichment_validation_numbers.tex)
(./generated/rq3_human_validation_numbers.tex)
(./generated/rq3_human_validation_table.tex)
(/usr/share/texlive/texmf-dist/tex/latex/base/omscmr.fd)

LaTeX Warning: Reference `sec:rq3_human_validation' on page 25 undefined on inp
ut line 819.


Overfull \hbox (26.31502pt too wide) in paragraph at lines 819--820
\OT1/cmtt/m/n/10 direct[]causal[]found=True \OT1/cmr/m/n/10 and man-u-ally la-b
eled each edge with a cat-e-gor-i-cal ver-dict (\OT1/cmtt/m/n/10 human[]verdict
$\OMS/cmsy/m/n/10 2$f\OT1/cmtt/m/n/10 causal\OT1/cmr/m/n/10 , \OT1/cmtt/m/n/10 
different[]vars,
(./generated/rq3_verdict_distribution_table.tex) [25]
(./generated/rq3_enrichment_validation_table.tex)
(./generated/rq3_smart_trigger_numbers.tex) [26 <../../final_runs/RQ3_deep_rese
arch/validation/all_edges_threshold_tradeoff.png>]
(./generated/rq3_smart_trigger_table.tex)

LaTeX Warning: Reference `sec:rq3_human_validation' on page 27 undefined on inp
ut line 904.


LaTeX Warning: Reference `sec:gt_enrichment_method' on page 27 undefined on inp
ut line 904.

[27 <../../final_runs/RQ3_deep_research/validation/dr_cost_efficiency_compariso
n.png>]
Overfull \hbox (50.39522pt too wide) in paragraph at lines 917--918
[]\OT1/cmr/bx/n/10 DR de-tec-tion is not a re-li-able FP fil-ter in ag-gre-gate
. \OT1/cmr/m/n/10 Across 285 TP/FP/FN edges, DR re-trieves \OT1/cmtt/m/n/10 dir
ect[]causal[]found=True
(./generated/effect_size_summary_table.tex) [28] [29]
(../../final_runs/latex/table21_scaling_summary.tex) [30 <../../final_runs/time
_and_cost_scaling/figures/figure3_generation_vs_judging.png>]

Package natbib Warning: There were undefined citations.

[31 <../../final_runs/parallelization_benchmark/figures/parallelization_thesis_
figure.png>] (./final_results.aux)

LaTeX Warning: There were undefined references.

 )
(see the transcript file for additional information) </home/nitai/.texlive2023/
texmf-var/fonts/pk/ljfour/jknappen/ec/tcrm0900.600pk> </home/nitai/.texlive2023
/texmf-var/fonts/pk/ljfour/jknappen/ec/tcbx0800.600pk> </home/nitai/.texlive202
3/texmf-var/fonts/pk/ljfour/jknappen/ec/tcrm0700.600pk> </home/nitai/.texlive20
23/texmf-var/fonts/pk/ljfour/jknappen/ec/tcrm1000.600pk></usr/share/texlive/tex
mf-dist/fonts/type1/public/amsfonts/cm/cmbx10.pfb></usr/share/texlive/texmf-dis
t/fonts/type1/public/amsfonts/cm/cmbx12.pfb></usr/share/texlive/texmf-dist/font
s/type1/public/amsfonts/cm/cmbx5.pfb></usr/share/texlive/texmf-dist/fonts/type1
/public/amsfonts/cm/cmbx7.pfb></usr/share/texlive/texmf-dist/fonts/type1/public
/amsfonts/cm/cmbx8.pfb></usr/share/texlive/texmf-dist/fonts/type1/public/amsfon
ts/cm/cmbx9.pfb></usr/share/texlive/texmf-dist/fonts/type1/public/amsfonts/cm/c
mmi10.pfb></usr/share/texlive/texmf-dist/fonts/type1/public/amsfonts/cm/cmmi6.p
fb></usr/share/texlive/texmf-dist/fonts/type1/public/amsfonts/cm/cmmi7.pfb></us
r/share/texlive/texmf-dist/fonts/type1/public/amsfonts/cm/cmmi8.pfb></usr/share
/texlive/texmf-dist/fonts/type1/public/amsfonts/cm/cmmi9.pfb></usr/share/texliv
e/texmf-dist/fonts/type1/public/amsfonts/cm/cmr10.pfb></usr/share/texlive/texmf
-dist/fonts/type1/public/amsfonts/cm/cmr5.pfb></usr/share/texlive/texmf-dist/fo
nts/type1/public/amsfonts/cm/cmr6.pfb></usr/share/texlive/texmf-dist/fonts/type
1/public/amsfonts/cm/cmr7.pfb></usr/share/texlive/texmf-dist/fonts/type1/public
/amsfonts/cm/cmr8.pfb></usr/share/texlive/texmf-dist/fonts/type1/public/amsfont
s/cm/cmr9.pfb></usr/share/texlive/texmf-dist/fonts/type1/public/amsfonts/cm/cms
y10.pfb></usr/share/texlive/texmf-dist/fonts/type1/public/amsfonts/cm/cmsy5.pfb
></usr/share/texlive/texmf-dist/fonts/type1/public/amsfonts/cm/cmsy6.pfb></usr/
share/texlive/texmf-dist/fonts/type1/public/amsfonts/cm/cmsy7.pfb></usr/share/t
exlive/texmf-dist/fonts/type1/public/amsfonts/cm/cmsy8.pfb></usr/share/texlive/
texmf-dist/fonts/type1/public/amsfonts/cm/cmsy9.pfb></usr/share/texlive/texmf-d
ist/fonts/type1/public/amsfonts/cm/cmti10.pfb></usr/share/texlive/texmf-dist/fo
nts/type1/public/amsfonts/cm/cmti7.pfb></usr/share/texlive/texmf-dist/fonts/typ
e1/public/amsfonts/cm/cmti8.pfb></usr/share/texlive/texmf-dist/fonts/type1/publ
ic/amsfonts/cm/cmti9.pfb></usr/share/texlive/texmf-dist/fonts/type1/public/amsf
onts/cm/cmtt10.pfb></usr/share/texlive/texmf-dist/fonts/type1/public/amsfonts/c
m/cmtt9.pfb>
Output written on final_results.pdf (31 pages, 4857010 bytes).
Transcript written on final_results.log.
Latexmk: Getting log file 'final_results.log'
Latexmk: Examining 'final_results.fls'
Latexmk: Examining 'final_results.log'
Latexmk: Log file says output to 'final_results.pdf'
Latexmk: applying rule 'pdflatex'...
Rule 'pdflatex':  Reasons for rerun
Changed files or newly in use/created:
  final_results.aux

------------
Run number 2 of rule 'pdflatex'
------------
------------
Running 'pdflatex  -interaction=nonstopmode -halt-on-error -recorder  "final_results.tex"'
------------
This is pdfTeX, Version 3.141592653-2.6-1.40.25 (TeX Live 2023/Debian) (preloaded format=pdflatex)
 restricted \write18 enabled.
entering extended mode
(./final_results.tex
LaTeX2e <2023-11-01> patch level 1
L3 programming layer <2024-01-22>
(/usr/share/texlive/texmf-dist/tex/latex/base/article.cls
Document Class: article 2023/05/17 v1.4n Standard LaTeX document class
(/usr/share/texlive/texmf-dist/tex/latex/base/size10.clo))
(/usr/share/texlive/texmf-dist/tex/latex/geometry/geometry.sty
(/usr/share/texlive/texmf-dist/tex/latex/graphics/keyval.sty)
(/usr/share/texlive/texmf-dist/tex/generic/iftex/ifvtex.sty
(/usr/share/texlive/texmf-dist/tex/generic/iftex/iftex.sty)))
(/usr/share/texlive/texmf-dist/tex/latex/graphics/graphicx.sty
(/usr/share/texlive/texmf-dist/tex/latex/graphics/graphics.sty
(/usr/share/texlive/texmf-dist/tex/latex/graphics/trig.sty)
(/usr/share/texlive/texmf-dist/tex/latex/graphics-cfg/graphics.cfg)
(/usr/share/texlive/texmf-dist/tex/latex/graphics-def/pdftex.def)))
(/usr/share/texlive/texmf-dist/tex/latex/float/float.sty)
(/usr/share/texlive/texmf-dist/tex/latex/caption/caption.sty
(/usr/share/texlive/texmf-dist/tex/latex/caption/caption3.sty))
(/usr/share/texlive/texmf-dist/tex/latex/caption/subcaption.sty)
(/usr/share/texlive/texmf-dist/tex/latex/capt-of/capt-of.sty)
(/usr/share/texlive/texmf-dist/tex/latex/booktabs/booktabs.sty)
(/usr/share/texlive/texmf-dist/tex/latex/amsmath/amsmath.sty
For additional information on amsmath, use the `?' option.
(/usr/share/texlive/texmf-dist/tex/latex/amsmath/amstext.sty
(/usr/share/texlive/texmf-dist/tex/latex/amsmath/amsgen.sty))
(/usr/share/texlive/texmf-dist/tex/latex/amsmath/amsbsy.sty)
(/usr/share/texlive/texmf-dist/tex/latex/amsmath/amsopn.sty))
(/usr/share/texlive/texmf-dist/tex/latex/threeparttable/threeparttable.sty)
(/usr/share/texlive/texmf-dist/tex/latex/enumitem/enumitem.sty)
(/usr/share/texlive/texmf-dist/tex/latex/hyperref/hyperref.sty
(/usr/share/texlive/texmf-dist/tex/latex/kvsetkeys/kvsetkeys.sty)
(/usr/share/texlive/texmf-dist/tex/generic/kvdefinekeys/kvdefinekeys.sty)
(/usr/share/texlive/texmf-dist/tex/generic/pdfescape/pdfescape.sty
(/usr/share/texlive/texmf-dist/tex/generic/ltxcmds/ltxcmds.sty)
(/usr/share/texlive/texmf-dist/tex/generic/pdftexcmds/pdftexcmds.sty
(/usr/share/texlive/texmf-dist/tex/generic/infwarerr/infwarerr.sty)))
(/usr/share/texlive/texmf-dist/tex/latex/hycolor/hycolor.sty)
(/usr/share/texlive/texmf-dist/tex/latex/auxhook/auxhook.sty)
(/usr/share/texlive/texmf-dist/tex/latex/hyperref/nameref.sty
(/usr/share/texlive/texmf-dist/tex/latex/refcount/refcount.sty)
(/usr/share/texlive/texmf-dist/tex/generic/gettitlestring/gettitlestring.sty
(/usr/share/texlive/texmf-dist/tex/latex/kvoptions/kvoptions.sty)))
(/usr/share/texlive/texmf-dist/tex/latex/etoolbox/etoolbox.sty)
(/usr/share/texlive/texmf-dist/tex/latex/hyperref/pd1enc.def)
(/usr/share/texlive/texmf-dist/tex/generic/intcalc/intcalc.sty)
(/usr/share/texlive/texmf-dist/tex/latex/hyperref/puenc.def)
(/usr/share/texlive/texmf-dist/tex/latex/url/url.sty)
(/usr/share/texlive/texmf-dist/tex/generic/bitset/bitset.sty
(/usr/share/texlive/texmf-dist/tex/generic/bigintcalc/bigintcalc.sty))
(/usr/share/texlive/texmf-dist/tex/latex/base/atbegshi-ltx.sty))
(/usr/share/texlive/texmf-dist/tex/latex/hyperref/hpdftex.def
(/usr/share/texlive/texmf-dist/tex/latex/base/atveryend-ltx.sty)
(/usr/share/texlive/texmf-dist/tex/latex/rerunfilecheck/rerunfilecheck.sty
(/usr/share/texlive/texmf-dist/tex/generic/uniquecounter/uniquecounter.sty)))
(/usr/share/texlive/texmf-dist/tex/latex/natbib/natbib.sty)
(/usr/share/texlive/texmf-dist/tex/latex/l3backend/l3backend-pdftex.def)
(./final_results.aux)
*geometry* driver: auto-detecting
*geometry* detected driver: pdftex
(/usr/share/texlive/texmf-dist/tex/context/base/mkii/supp-pdf.mkii
[Loading MPS to PDF converter (version 2006.09.02).]
) (/usr/share/texlive/texmf-dist/tex/latex/epstopdf-pkg/epstopdf-base.sty
(/usr/share/texlive/texmf-dist/tex/latex/grfext/grfext.sty)
(/usr/share/texlive/texmf-dist/tex/latex/latexconfig/epstopdf-sys.cfg))
(./final_results.out) (./final_results.out)

LaTeX Warning: Reference `sec:reproducibility' on page 1 undefined on input lin
e 32.


LaTeX Warning: Reference `sec:execution_commands' on page 1 undefined on input 
line 32.


LaTeX Warning: Reference `sec:unified_entry_points' on page 1 undefined on inpu
t line 32.


LaTeX Warning: Reference `tab:final_runs_script_inventory' on page 1 undefined 
on input line 32.

[1{/var/lib/texmf/fonts/map/pdftex/updmap/pdftex.map}] [2 <../../final_runs/ran
dom_baseline_generator/random_baseline_comparison.png>]

Package natbib Warning: Citation `shapiro1965analysis' on page 3 undefined on i
nput line 163.


Package natbib Warning: Citation `levene1960robust' on page 3 undefined on inpu
t line 163.


Package natbib Warning: Citation `kruskal1952use' on page 3 undefined on input 
line 163.

[3] [4 <../../final_runs/RQ1a_corruption_detection_correctness_final/enhanced_a
nalysis_20251225_233458_e5fcc326/rq1a_row1_performance_metrics.png>]

LaTeX Warning: Reference `sec:appendix_roc_curves' on page 5 undefined on input
 line 252.

[5 <../../final_runs/RQ1a_corruption_detection_correctness_final/enhanced_analy
sis_20251225_233458_e5fcc326/rq1a_row2_detailed_analysis.png>] [6 <../../final_
runs/RQ1a_ground_truth_correctness/enhanced_analysis_20251225_233458_e5fcc326/r
q1a_ground_truth_row1_performance_metrics.png>]

LaTeX Warning: Reference `sec:appendix_judge_heatmaps' on page 7 undefined on i
nput line 302.


LaTeX Warning: Reference `fig:rq1a_gt_correctness_heatmap' on page 7 undefined 
on input line 302.

[7 <../../final_runs/RQ1a_ground_truth_correctness/enhanced_analysis_20251225_2
33458_e5fcc326/rq1a_ground_truth_row2_detailed_analysis.png>] [8 <../../final_r
uns/RQ1a_corruption_detection_citation_gpt5mini/enhanced_analysis_20251228_0129
20/rq1a_row1_performance_metrics.png>]

LaTeX Warning: Reference `sec:appendix_roc_curves' on page 9 undefined on input
 line 362.

[9 <../../final_runs/RQ1a_corruption_detection_citation_gpt5mini/enhanced_analy
sis_20251228_012920/rq1a_row2_detailed_analysis.png>] [10 <../../final_runs/RQ1
a_ground_truth_citation/enhanced_analysis_20251225_233458_e5fcc326/rq1a_ground_
truth_row1_performance_metrics.png> <../../final_runs/RQ1a_ground_truth_citatio
n/enhanced_analysis_20251225_233458_e5fcc326/rq1a_ground_truth_row2_detailed_an
alysis.png>]

LaTeX Warning: Reference `sec:appendix_judge_heatmaps' on page 11 undefined on 
input line 410.


LaTeX Warning: Reference `fig:rq1a_gt_citation_heatmap' on page 11 undefined on
 input line 410.

[11]

Package natbib Warning: Citation `landis1977measurement' on page 12 undefined o
n input line 487.


Package natbib Warning: Citation `newton1701scala' on page 12 undefined on inpu
t line 525.


Package natbib Warning: Citation `clausius1850heat' on page 12 undefined on inp
ut line 525.


Package natbib Warning: Citation `lotka1925elements' on page 12 undefined on in
put line 525.


Package natbib Warning: Citation `volterra1928fluctuations' on page 12 undefine
d on input line 525.


Package natbib Warning: Citation `ohm1827galvanische' on page 12 undefined on i
nput line 525.


Package natbib Warning: Citation `kirchhoff1845durchgang' on page 12 undefined 
on input line 525.


Package natbib Warning: Citation `pascal1663equilibre' on page 12 undefined on 
input line 525.


Package natbib Warning: Citation `torricelli1644opera' on page 12 undefined on 
input line 525.

[12] [13]
(../../final_runs/RQ1b_corrector_ablation_analysis/baseline_table_synthetic.tex
) [14]

Package natbib Warning: Citation `shimonovich2020bradford' on page 15 undefined
 on input line 612.


(../../final_runs/RQ1b_corrector_ablation_analysis/ablation_table_synthetic.tex
) [15]
(../../final_runs/RQ1b_corrector_ablation_analysis/baseline_table_groundtruth.t
ex)
(../../final_runs/RQ1b_corrector_ablation_analysis/ablation_table_groundtruth.t
ex) [16] [17]
(../../final_runs/RQ2_hallucination_detection/single_metric_table.tex) [18]
(../../final_runs/RQ2_hallucination_detection/normality_tests_table.tex)
[19 <./figures/phase6_distributions_with_effect_sizes.png>] [20]
(../../final_runs/RQ2_hallucination_detection/ensemble_performance_table.tex

LaTeX Warning: Reference `sec:uncertainty_rule' on page 21 undefined on input l
ine 32.

) [21 <../../final_runs/RQ2_hallucination_detection/phase4_rfe_complete.png>]
[22]

LaTeX Warning: Reference `sec:physics_cld_validation' on page 23 undefined on i
nput line 747.


LaTeX Warning: Reference `sec:deep_research_system' on page 23 undefined on inp
ut line 747.

(../../final_runs/RQ3_deep_research/rq3_main_table.tex) [23]
(../../final_runs/RQ3_deep_research/rq3_per_cld_table.tex) [24 <../../final_run
s/RQ3_deep_research/figures/rq3_combined_figure.png>]
(../../final_runs/RQ3_deep_research/rq3_enriched_gt_table.tex)
(./generated/rq3_enrichment_validation_numbers.tex)
(./generated/rq3_human_validation_numbers.tex)
(./generated/rq3_human_validation_table.tex)
(/usr/share/texlive/texmf-dist/tex/latex/base/omscmr.fd)

LaTeX Warning: Reference `sec:rq3_human_validation' on page 25 undefined on inp
ut line 819.


Overfull \hbox (26.31502pt too wide) in paragraph at lines 819--820
\OT1/cmtt/m/n/10 direct[]causal[]found=True \OT1/cmr/m/n/10 and man-u-ally la-b
eled each edge with a cat-e-gor-i-cal ver-dict (\OT1/cmtt/m/n/10 human[]verdict
$\OMS/cmsy/m/n/10 2$f\OT1/cmtt/m/n/10 causal\OT1/cmr/m/n/10 , \OT1/cmtt/m/n/10 
different[]vars,
(./generated/rq3_verdict_distribution_table.tex) [25]
(./generated/rq3_enrichment_validation_table.tex)
(./generated/rq3_smart_trigger_numbers.tex) [26 <../../final_runs/RQ3_deep_rese
arch/validation/all_edges_threshold_tradeoff.png>]
(./generated/rq3_smart_trigger_table.tex)

LaTeX Warning: Reference `sec:rq3_human_validation' on page 27 undefined on inp
ut line 904.


LaTeX Warning: Reference `sec:gt_enrichment_method' on page 27 undefined on inp
ut line 904.

[27 <../../final_runs/RQ3_deep_research/validation/dr_cost_efficiency_compariso
n.png>]
Overfull \hbox (50.39522pt too wide) in paragraph at lines 917--918
[]\OT1/cmr/bx/n/10 DR de-tec-tion is not a re-li-able FP fil-ter in ag-gre-gate
. \OT1/cmr/m/n/10 Across 285 TP/FP/FN edges, DR re-trieves \OT1/cmtt/m/n/10 dir
ect[]causal[]found=True
(./generated/effect_size_summary_table.tex) [28] [29]
(../../final_runs/latex/table21_scaling_summary.tex) [30 <../../final_runs/time
_and_cost_scaling/figures/figure3_generation_vs_judging.png>]

Package natbib Warning: There were undefined citations.

[31 <../../final_runs/parallelization_benchmark/figures/parallelization_thesis_
figure.png>] (./final_results.aux)

LaTeX Warning: There were undefined references.

 )
(see the transcript file for additional information) </home/nitai/.texlive2023/
texmf-var/fonts/pk/ljfour/jknappen/ec/tcrm0900.600pk> </home/nitai/.texlive2023
/texmf-var/fonts/pk/ljfour/jknappen/ec/tcbx0800.600pk> </home/nitai/.texlive202
3/texmf-var/fonts/pk/ljfour/jknappen/ec/tcrm0700.600pk> </home/nitai/.texlive20
23/texmf-var/fonts/pk/ljfour/jknappen/ec/tcrm1000.600pk></usr/share/texlive/tex
mf-dist/fonts/type1/public/amsfonts/cm/cmbx10.pfb></usr/share/texlive/texmf-dis
t/fonts/type1/public/amsfonts/cm/cmbx12.pfb></usr/share/texlive/texmf-dist/font
s/type1/public/amsfonts/cm/cmbx5.pfb></usr/share/texlive/texmf-dist/fonts/type1
/public/amsfonts/cm/cmbx7.pfb></usr/share/texlive/texmf-dist/fonts/type1/public
/amsfonts/cm/cmbx8.pfb></usr/share/texlive/texmf-dist/fonts/type1/public/amsfon
ts/cm/cmbx9.pfb></usr/share/texlive/texmf-dist/fonts/type1/public/amsfonts/cm/c
mmi10.pfb></usr/share/texlive/texmf-dist/fonts/type1/public/amsfonts/cm/cmmi6.p
fb></usr/share/texlive/texmf-dist/fonts/type1/public/amsfonts/cm/cmmi7.pfb></us
r/share/texlive/texmf-dist/fonts/type1/public/amsfonts/cm/cmmi8.pfb></usr/share
/texlive/texmf-dist/fonts/type1/public/amsfonts/cm/cmmi9.pfb></usr/share/texliv
e/texmf-dist/fonts/type1/public/amsfonts/cm/cmr10.pfb></usr/share/texlive/texmf
-dist/fonts/type1/public/amsfonts/cm/cmr5.pfb></usr/share/texlive/texmf-dist/fo
nts/type1/public/amsfonts/cm/cmr6.pfb></usr/share/texlive/texmf-dist/fonts/type
1/public/amsfonts/cm/cmr7.pfb></usr/share/texlive/texmf-dist/fonts/type1/public
/amsfonts/cm/cmr8.pfb></usr/share/texlive/texmf-dist/fonts/type1/public/amsfont
s/cm/cmr9.pfb></usr/share/texlive/texmf-dist/fonts/type1/public/amsfonts/cm/cms
y10.pfb></usr/share/texlive/texmf-dist/fonts/type1/public/amsfonts/cm/cmsy5.pfb
></usr/share/texlive/texmf-dist/fonts/type1/public/amsfonts/cm/cmsy6.pfb></usr/
share/texlive/texmf-dist/fonts/type1/public/amsfonts/cm/cmsy7.pfb></usr/share/t
exlive/texmf-dist/fonts/type1/public/amsfonts/cm/cmsy8.pfb></usr/share/texlive/
texmf-dist/fonts/type1/public/amsfonts/cm/cmsy9.pfb></usr/share/texlive/texmf-d
ist/fonts/type1/public/amsfonts/cm/cmti10.pfb></usr/share/texlive/texmf-dist/fo
nts/type1/public/amsfonts/cm/cmti7.pfb></usr/share/texlive/texmf-dist/fonts/typ
e1/public/amsfonts/cm/cmti8.pfb></usr/share/texlive/texmf-dist/fonts/type1/publ
ic/amsfonts/cm/cmti9.pfb></usr/share/texlive/texmf-dist/fonts/type1/public/amsf
onts/cm/cmtt10.pfb></usr/share/texlive/texmf-dist/fonts/type1/public/amsfonts/c
m/cmtt9.pfb>
Output written on final_results.pdf (31 pages, 4857010 bytes).
Transcript written on final_results.log.
Latexmk: ====Undefined refs and citations with line #s in .tex file:
  Reference `sec:reproducibility' on page 1 undefined on input line 32
  Reference `sec:execution_commands' on page 1 undefined on input line 32
  Reference `sec:unified_entry_points' on page 1 undefined on input line 32
  Reference `tab:final_runs_script_inventory' on page 1 undefined on input line 32
  Citation `shapiro1965analysis' on page 3 undefined on input line 163
  Citation `levene1960robust' on page 3 undefined on input line 163
  Citation `kruskal1952use' on page 3 undefined on input line 163
 And 22 more --- see log file 'final_results.log'
Latexmk: Getting log file 'final_results.log'
Latexmk: Examining 'final_results.fls'
Latexmk: Examining 'final_results.log'
Latexmk: Log file says output to 'final_results.pdf'
Latexmk: Summary of warnings from last run of *latex:
  Latex failed to resolve 16 reference(s)
  Latex failed to resolve 13 citation(s)
Latexmk: All targets (final_results.pdf) are up-to-date

