/home/nitai/code/causalix.ai/data_science/parameter_tuning_experiments/analyze_prompt_variants_corrupted.py:623: UserWarning: set_ticklabels() should only be used with a fixed number of ticks, i.e. after set_ticks() or using a FixedLocator.
  ax1.set_xticklabels(prompts, rotation=15, ha='right')
================================================================================
RQ1: PROMPT VARIANTS ANALYSIS - CORRUPTED CLD
================================================================================
Analyzing 3 prompt variant(s):
  - BASELINE: judged_Social_norms_and_obesity_prevalence_baseline_20251116_011616_20251116_011643.xlsx
  - COT: judged_Social_norms_and_obesity_prevalence_cot_20251116_011716_20251116_011758.xlsx
  - MECHANISTIC: judged_Social_norms_and_obesity_prevalence_mechanistic_20251116_011830_20251116_011903.xlsx

================================================================================
JUDGE PERFORMANCE ANALYSIS
================================================================================
Analyzing judge ability to detect synthetic corruptions...
Comparing judge verdicts (CORRECT/INCORRECT) against ground truth (Is Corrupted)


BASELINE
  File: judged_Social_norms_and_obesity_prevalence_baseline_20251116_011616_20251116_011643.xlsx
  Dataset: 26 corrupted + 84 clean = 110 edges
  Confusion Matrix:
    TP (Correctly flagged corrupted): 22
    TN (Correctly accepted clean):    78
    FP (Incorrectly flagged clean):   6
    FN (Missed corrupted):            4
  Metrics:
    Precision: 0.7857 (of flagged edges, % actually corrupted)
    Recall:    0.8462 (of corrupted edges, % detected)
    F1 Score:  0.8148 (harmonic mean)
    Accuracy:  0.9091 (overall % correct)

COT
  File: judged_Social_norms_and_obesity_prevalence_cot_20251116_011716_20251116_011758.xlsx
  Dataset: 26 corrupted + 84 clean = 110 edges
  Confusion Matrix:
    TP (Correctly flagged corrupted): 23
    TN (Correctly accepted clean):    78
    FP (Incorrectly flagged clean):   6
    FN (Missed corrupted):            3
  Metrics:
    Precision: 0.7931 (of flagged edges, % actually corrupted)
    Recall:    0.8846 (of corrupted edges, % detected)
    F1 Score:  0.8364 (harmonic mean)
    Accuracy:  0.9182 (overall % correct)

MECHANISTIC
  File: judged_Social_norms_and_obesity_prevalence_mechanistic_20251116_011830_20251116_011903.xlsx
  Dataset: 26 corrupted + 84 clean = 110 edges
  Confusion Matrix:
    TP (Correctly flagged corrupted): 25
    TN (Correctly accepted clean):    66
    FP (Incorrectly flagged clean):   18
    FN (Missed corrupted):            1
  Metrics:
    Precision: 0.5814 (of flagged edges, % actually corrupted)
    Recall:    0.9615 (of corrupted edges, % detected)
    F1 Score:  0.7246 (harmonic mean)
    Accuracy:  0.8273 (overall % correct)

================================================================================
CORRUPTION-SCORE CORRELATION ANALYSIS
================================================================================
Analyzing correlation between Is Corrupted (binary) and Aggregate Score (continuous)
Point-biserial correlation measures judge's ability to distinguish corrupted vs clean edges


BASELINE
  Point-biserial correlation (r_pb): -0.7260
  P-value: 0.000000
  Significance: *** (highly significant)
  Corrupted edges (n=26): mean score = 0.2115 ± 0.3788
  Clean edges (n=84): mean score = 0.9286 ± 0.2591
  Mean difference: -0.7170
  Interpretation: Strong - Judge scores highly discriminate corruptions

COT
  Point-biserial correlation (r_pb): -0.7159
  P-value: 0.000000
  Significance: *** (highly significant)
  Corrupted edges (n=26): mean score = 0.2500 ± 0.3536
  Clean edges (n=84): mean score = 0.9286 ± 0.2591
  Mean difference: -0.6786
  Interpretation: Strong - Judge scores highly discriminate corruptions

MECHANISTIC
  Point-biserial correlation (r_pb): -0.6255
  P-value: 0.000000
  Significance: *** (highly significant)
  Corrupted edges (n=26): mean score = 0.3077 ± 0.2855
  Clean edges (n=84): mean score = 0.8571 ± 0.2963
  Mean difference: -0.5495
  Interpretation: Moderate - Judge scores moderately discriminate corruptions

================================================================================
PROMPT COMPARISON TABLE
================================================================================
     Prompt  Precision   Recall  F1 Score  Accuracy
   BASELINE   0.785714 0.846154  0.814815  0.909091
        COT   0.793103 0.884615  0.836364  0.918182
MECHANISTIC   0.581395 0.961538  0.724638  0.827273

================================================================================
INTER-PROMPT AGREEMENT
================================================================================

BASELINE vs COT:
  Agreement Rate: 0.9364 (103/110)

BASELINE vs MECHANISTIC:
  Agreement Rate: 0.7727 (85/110)

COT vs MECHANISTIC:
  Agreement Rate: 0.8182 (90/110)

Full 3-way agreement:
  Agreement Rate: 0.7636 (84/110)

================================================================================
PROMPT PERFORMANCE RANKING
================================================================================

Ranked by F1 Score (Judge Accuracy):
  1. COT: F1=0.8364, Precision=0.7931, Recall=0.8846
  2. BASELINE: F1=0.8148, Precision=0.7857, Recall=0.8462
  3. MECHANISTIC: F1=0.7246, Precision=0.5814, Recall=0.9615

🏆 Best performing prompt: COT
   F1 Score: 0.8364

✓ Results saved to: /home/nitai/code/causalix.ai/final_runs/RQ1a_corruption_detection_correctness/social_norms/run_1/analysis/prompt_variants_analysis.xlsx

Generating visualization...
✓ Plot saved to: /home/nitai/code/causalix.ai/final_runs/RQ1a_corruption_detection_correctness/social_norms/run_1/analysis/prompt_variants_comparison.png

================================================================================
ANALYSIS COMPLETE
================================================================================
Results directory: /home/nitai/code/causalix.ai/final_runs/RQ1a_corruption_detection_correctness/social_norms/run_1/analysis
  - prompt_variants_analysis.xlsx
  - prompt_variants_comparison.png

