/home/nitai/code/causalix.ai/data_science/parameter_tuning_experiments/analyze_prompt_variants_corrupted.py:623: UserWarning: set_ticklabels() should only be used with a fixed number of ticks, i.e. after set_ticks() or using a FixedLocator.
  ax1.set_xticklabels(prompts, rotation=15, ha='right')
================================================================================
RQ1: PROMPT VARIANTS ANALYSIS - CORRUPTED CLD
================================================================================
Analyzing 3 prompt variant(s):
  - BASELINE: judged_citation_older_persons_emergency_department_visits_and_interactionstitled_spreadsheet_baseline_20251204_065212_20251204_080752.xlsx
  - COT: judged_citation_older_persons_emergency_department_visits_and_interactionstitled_spreadsheet_cot_20251204_080947_20251204_092103.xlsx
  - MECHANISTIC: judged_citation_older_persons_emergency_department_visits_and_interactionstitled_spreadsheet_mechanistic_20251204_092254_20251204_102947.xlsx

================================================================================
JUDGE PERFORMANCE ANALYSIS
================================================================================
Analyzing judge ability to detect synthetic corruptions...
Comparing judge verdicts (CORRECT/INCORRECT) against ground truth (Is Corrupted)


BASELINE
  File: judged_citation_older_persons_emergency_department_visits_and_interactionstitled_spreadsheet_baseline_20251204_065212_20251204_080752.xlsx
  Dataset: 257 corrupted + 933 clean = 1190 edges
  Confusion Matrix:
    TP (Correctly flagged corrupted): 250
    TN (Correctly accepted clean):    36
    FP (Incorrectly flagged clean):   897
    FN (Missed corrupted):            7
  Metrics:
    Precision: 0.2180 (of flagged edges, % actually corrupted)
    Recall:    0.9728 (of corrupted edges, % detected)
    F1 Score:  0.3561 (harmonic mean)
    Accuracy:  0.2403 (overall % correct)

COT
  File: judged_citation_older_persons_emergency_department_visits_and_interactionstitled_spreadsheet_cot_20251204_080947_20251204_092103.xlsx
  Dataset: 257 corrupted + 933 clean = 1190 edges
  Confusion Matrix:
    TP (Correctly flagged corrupted): 252
    TN (Correctly accepted clean):    33
    FP (Incorrectly flagged clean):   900
    FN (Missed corrupted):            5
  Metrics:
    Precision: 0.2188 (of flagged edges, % actually corrupted)
    Recall:    0.9805 (of corrupted edges, % detected)
    F1 Score:  0.3577 (harmonic mean)
    Accuracy:  0.2395 (overall % correct)

MECHANISTIC
  File: judged_citation_older_persons_emergency_department_visits_and_interactionstitled_spreadsheet_mechanistic_20251204_092254_20251204_102947.xlsx
  Dataset: 257 corrupted + 933 clean = 1190 edges
  Confusion Matrix:
    TP (Correctly flagged corrupted): 251
    TN (Correctly accepted clean):    31
    FP (Incorrectly flagged clean):   902
    FN (Missed corrupted):            6
  Metrics:
    Precision: 0.2177 (of flagged edges, % actually corrupted)
    Recall:    0.9767 (of corrupted edges, % detected)
    F1 Score:  0.3560 (harmonic mean)
    Accuracy:  0.2370 (overall % correct)

================================================================================
CORRUPTION-SCORE CORRELATION ANALYSIS
================================================================================
Analyzing correlation between Is Corrupted (binary) and Aggregate Score (continuous)
Point-biserial correlation measures judge's ability to distinguish corrupted vs clean edges


BASELINE
  Point-biserial correlation (r_pb): 0.0288
  P-value: 0.324401
  Significance: ns (not significant)
  Corrupted edges (n=250): mean score = 0.1825 ± 0.1886
  Clean edges (n=919): mean score = 0.1668 ± 0.2316
  Mean difference: 0.0157
  Interpretation: Very weak - Judge scores poorly discriminate corruptions

COT
  Point-biserial correlation (r_pb): 0.0081
  P-value: 0.781605
  Significance: ns (not significant)
  Corrupted edges (n=252): mean score = 0.1868 ± 0.1833
  Clean edges (n=921): mean score = 0.1823 ± 0.2430
  Mean difference: 0.0046
  Interpretation: Very weak - Judge scores poorly discriminate corruptions

MECHANISTIC
  Point-biserial correlation (r_pb): 0.0392
  P-value: 0.180045
  Significance: ns (not significant)
  Corrupted edges (n=252): mean score = 0.1969 ± 0.1923
  Clean edges (n=921): mean score = 0.1745 ± 0.2454
  Mean difference: 0.0224
  Interpretation: Very weak - Judge scores poorly discriminate corruptions

================================================================================
PROMPT COMPARISON TABLE
================================================================================
     Prompt  Precision   Recall  F1 Score  Accuracy
   BASELINE   0.217960 0.972763  0.356125  0.240336
        COT   0.218750 0.980545  0.357700  0.239496
MECHANISTIC   0.217693 0.976654  0.356028  0.236975

================================================================================
INTER-PROMPT AGREEMENT
================================================================================

BASELINE vs COT:
  Agreement Rate: 0.7815 (930/1190)

BASELINE vs MECHANISTIC:
  Agreement Rate: 0.7790 (927/1190)

COT vs MECHANISTIC:
  Agreement Rate: 0.7756 (923/1190)

Full 3-way agreement:
  Agreement Rate: 0.6697 (797/1190)

================================================================================
PROMPT PERFORMANCE RANKING
================================================================================

Ranked by F1 Score (Judge Accuracy):
  1. COT: F1=0.3577, Precision=0.2188, Recall=0.9805
  2. BASELINE: F1=0.3561, Precision=0.2180, Recall=0.9728
  3. MECHANISTIC: F1=0.3560, Precision=0.2177, Recall=0.9767

🏆 Best performing prompt: COT
   F1 Score: 0.3577

✓ Results saved to: /home/nitai/code/causalix.ai/final_runs/RQ1a_corruption_detection_citation_gpt5mini/emergency_department/run_2/analysis/prompt_variants_analysis.xlsx

Generating visualization...
✓ Plot saved to: /home/nitai/code/causalix.ai/final_runs/RQ1a_corruption_detection_citation_gpt5mini/emergency_department/run_2/analysis/prompt_variants_comparison.png

================================================================================
ANALYSIS COMPLETE
================================================================================
Results directory: /home/nitai/code/causalix.ai/final_runs/RQ1a_corruption_detection_citation_gpt5mini/emergency_department/run_2/analysis
  - prompt_variants_analysis.xlsx
  - prompt_variants_comparison.png

