/home/nitai/code/causalix.ai/data_science/parameter_tuning_experiments/analyze_prompt_variants_corrupted.py:623: UserWarning: set_ticklabels() should only be used with a fixed number of ticks, i.e. after set_ticks() or using a FixedLocator.
  ax1.set_xticklabels(prompts, rotation=15, ha='right')
================================================================================
RQ1: PROMPT VARIANTS ANALYSIS - CORRUPTED CLD
================================================================================
Analyzing 3 prompt variant(s):
  - BASELINE: judged_citation_Depressive_symptoms_in_response_to_a_stressor_baseline_20251204_041329_20251204_042510.xlsx
  - COT: judged_citation_Depressive_symptoms_in_response_to_a_stressor_cot_20251204_042559_20251204_043917.xlsx
  - MECHANISTIC: judged_citation_Depressive_symptoms_in_response_to_a_stressor_mechanistic_20251204_043957_20251204_045356.xlsx

================================================================================
JUDGE PERFORMANCE ANALYSIS
================================================================================
Analyzing judge ability to detect synthetic corruptions...
Comparing judge verdicts (CORRECT/INCORRECT) against ground truth (Is Corrupted)


BASELINE
  File: judged_citation_Depressive_symptoms_in_response_to_a_stressor_baseline_20251204_041329_20251204_042510.xlsx
  Dataset: 60 corrupted + 150 clean = 210 edges
  Confusion Matrix:
    TP (Correctly flagged corrupted): 60
    TN (Correctly accepted clean):    1
    FP (Incorrectly flagged clean):   149
    FN (Missed corrupted):            0
  Metrics:
    Precision: 0.2871 (of flagged edges, % actually corrupted)
    Recall:    1.0000 (of corrupted edges, % detected)
    F1 Score:  0.4461 (harmonic mean)
    Accuracy:  0.2905 (overall % correct)

COT
  File: judged_citation_Depressive_symptoms_in_response_to_a_stressor_cot_20251204_042559_20251204_043917.xlsx
  Dataset: 60 corrupted + 150 clean = 210 edges
  Confusion Matrix:
    TP (Correctly flagged corrupted): 60
    TN (Correctly accepted clean):    2
    FP (Incorrectly flagged clean):   148
    FN (Missed corrupted):            0
  Metrics:
    Precision: 0.2885 (of flagged edges, % actually corrupted)
    Recall:    1.0000 (of corrupted edges, % detected)
    F1 Score:  0.4478 (harmonic mean)
    Accuracy:  0.2952 (overall % correct)

MECHANISTIC
  File: judged_citation_Depressive_symptoms_in_response_to_a_stressor_mechanistic_20251204_043957_20251204_045356.xlsx
  Dataset: 60 corrupted + 150 clean = 210 edges
  Confusion Matrix:
    TP (Correctly flagged corrupted): 60
    TN (Correctly accepted clean):    1
    FP (Incorrectly flagged clean):   149
    FN (Missed corrupted):            0
  Metrics:
    Precision: 0.2871 (of flagged edges, % actually corrupted)
    Recall:    1.0000 (of corrupted edges, % detected)
    F1 Score:  0.4461 (harmonic mean)
    Accuracy:  0.2905 (overall % correct)

================================================================================
CORRUPTION-SCORE CORRELATION ANALYSIS
================================================================================
Analyzing correlation between Is Corrupted (binary) and Aggregate Score (continuous)
Point-biserial correlation measures judge's ability to distinguish corrupted vs clean edges


BASELINE
  Point-biserial correlation (r_pb): -0.0660
  P-value: 0.342040
  Significance: ns (not significant)
  Corrupted edges (n=60): mean score = 0.1349 ± 0.1575
  Clean edges (n=149): mean score = 0.1596 ± 0.1743
  Mean difference: -0.0247
  Interpretation: Very weak - Judge scores poorly discriminate corruptions

COT
  Point-biserial correlation (r_pb): -0.0549
  P-value: 0.429680
  Significance: ns (not significant)
  Corrupted edges (n=60): mean score = 0.1401 ± 0.1661
  Clean edges (n=149): mean score = 0.1619 ± 0.1852
  Mean difference: -0.0218
  Interpretation: Very weak - Judge scores poorly discriminate corruptions

MECHANISTIC
  Point-biserial correlation (r_pb): -0.0095
  P-value: 0.891283
  Significance: ns (not significant)
  Corrupted edges (n=60): mean score = 0.1689 ± 0.1827
  Clean edges (n=149): mean score = 0.1730 ± 0.2008
  Mean difference: -0.0041
  Interpretation: Very weak - Judge scores poorly discriminate corruptions

================================================================================
PROMPT COMPARISON TABLE
================================================================================
     Prompt  Precision  Recall  F1 Score  Accuracy
   BASELINE   0.287081     1.0  0.446097  0.290476
        COT   0.288462     1.0  0.447761  0.295238
MECHANISTIC   0.287081     1.0  0.446097  0.290476

================================================================================
INTER-PROMPT AGREEMENT
================================================================================

BASELINE vs COT:
  Agreement Rate: 0.7952 (167/210)

BASELINE vs MECHANISTIC:
  Agreement Rate: 0.7952 (167/210)

COT vs MECHANISTIC:
  Agreement Rate: 0.8095 (170/210)

Full 3-way agreement:
  Agreement Rate: 0.7000 (147/210)

================================================================================
PROMPT PERFORMANCE RANKING
================================================================================

Ranked by F1 Score (Judge Accuracy):
  1. COT: F1=0.4478, Precision=0.2885, Recall=1.0000
  2. BASELINE: F1=0.4461, Precision=0.2871, Recall=1.0000
  3. MECHANISTIC: F1=0.4461, Precision=0.2871, Recall=1.0000

🏆 Best performing prompt: COT
   F1 Score: 0.4478

✓ Results saved to: /home/nitai/code/causalix.ai/final_runs/RQ1a_corruption_detection_citation_gpt5mini/depressive/run_2/analysis/prompt_variants_analysis.xlsx

Generating visualization...
✓ Plot saved to: /home/nitai/code/causalix.ai/final_runs/RQ1a_corruption_detection_citation_gpt5mini/depressive/run_2/analysis/prompt_variants_comparison.png

================================================================================
ANALYSIS COMPLETE
================================================================================
Results directory: /home/nitai/code/causalix.ai/final_runs/RQ1a_corruption_detection_citation_gpt5mini/depressive/run_2/analysis
  - prompt_variants_analysis.xlsx
  - prompt_variants_comparison.png

