\BOOKMARK [0][-]{dummy.1}{\376\377\000D\000e\000c\000l\000a\000r\000a\000t\000i\000o\000n\000\040\000o\000f\000\040\000A\000u\000t\000h\000o\000r\000s\000h\000i\000p}{}% 1
\BOOKMARK [0][-]{dummy.2}{\376\377\000A\000b\000s\000t\000r\000a\000c\000t}{}% 2
\BOOKMARK [0][-]{dummy.3}{\376\377\000A\000c\000k\000n\000o\000w\000l\000e\000d\000g\000e\000m\000e\000n\000t\000s}{}% 3
\BOOKMARK [0][-]{dummy.4}{\376\377\000A\000b\000b\000r\000e\000v\000i\000a\000t\000i\000o\000n\000s}{}% 4
\BOOKMARK [0][-]{chapter.7}{\376\377\0001\000\040\000I\000n\000t\000r\000o\000d\000u\000c\000t\000i\000o\000n}{}% 5
\BOOKMARK [0][-]{chapter.17}{\376\377\0002\000\040\000B\000a\000c\000k\000g\000r\000o\000u\000n\000d}{}% 6
\BOOKMARK [1][-]{section.18}{\376\377\0002\000.\0001\000\040\000M\000o\000d\000e\000l\000l\000i\000n\000g\000,\000\040\000s\000i\000m\000u\000l\000a\000t\000i\000o\000n\000,\000\040\000a\000n\000d\000\040\000w\000h\000y\000\040\000c\000o\000n\000c\000e\000p\000t\000u\000a\000l\000\040\000v\000a\000l\000i\000d\000i\000t\000y\000\040\000m\000a\000t\000t\000e\000r\000s}{chapter.17}% 7
\BOOKMARK [2][-]{subsection.19}{\376\377\0002\000.\0001\000.\0001\000\040\000T\000h\000e\000\040\000r\000o\000l\000e\000\040\000o\000f\000\040\000s\000i\000m\000u\000l\000a\000t\000i\000o\000n\000s\000\040\000i\000n\000\040\000s\000c\000i\000e\000n\000c\000e\000.}{section.18}% 8
\BOOKMARK [2][-]{subsection.20}{\376\377\0002\000.\0001\000.\0002\000\040\000M\000o\000d\000e\000l\000\040\000a\000b\000s\000t\000r\000a\000c\000t\000i\000o\000n\000\040\000a\000n\000d\000\040\000c\000o\000m\000p\000u\000t\000a\000t\000i\000o\000n\000a\000l\000\040\000t\000r\000a\000d\000e\000-\000o\000f\000f\000s\000.}{section.18}% 9
\BOOKMARK [2][-]{subsection.21}{\376\377\0002\000.\0001\000.\0003\000\040\000G\000M\000B\000\040\000a\000s\000\040\000a\000\040\000f\000o\000u\000n\000d\000a\000t\000i\000o\000n\000\040\000f\000o\000r\000\040\000c\000o\000m\000p\000u\000t\000a\000t\000i\000o\000n\000a\000l\000\040\000m\000o\000d\000e\000l\000s\000.}{section.18}% 10
\BOOKMARK [1][-]{section.22}{\376\377\0002\000.\0002\000\040\000C\000a\000u\000s\000a\000l\000\040\000L\000o\000o\000p\000\040\000D\000i\000a\000g\000r\000a\000m\000s\000\040\000\050\000C\000L\000D\000s\000\051}{chapter.17}% 11
\BOOKMARK [2][-]{subsection.23}{\376\377\0002\000.\0002\000.\0001\000\040\000D\000e\000f\000i\000n\000i\000t\000i\000o\000n\000.}{section.22}% 12
\BOOKMARK [1][-]{section.24}{\376\377\0002\000.\0003\000\040\000G\000r\000o\000u\000p\000\040\000M\000o\000d\000e\000l\000\040\000B\000u\000i\000l\000d\000i\000n\000g\000\040\000\050\000G\000M\000B\000\051\000\040\000a\000n\000d\000\040\000t\000h\000e\000\040\000C\000L\000D\000-\000t\000o\000-\000C\000o\000m\000p\000u\000t\000a\000t\000i\000o\000n\000a\000l\000\040\000M\000o\000d\000e\000l\000\040\000P\000i\000p\000e\000l\000i\000n\000e}{chapter.17}% 13
\BOOKMARK [1][-]{section.32}{\376\377\0002\000.\0004\000\040\000L\000a\000r\000g\000e\000\040\000l\000a\000n\000g\000u\000a\000g\000e\000\040\000m\000o\000d\000e\000l\000\040\000\050\000L\000L\000M\000\051\000\040\000b\000a\000c\000k\000g\000r\000o\000u\000n\000d}{chapter.17}% 14
\BOOKMARK [2][-]{subsubsection.33}{\376\377\0002\000.\0004\000.\0000\000.\0001\000\040\000A\000r\000c\000h\000i\000t\000e\000c\000t\000u\000r\000a\000l\000\040\000d\000e\000t\000a\000i\000l\000s\000\040\000o\000f\000\040\000l\000a\000r\000g\000e\000\040\000l\000a\000n\000g\000u\000a\000g\000e\000\040\000m\000o\000d\000e\000l\000s}{section.32}% 15
\BOOKMARK [1][-]{section.55}{\376\377\0002\000.\0005\000\040\000H\000a\000l\000l\000u\000c\000i\000n\000a\000t\000i\000o\000n\000s\000\040\000i\000n\000\040\000L\000L\000M\000s\000\040\000\050\000g\000e\000n\000e\000r\000a\000l\000\051}{chapter.17}% 16
\BOOKMARK [2][-]{subsection.56}{\376\377\0002\000.\0005\000.\0001\000\040\000T\000a\000x\000o\000n\000o\000m\000y\000\040\000o\000f\000\040\000H\000a\000l\000l\000u\000c\000i\000n\000a\000t\000i\000o\000n\000s}{section.55}% 17
\BOOKMARK [2][-]{subsection.57}{\376\377\0002\000.\0005\000.\0002\000\040\000H\000a\000l\000l\000u\000c\000i\000n\000a\000t\000i\000o\000n\000\040\000M\000i\000t\000i\000g\000a\000t\000i\000o\000n\000\040\000M\000e\000t\000h\000o\000d\000s}{section.55}% 18
\BOOKMARK [3][-]{subsubsection.58}{\376\377\0002\000.\0005\000.\0002\000.\0001\000\040\000B\000l\000a\000c\000k\000-\000b\000o\000x\000\040\000m\000e\000t\000h\000o\000d\000s\000.}{subsection.57}% 19
\BOOKMARK [3][-]{subsubsection.59}{\376\377\0002\000.\0005\000.\0002\000.\0002\000\040\000W\000h\000i\000t\000e\000-\000b\000o\000x\000\040\000m\000e\000t\000h\000o\000d\000s\000.}{subsection.57}% 20
\BOOKMARK [0][-]{chapter.60}{\376\377\0003\000\040\000L\000i\000t\000e\000r\000a\000t\000u\000r\000e\000\040\000R\000e\000v\000i\000e\000w}{}% 21
\BOOKMARK [1][-]{section.61}{\376\377\0003\000.\0001\000\040\000S\000t\000a\000n\000d\000a\000r\000d\000\040\000C\000L\000D\000\040\000c\000o\000n\000s\000t\000r\000u\000c\000t\000i\000o\000n\000\040\000p\000a\000r\000a\000d\000i\000g\000m\000s}{chapter.60}% 22
\BOOKMARK [2][-]{subsection.62}{\376\377\0003\000.\0001\000.\0001\000\040\000P\000a\000r\000t\000i\000c\000i\000p\000a\000t\000o\000r\000y\000\040\000g\000r\000o\000u\000p\000\040\000m\000o\000d\000e\000l\000\040\000b\000u\000i\000l\000d\000i\000n\000g\000\040\000\050\000G\000M\000B\000\051}{section.61}% 23
\BOOKMARK [2][-]{subsection.63}{\376\377\0003\000.\0001\000.\0002\000\040\000L\000i\000t\000e\000r\000a\000t\000u\000r\000e\000-\000d\000r\000i\000v\000e\000n\000\040\000e\000x\000p\000e\000r\000t\000\040\000s\000y\000n\000t\000h\000e\000s\000i\000s}{section.61}% 24
\BOOKMARK [2][-]{subsection.64}{\376\377\0003\000.\0001\000.\0003\000\040\000H\000y\000b\000r\000i\000d\000\040\000w\000o\000r\000k\000f\000l\000o\000w\000s\000\040\000a\000n\000d\000\040\000p\000r\000o\000g\000r\000e\000s\000s\000i\000o\000n\000\040\000t\000o\000\040\000q\000u\000a\000n\000t\000i\000t\000a\000t\000i\000v\000e\000\040\000m\000o\000d\000e\000l\000s}{section.61}% 25
\BOOKMARK [1][-]{section.65}{\376\377\0003\000.\0002\000\040\000A\000u\000t\000o\000m\000a\000t\000e\000d\000\040\000C\000L\000D\000\040\000c\000o\000n\000s\000t\000r\000u\000c\000t\000i\000o\000n\000\040\000p\000a\000r\000a\000d\000i\000g\000m\000s\000\040\000\050\000t\000e\000x\000t\000-\000t\000o\000-\000C\000L\000D\000\040\000v\000s\000.\000\040\000g\000e\000n\000e\000r\000a\000t\000i\000o\000n\000\051}{chapter.60}% 26
\BOOKMARK [1][-]{section.66}{\376\377\0003\000.\0003\000\040\000L\000L\000M\000-\000B\000a\000s\000e\000d\000\040\000C\000a\000u\000s\000a\000l\000\040\000L\000o\000o\000p\000\040\000D\000i\000a\000g\000r\000a\000m\000\040\000G\000e\000n\000e\000r\000a\000t\000i\000o\000n}{chapter.60}% 27
\BOOKMARK [2][-]{subsection.67}{\376\377\0003\000.\0003\000.\0001\000\040\000F\000r\000o\000m\000\040\000L\000L\000M\000-\000P\000o\000w\000e\000r\000e\000d\000\040\000C\000a\000u\000s\000a\000l\000\040\000P\000a\000t\000t\000e\000r\000n\000\040\000M\000a\000t\000c\000h\000i\000n\000g\000\040\000t\000o\000\040\000C\000a\000u\000s\000a\000l\000\040\000L\000o\000o\000p\000\040\000D\000i\000a\000g\000r\000a\000m\000s}{section.66}% 28
\BOOKMARK [3][-]{subsubsection.68}{\376\377\0003\000.\0003\000.\0001\000.\0001\000\040\000P\000r\000e\000l\000i\000m\000i\000n\000a\000r\000y\000\040\000p\000o\000s\000i\000t\000i\000o\000n\000i\000n\000g}{subsection.67}% 29
\BOOKMARK [2][-]{subsection.69}{\376\377\0003\000.\0003\000.\0002\000\040\000C\000a\000u\000s\000a\000l\000\040\000p\000a\000r\000r\000o\000t\000s\000:\000\040\000p\000a\000t\000t\000e\000r\000n\000\040\000r\000e\000t\000r\000i\000e\000v\000a\000l\000\040\000v\000e\000r\000s\000u\000s\000\040\000g\000e\000n\000u\000i\000n\000e\000\040\000r\000e\000a\000s\000o\000n\000i\000n\000g}{section.66}% 30
\BOOKMARK [1][-]{section.70}{\376\377\0003\000.\0004\000\040\000H\000o\000w\000\040\000H\000a\000l\000l\000u\000c\000i\000n\000a\000t\000i\000o\000n\000s\000\040\000M\000a\000n\000i\000f\000e\000s\000t\000\040\000i\000n\000\040\000C\000a\000u\000s\000a\000l\000\040\000S\000t\000r\000u\000c\000t\000u\000r\000e\000\040\000G\000e\000n\000e\000r\000a\000t\000i\000o\000n}{chapter.60}% 31
\BOOKMARK [2][-]{subsubsection.71}{\376\377\0003\000.\0004\000.\0000\000.\0001\000\040\000F\000o\000r\000m\000a\000l\000\040\000C\000L\000D\000\040\000H\000a\000l\000l\000u\000c\000i\000n\000a\000t\000i\000o\000n\000\040\000T\000a\000x\000o\000n\000o\000m\000i\000e\000s}{section.70}% 32
\BOOKMARK [2][-]{subsection.73}{\376\377\0003\000.\0004\000.\0001\000\040\000C\000L\000D\000\040\000H\000a\000l\000l\000u\000c\000i\000n\000a\000t\000i\000o\000n\000\040\000M\000i\000t\000i\000g\000a\000t\000i\000o\000n\000\040\000A\000p\000p\000r\000o\000a\000c\000h\000e\000s}{section.70}% 33
\BOOKMARK [3][-]{subsubsection.74}{\376\377\0003\000.\0004\000.\0001\000.\0001\000\040\000R\000A\000G\000\040\000a\000n\000d\000\040\000t\000h\000e\000\040\000c\000o\000n\000s\000t\000r\000a\000i\000n\000t\000s\000\040\000o\000f\000\040\000c\000o\000r\000p\000u\000s\000\040\000d\000e\000p\000e\000n\000d\000e\000n\000c\000e}{subsection.73}% 34
\BOOKMARK [3][-]{subsubsection.75}{\376\377\0003\000.\0004\000.\0001\000.\0002\000\040\000A\000r\000g\000u\000i\000n\000g\000\040\000f\000o\000r\000\040\000c\000o\000r\000p\000u\000s\000\040\000i\000n\000d\000e\000p\000e\000n\000d\000e\000n\000c\000e\000\040\000f\000r\000o\000m\000\040\000a\000\040\000p\000r\000a\000c\000t\000i\000c\000a\000l\000i\000t\000y\000\040\000s\000t\000a\000n\000d\000p\000o\000i\000n\000t}{subsection.73}% 35
\BOOKMARK [2][-]{subsection.76}{\376\377\0003\000.\0004\000.\0002\000\040\000C\000o\000m\000p\000a\000r\000i\000s\000o\000n\000\040\000o\000f\000\040\000L\000L\000M\000-\000B\000a\000s\000e\000d\000\040\000C\000L\000D\000\040\000A\000p\000p\000r\000o\000a\000c\000h\000e\000s}{section.70}% 36
\BOOKMARK [1][-]{section.78}{\376\377\0003\000.\0005\000\040\000P\000r\000o\000m\000p\000t\000i\000n\000g\000\040\000s\000t\000r\000a\000t\000e\000g\000i\000e\000s\000\040\000f\000o\000r\000\040\000L\000L\000M\000-\000b\000a\000s\000e\000d\000\040\000c\000a\000u\000s\000a\000l\000\040\000r\000e\000a\000s\000o\000n\000i\000n\000g}{chapter.60}% 37
\BOOKMARK [2][-]{subsection.79}{\376\377\0003\000.\0005\000.\0001\000\040\000D\000o\000m\000i\000n\000a\000n\000t\000\040\000P\000r\000o\000m\000p\000t\000i\000n\000g\000\040\000P\000a\000r\000a\000d\000i\000g\000m\000s\000.}{section.78}% 38
\BOOKMARK [2][-]{subsection.80}{\376\377\0003\000.\0005\000.\0002\000\040\000F\000e\000w\000-\000S\000h\000o\000t\000\040\000P\000r\000o\000m\000p\000t\000i\000n\000g\000.}{section.78}% 39
\BOOKMARK [2][-]{subsection.81}{\376\377\0003\000.\0005\000.\0003\000\040\000C\000h\000a\000i\000n\000-\000o\000f\000-\000T\000h\000o\000u\000g\000h\000t\000\040\000\050\000C\000o\000T\000\051\000\040\000P\000r\000o\000m\000p\000t\000i\000n\000g\000.}{section.78}% 40
\BOOKMARK [2][-]{subsection.82}{\376\377\0003\000.\0005\000.\0004\000\040\000R\000o\000l\000e\000-\000B\000a\000s\000e\000d\000\040\000P\000r\000o\000m\000p\000t\000i\000n\000g\000.}{section.78}% 41
\BOOKMARK [2][-]{subsection.83}{\376\377\0003\000.\0005\000.\0005\000\040\000P\000r\000o\000m\000p\000t\000i\000n\000g\000\040\000i\000n\000\040\000C\000a\000u\000s\000a\000l\000\040\000D\000i\000s\000c\000o\000v\000e\000r\000y\000\040\000C\000o\000n\000t\000e\000x\000t\000s\000.}{section.78}% 42
\BOOKMARK [2][-]{subsection.84}{\376\377\0003\000.\0005\000.\0006\000\040\000P\000r\000o\000m\000p\000t\000i\000n\000g\000\040\000f\000o\000r\000\040\000H\000a\000l\000l\000u\000c\000i\000n\000a\000t\000i\000o\000n\000\040\000D\000e\000t\000e\000c\000t\000i\000o\000n\000\040\000a\000n\000d\000\040\000C\000o\000r\000r\000e\000c\000t\000i\000o\000n\000.}{section.78}% 43
\BOOKMARK [2][-]{subsection.85}{\376\377\0003\000.\0005\000.\0007\000\040\000B\000r\000a\000d\000f\000o\000r\000d\000\040\000H\000i\000l\000l\000\040\000C\000r\000i\000t\000e\000r\000i\000a\000\040\000\050\000B\000H\000C\000\051\000\040\000a\000s\000\040\000a\000\040\000P\000r\000o\000m\000p\000t\000i\000n\000g\000\040\000F\000r\000a\000m\000e\000w\000o\000r\000k\000.}{section.78}% 44
\BOOKMARK [2][-]{subsection.86}{\376\377\0003\000.\0005\000.\0008\000\040\000A\000p\000p\000l\000i\000c\000a\000t\000i\000o\000n\000\040\000t\000o\000\040\000J\000u\000d\000g\000e\000\040\000a\000n\000d\000\040\000C\000o\000r\000r\000e\000c\000t\000o\000r\000\040\000R\000o\000l\000e\000s\000.}{section.78}% 45
\BOOKMARK [2][-]{subsection.87}{\376\377\0003\000.\0005\000.\0009\000\040\000L\000L\000M\000-\000a\000s\000-\000a\000-\000J\000u\000d\000g\000e\000.}{section.78}% 46
\BOOKMARK [2][-]{subsection.91}{\376\377\0003\000.\0005\000.\0001\0000\000\040\000L\000L\000M\000-\000a\000s\000-\000a\000-\000C\000o\000r\000r\000e\000c\000t\000o\000r\000.}{section.78}% 47
\BOOKMARK [1][-]{section.95}{\376\377\0003\000.\0006\000\040\000L\000L\000M\000-\000a\000s\000-\000a\000-\000J\000u\000d\000g\000e\000:\000\040\000A\000u\000t\000o\000m\000a\000t\000e\000d\000\040\000E\000v\000a\000l\000u\000a\000t\000i\000o\000n\000\040\000o\000f\000\040\000L\000L\000M\000\040\000O\000u\000t\000p\000u\000t\000s}{chapter.60}% 48
\BOOKMARK [2][-]{subsection.96}{\376\377\0003\000.\0006\000.\0001\000\040\000F\000o\000u\000n\000d\000a\000t\000i\000o\000n\000s\000\040\000a\000n\000d\000\040\000E\000m\000p\000i\000r\000i\000c\000a\000l\000\040\000V\000a\000l\000i\000d\000a\000t\000i\000o\000n}{section.95}% 49
\BOOKMARK [2][-]{subsection.97}{\376\377\0003\000.\0006\000.\0002\000\040\000S\000y\000s\000t\000e\000m\000a\000t\000i\000c\000\040\000B\000i\000a\000s\000e\000s\000\040\000i\000n\000\040\000L\000L\000M\000\040\000J\000u\000d\000g\000e\000s}{section.95}% 50
\BOOKMARK [2][-]{subsection.98}{\376\377\0003\000.\0006\000.\0003\000\040\000E\000v\000a\000l\000u\000a\000t\000i\000o\000n\000\040\000M\000o\000d\000e\000s\000:\000\040\000P\000o\000i\000n\000t\000w\000i\000s\000e\000\040\000v\000s\000.\000\040\000P\000a\000i\000r\000w\000i\000s\000e}{section.95}% 51
\BOOKMARK [2][-]{subsection.100}{\376\377\0003\000.\0006\000.\0004\000\040\000L\000L\000M\000-\000a\000s\000-\000a\000-\000C\000o\000r\000r\000e\000c\000t\000o\000r\000:\000\040\000B\000e\000y\000o\000n\000d\000\040\000D\000e\000t\000e\000c\000t\000i\000o\000n\000\040\000t\000o\000\040\000R\000e\000m\000e\000d\000i\000a\000t\000i\000o\000n}{section.95}% 52
\BOOKMARK [2][-]{subsection.102}{\376\377\0003\000.\0006\000.\0005\000\040\000I\000m\000p\000l\000i\000c\000a\000t\000i\000o\000n\000s\000\040\000f\000o\000r\000\040\000C\000L\000D\000\040\000H\000a\000l\000l\000u\000c\000i\000n\000a\000t\000i\000o\000n\000\040\000D\000e\000t\000e\000c\000t\000i\000o\000n}{section.95}% 53
\BOOKMARK [2][-]{subsection.109}{\376\377\0003\000.\0006\000.\0006\000\040\000L\000i\000m\000i\000t\000a\000t\000i\000o\000n\000s}{section.95}% 54
\BOOKMARK [1][-]{section.110}{\376\377\0003\000.\0007\000\040\000L\000o\000g\000p\000r\000o\000b\000\040\000U\000n\000c\000e\000r\000t\000a\000i\000n\000t\000y\000\040\000Q\000u\000a\000n\000t\000i\000f\000i\000c\000a\000t\000i\000o\000n\000\040\000\050\000L\000U\000Q\000\051\000\040\000M\000e\000t\000r\000i\000c\000s\000\040\000f\000o\000r\000\040\000H\000a\000l\000l\000u\000c\000i\000n\000a\000t\000i\000o\000n\000\040\000D\000e\000t\000e\000c\000t\000i\000o\000n}{chapter.60}% 55
\BOOKMARK [2][-]{subsection.111}{\376\377\0003\000.\0007\000.\0001\000\040\000T\000h\000e\000\040\000U\000n\000c\000e\000r\000t\000a\000i\000n\000t\000y\040\023\000H\000a\000l\000l\000u\000c\000i\000n\000a\000t\000i\000o\000n\000\040\000L\000i\000n\000k\000.}{section.110}% 56
\BOOKMARK [2][-]{subsection.112}{\376\377\0003\000.\0007\000.\0002\000\040\000L\000U\000Q\000\040\000M\000e\000t\000r\000i\000c\000s\000:\000\040\000F\000r\000o\000m\000\040\000S\000e\000q\000u\000e\000n\000c\000e\000\040\000t\000o\000\040\000T\000o\000k\000e\000n\000\040\000G\000r\000a\000n\000u\000l\000a\000r\000i\000t\000y}{section.110}% 57
\BOOKMARK [3][-]{subsubsection.113}{\376\377\0003\000.\0007\000.\0002\000.\0001\000\040\000P\000e\000r\000p\000l\000e\000x\000i\000t\000y\000\040\000\050\000S\000e\000q\000u\000e\000n\000c\000e\000-\000L\000e\000v\000e\000l\000\051\000.}{subsection.112}% 58
\BOOKMARK [3][-]{subsubsection.115}{\376\377\0003\000.\0007\000.\0002\000.\0002\000\040\000M\000a\000x\000i\000m\000u\000m\000\040\000W\000i\000n\000d\000o\000w\000\040\000E\000n\000t\000r\000o\000p\000y\000\040\000\050\000S\000u\000b\000s\000e\000q\000u\000e\000n\000c\000e\000-\000L\000e\000v\000e\000l\000\051\000.}{subsection.112}% 59
\BOOKMARK [3][-]{subsubsection.118}{\376\377\0003\000.\0007\000.\0002\000.\0003\000\040\000M\000i\000n\000i\000m\000u\000m\000\040\000P\000r\000o\000b\000a\000b\000i\000l\000i\000t\000y\000\040\000\050\000T\000o\000k\000e\000n\000-\000L\000e\000v\000e\000l\000\051\000.}{subsection.112}% 60
\BOOKMARK [2][-]{subsection.120}{\376\377\0003\000.\0007\000.\0003\000\040\000W\000o\000r\000k\000e\000d\000\040\000E\000x\000a\000m\000p\000l\000e\000:\000\040\000A\000p\000p\000l\000y\000i\000n\000g\000\040\000L\000U\000Q\000\040\000M\000e\000t\000r\000i\000c\000s}{section.110}% 61
\BOOKMARK [2][-]{subsection.122}{\376\377\0003\000.\0007\000.\0004\000\040\000T\000y\000p\000e\000s\000\040\000o\000f\000\040\000U\000n\000c\000e\000r\000t\000a\000i\000n\000t\000y\000\040\000i\000n\000\040\000t\000h\000e\000\040\000L\000o\000g\000p\000r\000o\000b\000\040\000S\000i\000g\000n\000a\000l}{section.110}% 62
\BOOKMARK [3][-]{subsubsection.123}{\376\377\0003\000.\0007\000.\0004\000.\0001\000\040\000U\000n\000c\000e\000r\000t\000a\000i\000n\000t\000y\000\040\000s\000o\000u\000r\000c\000e\000s\000\040\000i\000n\000\040\000a\000u\000t\000o\000r\000e\000g\000r\000e\000s\000s\000i\000v\000e\000\040\000g\000e\000n\000e\000r\000a\000t\000i\000o\000n\000.}{subsection.122}% 63
\BOOKMARK [3][-]{subsubsection.124}{\376\377\0003\000.\0007\000.\0004\000.\0002\000\040\000A\000l\000e\000a\000t\000o\000r\000i\000c\000\040\000U\000n\000c\000e\000r\000t\000a\000i\000n\000t\000y\000\040\000\050\000D\000a\000t\000a\000\040\000U\000n\000c\000e\000r\000t\000a\000i\000n\000t\000y\000\051\000.}{subsection.122}% 64
\BOOKMARK [3][-]{subsubsection.125}{\376\377\0003\000.\0007\000.\0004\000.\0003\000\040\000E\000p\000i\000s\000t\000e\000m\000i\000c\000\040\000U\000n\000c\000e\000r\000t\000a\000i\000n\000t\000y\000\040\000\050\000M\000o\000d\000e\000l\000\040\000U\000n\000c\000e\000r\000t\000a\000i\000n\000t\000y\000\051\000.}{subsection.122}% 65
\BOOKMARK [2][-]{subsection.126}{\376\377\0003\000.\0007\000.\0005\000\040\000L\000i\000m\000i\000t\000a\000t\000i\000o\000n\000s\000\040\000o\000f\000\040\000L\000U\000Q\000\040\000M\000e\000t\000r\000i\000c\000s}{section.110}% 66
\BOOKMARK [1][-]{section.127}{\376\377\0003\000.\0008\000\040\000E\000m\000b\000e\000d\000d\000i\000n\000g\000-\000B\000a\000s\000e\000d\000\040\000G\000r\000o\000u\000n\000d\000i\000n\000g\000\040\000M\000e\000t\000r\000i\000c\000s}{chapter.60}% 67
\BOOKMARK [2][-]{subsection.129}{\376\377\0003\000.\0008\000.\0001\000\040\000D\000e\000s\000i\000g\000n\000\040\000c\000h\000o\000i\000c\000e\000s\000:\000\040\000r\000e\000f\000e\000r\000e\000n\000c\000e\000\040\000t\000e\000x\000t\000\040\000a\000n\000d\000\040\000i\000n\000p\000u\000t\000/\000q\000u\000e\000r\000y\000\040\000t\000e\000x\000t\000.}{section.127}% 68
\BOOKMARK [2][-]{subsection.130}{\376\377\0003\000.\0008\000.\0002\000\040\000R\000e\000t\000r\000i\000e\000v\000a\000l\000-\000A\000u\000g\000m\000e\000n\000t\000e\000d\000\040\000G\000e\000n\000e\000r\000a\000t\000i\000o\000n}{section.127}% 69
\BOOKMARK [2][-]{subsection.132}{\376\377\0003\000.\0008\000.\0003\000\040\000L\000i\000m\000i\000t\000a\000t\000i\000o\000n\000s\000\040\000o\000f\000\040\000R\000e\000t\000r\000i\000e\000v\000a\000l\000-\000C\000o\000n\000s\000t\000r\000a\000i\000n\000e\000d\000\040\000G\000e\000n\000e\000r\000a\000t\000i\000o\000n}{section.127}% 70
\BOOKMARK [2][-]{subsection.133}{\376\377\0003\000.\0008\000.\0004\000\040\000A\000\040\000H\000y\000b\000r\000i\000d\000\040\000A\000p\000p\000r\000o\000a\000c\000h\000:\000\040\000G\000e\000n\000e\000r\000a\000t\000e\000-\000t\000h\000e\000n\000-\000S\000e\000a\000r\000c\000h}{section.127}% 71
\BOOKMARK [2][-]{subsection.137}{\376\377\0003\000.\0008\000.\0005\000\040\000L\000i\000m\000i\000t\000a\000t\000i\000o\000n\000s\000\040\000o\000f\000\040\000t\000h\000e\000\040\000H\000y\000b\000r\000i\000d\000\040\000A\000p\000p\000r\000o\000a\000c\000h}{section.127}% 72
\BOOKMARK [1][-]{section.138}{\376\377\0003\000.\0009\000\040\000S\000y\000n\000t\000h\000e\000s\000i\000s\000:\000\040\000I\000n\000t\000e\000g\000r\000a\000t\000i\000n\000g\000\040\000U\000n\000c\000e\000r\000t\000a\000i\000n\000t\000y\000\040\000Q\000u\000a\000n\000t\000i\000f\000i\000c\000a\000t\000i\000o\000n\000\040\000A\000p\000p\000r\000o\000a\000c\000h\000e\000s}{chapter.60}% 73
\BOOKMARK [1][-]{section.139}{\376\377\0003\000.\0001\0000\000\040\000T\000e\000s\000t\000-\000t\000i\000m\000e\000\040\000c\000o\000m\000p\000u\000t\000e\000\040\000a\000n\000d\000\040\000m\000u\000l\000t\000i\000-\000a\000g\000e\000n\000t\000\040\000v\000a\000l\000i\000d\000a\000t\000i\000o\000n}{chapter.60}% 74
\BOOKMARK [2][-]{subsection.140}{\376\377\0003\000.\0001\0000\000.\0001\000\040\000S\000e\000r\000i\000a\000l\000\040\000C\000o\000m\000p\000u\000t\000e\000:\000\040\000I\000t\000e\000r\000a\000t\000i\000v\000e\000\040\000R\000e\000f\000i\000n\000e\000m\000e\000n\000t}{section.139}% 75
\BOOKMARK [3][-]{subsubsection.141}{\376\377\0003\000.\0001\0000\000.\0001\000.\0001\000\040\000R\000e\000A\000c\000t\000:\000\040\000R\000e\000a\000s\000o\000n\000i\000n\000g\000\040\000a\000n\000d\000\040\000A\000c\000t\000i\000n\000g\000.}{subsection.140}% 76
\BOOKMARK [3][-]{subsubsection.142}{\376\377\0003\000.\0001\0000\000.\0001\000.\0002\000\040\000M\000u\000l\000t\000i\000-\000A\000g\000e\000n\000t\000\040\000D\000e\000b\000a\000t\000e\000.}{subsection.140}% 77
\BOOKMARK [3][-]{subsubsection.143}{\376\377\0003\000.\0001\0000\000.\0001\000.\0003\000\040\000C\000h\000a\000i\000n\000-\000o\000f\000-\000V\000e\000r\000i\000f\000i\000c\000a\000t\000i\000o\000n\000\040\000\050\000C\000o\000V\000e\000\051\000.}{subsection.140}% 78
\BOOKMARK [3][-]{subsubsection.144}{\376\377\0003\000.\0001\0000\000.\0001\000.\0004\000\040\000M\000i\000s\000c\000o\000n\000c\000e\000p\000t\000i\000o\000n\000\040\000R\000e\000f\000u\000t\000a\000t\000i\000o\000n\000\040\000\050\000M\000R\000\051\000.}{subsection.140}% 79
\BOOKMARK [2][-]{subsection.145}{\376\377\0003\000.\0001\0000\000.\0002\000\040\000P\000a\000r\000a\000l\000l\000e\000l\000\040\000C\000o\000m\000p\000u\000t\000e\000:\000\040\000S\000a\000m\000p\000l\000i\000n\000g\000\040\000a\000n\000d\000\040\000S\000e\000l\000e\000c\000t\000i\000o\000n}{section.139}% 80
\BOOKMARK [3][-]{subsubsection.146}{\376\377\0003\000.\0001\0000\000.\0002\000.\0001\000\040\000S\000e\000l\000f\000-\000C\000o\000n\000s\000i\000s\000t\000e\000n\000c\000y\000.}{subsection.145}% 81
\BOOKMARK [3][-]{subsubsection.147}{\376\377\0003\000.\0001\0000\000.\0002\000.\0002\000\040\000B\000e\000s\000t\000-\000o\000f\000-\000N\000\040\000S\000a\000m\000p\000l\000i\000n\000g\000.}{subsection.145}% 82
\BOOKMARK [2][-]{subsection.148}{\376\377\0003\000.\0001\0000\000.\0003\000\040\000A\000d\000a\000p\000t\000i\000v\000e\000\040\000C\000o\000m\000p\000u\000t\000e\000\040\000A\000l\000l\000o\000c\000a\000t\000i\000o\000n}{section.139}% 83
\BOOKMARK [1][-]{section.149}{\376\377\0003\000.\0001\0001\000\040\000S\000y\000n\000t\000h\000e\000s\000i\000s\000\040\000a\000n\000d\000\040\000b\000r\000i\000d\000g\000e\000\040\000t\000o\000\040\000m\000e\000t\000h\000o\000d\000s}{chapter.60}% 84
\BOOKMARK [0][-]{chapter.150}{\376\377\0004\000\040\000S\000y\000s\000t\000e\000m\000\040\000A\000r\000c\000h\000i\000t\000e\000c\000t\000u\000r\000e}{}% 85
\BOOKMARK [1][-]{section.151}{\376\377\0004\000.\0001\000\040\000P\000i\000p\000e\000l\000i\000n\000e\000\040\000O\000v\000e\000r\000v\000i\000e\000w}{chapter.150}% 86
\BOOKMARK [1][-]{section.153}{\376\377\0004\000.\0002\000\040\000G\000e\000n\000e\000r\000a\000t\000o\000r}{chapter.150}% 87
\BOOKMARK [2][-]{subsection.154}{\376\377\0004\000.\0002\000.\0001\000\040\000G\000e\000n\000e\000r\000a\000t\000o\000r\000\040\000i\000m\000p\000l\000e\000m\000e\000n\000t\000a\000t\000i\000o\000n}{section.153}% 88
\BOOKMARK [2][-]{subsection.156}{\376\377\0004\000.\0002\000.\0002\000\040\000U\000Q\000\040\000m\000e\000t\000r\000i\000c\000s\000\040\000i\000m\000p\000l\000e\000m\000e\000n\000t\000a\000t\000i\000o\000n}{section.153}% 89
\BOOKMARK [1][-]{section.157}{\376\377\0004\000.\0003\000\040\000C\000o\000r\000r\000u\000p\000t\000o\000r\000\040\000\050\000S\000y\000n\000t\000h\000e\000t\000i\000c\000\040\000c\000o\000r\000r\000u\000p\000t\000i\000o\000n\000\040\000f\000o\000r\000\040\000G\000T\000\040\000S\000y\000n\000t\000h\000\051}{chapter.150}% 90
\BOOKMARK [1][-]{section.158}{\376\377\0004\000.\0004\000\040\000J\000u\000d\000g\000e\000s}{chapter.150}% 91
\BOOKMARK [2][-]{subsection.159}{\376\377\0004\000.\0004\000.\0001\000\040\000D\000e\000s\000i\000g\000n\000\040\000r\000a\000t\000i\000o\000n\000a\000l\000e\000:\000\040\000L\000L\000M\000-\000a\000s\000-\000a\000-\000J\000u\000d\000g\000e}{section.158}% 92
\BOOKMARK [2][-]{subsection.162}{\376\377\0004\000.\0004\000.\0002\000\040\000C\000o\000r\000r\000e\000c\000t\000n\000e\000s\000s\000\040\000J\000u\000d\000g\000e\000\040\000i\000m\000p\000l\000e\000m\000e\000n\000t\000a\000t\000i\000o\000n}{section.158}% 93
\BOOKMARK [2][-]{subsection.166}{\376\377\0004\000.\0004\000.\0003\000\040\000C\000i\000t\000a\000t\000i\000o\000n\000\040\000J\000u\000d\000g\000e\000\040\000i\000m\000p\000l\000e\000m\000e\000n\000t\000a\000t\000i\000o\000n}{section.158}% 94
\BOOKMARK [1][-]{section.171}{\376\377\0004\000.\0005\000\040\000C\000i\000t\000a\000t\000i\000o\000n\000\040\000S\000e\000a\000r\000c\000h\000\040\000\050\000B\000r\000a\000v\000e\000\051}{chapter.150}% 95
\BOOKMARK [1][-]{section.172}{\376\377\0004\000.\0006\000\040\000C\000o\000r\000r\000e\000c\000t\000o\000r}{chapter.150}% 96
\BOOKMARK [2][-]{subsection.173}{\376\377\0004\000.\0006\000.\0001\000\040\000D\000e\000s\000i\000g\000n\000\040\000r\000a\000t\000i\000o\000n\000a\000l\000e\000:\000\040\000L\000L\000M\000-\000a\000s\000-\000a\000-\000C\000o\000r\000r\000e\000c\000t\000o\000r}{section.172}% 97
\BOOKMARK [2][-]{subsection.174}{\376\377\0004\000.\0006\000.\0002\000\040\000C\000o\000r\000r\000e\000c\000t\000o\000r\000\040\000i\000m\000p\000l\000e\000m\000e\000n\000t\000a\000t\000i\000o\000n}{section.172}% 98
\BOOKMARK [1][-]{section.176}{\376\377\0004\000.\0007\000\040\000D\000e\000e\000p\000\040\000R\000e\000s\000e\000a\000r\000c\000h\000\040\000S\000y\000s\000t\000e\000m}{chapter.150}% 99
\BOOKMARK [2][-]{subsection.177}{\376\377\0004\000.\0007\000.\0001\000\040\000D\000e\000s\000i\000g\000n\000\040\000r\000a\000t\000i\000o\000n\000a\000l\000e\000:\000\040\000D\000e\000e\000p\000\040\000R\000e\000s\000e\000a\000r\000c\000h}{section.176}% 100
\BOOKMARK [2][-]{subsection.178}{\376\377\0004\000.\0007\000.\0002\000\040\000D\000e\000e\000p\000\040\000R\000e\000s\000e\000a\000r\000c\000h\000\040\000i\000m\000p\000l\000e\000m\000e\000n\000t\000a\000t\000i\000o\000n}{section.176}% 101
\BOOKMARK [0][-]{chapter.180}{\376\377\0005\000\040\000E\000x\000p\000e\000r\000i\000m\000e\000n\000t\000a\000l\000\040\000D\000a\000t\000a}{}% 102
\BOOKMARK [1][-]{section.181}{\376\377\0005\000.\0001\000\040\000E\000v\000a\000l\000u\000a\000t\000i\000o\000n\000\040\000D\000a\000t\000a\000s\000e\000t\000s\000\040\000\050\000G\000T\000\040\000L\000i\000t\000,\000\040\000L\000L\000M\000\040\000P\000r\000e\000d\000i\000c\000t\000i\000o\000n\000s\000,\000\040\000G\000T\000\040\000S\000y\000n\000t\000h\000\051}{chapter.180}% 103
\BOOKMARK [1][-]{section.182}{\376\377\0005\000.\0002\000\040\000V\000a\000l\000i\000d\000a\000t\000i\000o\000n\000\040\000a\000n\000d\000\040\000A\000u\000x\000i\000l\000i\000a\000r\000y\000\040\000D\000a\000t\000a\000s\000e\000t\000s}{chapter.180}% 104
\BOOKMARK [1][-]{section.188}{\376\377\0005\000.\0003\000\040\000C\000L\000D\000\040\000D\000o\000m\000a\000i\000n\000s}{chapter.180}% 105
\BOOKMARK [1][-]{section.192}{\376\377\0005\000.\0004\000\040\000C\000o\000n\000t\000e\000x\000t\000\040\000P\000a\000r\000a\000m\000e\000t\000e\000r\000s\000\040\000f\000o\000r\000\040\000L\000L\000M\000\040\000G\000e\000n\000e\000r\000a\000t\000i\000o\000n}{chapter.180}% 106
\BOOKMARK [1][-]{section.194}{\376\377\0005\000.\0005\000\040\000C\000L\000D\000\040\000S\000e\000l\000e\000c\000t\000i\000o\000n\000\040\000R\000a\000t\000i\000o\000n\000a\000l\000e}{chapter.180}% 107
\BOOKMARK [1][-]{section.195}{\376\377\0005\000.\0006\000\040\000E\000d\000g\000e\000\040\000S\000t\000r\000u\000c\000t\000u\000r\000e}{chapter.180}% 108
\BOOKMARK [0][-]{chapter.199}{\376\377\0006\000\040\000E\000x\000p\000e\000r\000i\000m\000e\000n\000t\000a\000l\000\040\000D\000e\000s\000i\000g\000n}{}% 109
\BOOKMARK [1][-]{section.200}{\376\377\0006\000.\0001\000\040\000T\000a\000s\000k\000,\000\040\000S\000c\000o\000p\000e\000\040\000a\000n\000d\000\040\000I\000n\000p\000u\000t}{chapter.199}% 110
\BOOKMARK [1][-]{section.203}{\376\377\0006\000.\0002\000\040\000H\000a\000l\000l\000u\000c\000i\000n\000a\000t\000i\000o\000n\000\040\000O\000p\000e\000r\000a\000t\000i\000o\000n\000a\000l\000i\000s\000a\000t\000i\000o\000n}{chapter.199}% 111
\BOOKMARK [1][-]{section.205}{\376\377\0006\000.\0003\000\040\000C\000h\000a\000p\000t\000e\000r\000\040\000O\000v\000e\000r\000v\000i\000e\000w}{chapter.199}% 112
\BOOKMARK [1][-]{section.207}{\376\377\0006\000.\0004\000\040\000E\000x\000p\000e\000r\000i\000m\000e\000n\000t\000a\000l\000\040\000D\000e\000s\000i\000g\000n\000\040\000F\000r\000a\000m\000e\000w\000o\000r\000k}{chapter.199}% 113
\BOOKMARK [1][-]{section.212}{\376\377\0006\000.\0005\000\040\000M\000e\000t\000r\000i\000c\000s}{chapter.199}% 114
\BOOKMARK [2][-]{subsection.213}{\376\377\0006\000.\0005\000.\0001\000\040\000R\000Q\0001\000a\000\040\000M\000e\000t\000r\000i\000c\000s\000\040\000\050\000J\000u\000d\000g\000e\000s\000\051}{section.212}% 115
\BOOKMARK [2][-]{subsection.221}{\376\377\0006\000.\0005\000.\0002\000\040\000R\000Q\0001\000b\000\040\000M\000e\000t\000r\000i\000c\000s\000\040\000\050\000C\000o\000r\000r\000e\000c\000t\000o\000r\000\051}{section.212}% 116
\BOOKMARK [2][-]{subsection.223}{\376\377\0006\000.\0005\000.\0003\000\040\000R\000Q\0002\000\040\000M\000e\000t\000r\000i\000c\000s\000\040\000\050\000U\000n\000c\000e\000r\000t\000a\000i\000n\000t\000y\000\040\000Q\000u\000a\000n\000t\000i\000f\000i\000c\000a\000t\000i\000o\000n\000\051}{section.212}% 117
\BOOKMARK [2][-]{subsection.228}{\376\377\0006\000.\0005\000.\0004\000\040\000R\000Q\0003\000\040\000M\000e\000t\000r\000i\000c\000s\000\040\000\050\000D\000e\000e\000p\000\040\000R\000e\000s\000e\000a\000r\000c\000h\000\051}{section.212}% 118
\BOOKMARK [2][-]{subsection.230}{\376\377\0006\000.\0005\000.\0005\000\040\000V\000a\000l\000i\000d\000a\000t\000i\000o\000n\000\040\000a\000n\000d\000\040\000A\000u\000x\000i\000l\000i\000a\000r\000y\000\040\000M\000e\000t\000r\000i\000c\000s}{section.212}% 119
\BOOKMARK [1][-]{section.247}{\376\377\0006\000.\0006\000\040\000S\000t\000a\000t\000i\000s\000t\000i\000c\000a\000l\000\040\000A\000n\000a\000l\000y\000s\000i\000s}{chapter.199}% 120
\BOOKMARK [1][-]{section.254}{\376\377\0006\000.\0007\000\040\000M\000a\000s\000t\000e\000r\000\040\000E\000x\000p\000e\000r\000i\000m\000e\000n\000t\000a\000l\000\040\000O\000v\000e\000r\000v\000i\000e\000w}{chapter.199}% 121
\BOOKMARK [1][-]{section.256}{\376\377\0006\000.\0008\000\040\000D\000e\000t\000a\000i\000l\000e\000d\000\040\000E\000x\000p\000e\000r\000i\000m\000e\000n\000t\000a\000l\000\040\000S\000p\000e\000c\000i\000f\000i\000c\000a\000t\000i\000o\000n\000s}{chapter.199}% 122
\BOOKMARK [1][-]{section.257}{\376\377\0006\000.\0009\000\040\000R\000e\000p\000r\000o\000d\000u\000c\000i\000b\000i\000l\000i\000t\000y}{chapter.199}% 123
\BOOKMARK [1][-]{section.259}{\376\377\0006\000.\0001\0000\000\040\000V\000a\000l\000i\000d\000i\000t\000y\000\040\000C\000o\000n\000s\000i\000d\000e\000r\000a\000t\000i\000o\000n\000s}{chapter.199}% 124
\BOOKMARK [0][-]{chapter.260}{\376\377\0007\000\040\000R\000e\000s\000u\000l\000t\000s}{}% 125
\BOOKMARK [1][-]{section.261}{\376\377\0007\000.\0001\000\040\000P\000r\000e\000l\000i\000m\000i\000n\000a\000r\000y\000:\000\040\000G\000e\000n\000e\000r\000a\000t\000o\000r\000\040\000M\000o\000d\000e\000l\000\040\000C\000o\000m\000p\000a\000r\000i\000s\000o\000n}{chapter.260}% 126
\BOOKMARK [1][-]{section.264}{\376\377\0007\000.\0002\000\040\000P\000r\000e\000l\000i\000m\000i\000n\000a\000r\000y\000:\000\040\000G\000e\000n\000e\000r\000a\000t\000o\000r\000\040\000B\000a\000s\000e\000l\000i\000n\000e\000\040\000V\000a\000l\000i\000d\000a\000t\000i\000o\000n}{chapter.260}% 127
\BOOKMARK [2][-]{subsection.265}{\376\377\0007\000.\0002\000.\0001\000\040\000G\000e\000n\000e\000r\000a\000t\000o\000r\000\040\000P\000e\000r\000f\000o\000r\000m\000a\000n\000c\000e}{section.264}% 128
\BOOKMARK [2][-]{subsection.268}{\376\377\0007\000.\0002\000.\0002\000\040\000T\000e\000m\000p\000e\000r\000a\000t\000u\000r\000e\000\040\000R\000o\000b\000u\000s\000t\000n\000e\000s\000s}{section.264}% 129
\BOOKMARK [1][-]{section.271}{\376\377\0007\000.\0003\000\040\000P\000r\000e\000l\000i\000m\000i\000n\000a\000r\000y\000:\000\040\000J\000u\000d\000g\000e\000\040\000V\000e\000r\000i\000f\000i\000c\000a\000t\000i\000o\000n\000\040\000\050\000T\000r\000u\000t\000h\000f\000u\000l\000Q\000A\000\051}{chapter.260}% 130
\BOOKMARK [1][-]{section.274}{\376\377\0007\000.\0004\000\040\000R\000Q\0001\000a\000:\000\040\000L\000L\000M\000-\000a\000s\000-\000a\000-\000J\000u\000d\000g\000e\000\040\000f\000o\000r\000\040\000H\000a\000l\000l\000u\000c\000i\000n\000a\000t\000i\000o\000n\000\040\000D\000e\000t\000e\000c\000t\000i\000o\000n}{chapter.260}% 131
\BOOKMARK [2][-]{subsection.275}{\376\377\0007\000.\0004\000.\0001\000\040\000O\000p\000e\000r\000a\000t\000i\000o\000n\000a\000l\000\040\000D\000e\000f\000i\000n\000i\000t\000i\000o\000n\000s\000:\000\040\000G\000T\000\040\000L\000i\000t\000,\000\040\000G\000T\000\040\000S\000y\000n\000t\000h\000,\000\040\000a\000n\000d\000\040\000H\000a\000l\000l\000u\000c\000i\000n\000a\000t\000i\000o\000n}{section.274}% 132
\BOOKMARK [2][-]{subsection.276}{\376\377\0007\000.\0004\000.\0002\000\040\000G\000T\000\040\000S\000y\000n\000t\000h\000\040\000\040\000C\000o\000r\000r\000e\000c\000t\000n\000e\000s\000s\000\040\000J\000u\000d\000g\000e}{section.274}% 133
\BOOKMARK [3][-]{subsubsection.277}{\376\377\0007\000.\0004\000.\0002\000.\0001\000\040\000P\000e\000r\000f\000o\000r\000m\000a\000n\000c\000e\000\040\000M\000e\000t\000r\000i\000c\000s\000\040\000O\000v\000e\000r\000v\000i\000e\000w}{subsection.276}% 134
\BOOKMARK [3][-]{subsubsection.279}{\376\377\0007\000.\0004\000.\0002\000.\0002\000\040\000D\000e\000t\000a\000i\000l\000e\000d\000\040\000A\000n\000a\000l\000y\000s\000i\000s}{subsection.276}% 135
\BOOKMARK [2][-]{subsection.281}{\376\377\0007\000.\0004\000.\0003\000\040\000G\000T\000\040\000L\000i\000t\000\040\000\040\000C\000o\000r\000r\000e\000c\000t\000n\000e\000s\000s\000\040\000J\000u\000d\000g\000e}{section.274}% 136
\BOOKMARK [3][-]{subsubsection.282}{\376\377\0007\000.\0004\000.\0003\000.\0001\000\040\000P\000e\000r\000f\000o\000r\000m\000a\000n\000c\000e\000\040\000M\000e\000t\000r\000i\000c\000s\000\040\000O\000v\000e\000r\000v\000i\000e\000w}{subsection.281}% 137
\BOOKMARK [3][-]{subsubsection.284}{\376\377\0007\000.\0004\000.\0003\000.\0002\000\040\000D\000e\000t\000a\000i\000l\000e\000d\000\040\000A\000n\000a\000l\000y\000s\000i\000s}{subsection.281}% 138
\BOOKMARK [2][-]{subsection.286}{\376\377\0007\000.\0004\000.\0004\000\040\000G\000T\000\040\000S\000y\000n\000t\000h\000\040\000\040\000C\000i\000t\000a\000t\000i\000o\000n\000\040\000J\000u\000d\000g\000e}{section.274}% 139
\BOOKMARK [3][-]{subsubsection.287}{\376\377\0007\000.\0004\000.\0004\000.\0001\000\040\000P\000e\000r\000f\000o\000r\000m\000a\000n\000c\000e\000\040\000M\000e\000t\000r\000i\000c\000s\000\040\000O\000v\000e\000r\000v\000i\000e\000w}{subsection.286}% 140
\BOOKMARK [3][-]{subsubsection.289}{\376\377\0007\000.\0004\000.\0004\000.\0002\000\040\000D\000e\000t\000a\000i\000l\000e\000d\000\040\000A\000n\000a\000l\000y\000s\000i\000s}{subsection.286}% 141
\BOOKMARK [2][-]{subsection.291}{\376\377\0007\000.\0004\000.\0005\000\040\000G\000T\000\040\000L\000i\000t\000\040\000\040\000C\000i\000t\000a\000t\000i\000o\000n\000\040\000J\000u\000d\000g\000e}{section.274}% 142
\BOOKMARK [3][-]{subsubsection.292}{\376\377\0007\000.\0004\000.\0005\000.\0001\000\040\000P\000e\000r\000f\000o\000r\000m\000a\000n\000c\000e\000\040\000M\000e\000t\000r\000i\000c\000s\000\040\000O\000v\000e\000r\000v\000i\000e\000w}{subsection.291}% 143
\BOOKMARK [3][-]{subsubsection.294}{\376\377\0007\000.\0004\000.\0005\000.\0002\000\040\000D\000e\000t\000a\000i\000l\000e\000d\000\040\000A\000n\000a\000l\000y\000s\000i\000s}{subsection.291}% 144
\BOOKMARK [3][-]{subsubsection.296}{\376\377\0007\000.\0004\000.\0005\000.\0003\000\040\000R\000a\000t\000i\000o\000n\000a\000l\000e\000\040\000f\000o\000r\000\040\000v\000a\000l\000i\000d\000a\000t\000i\000o\000n\000\040\000s\000t\000u\000d\000i\000e\000s}{subsection.291}% 145
\BOOKMARK [2][-]{subsection.297}{\376\377\0007\000.\0004\000.\0006\000\040\000V\000a\000l\000i\000d\000a\000t\000i\000o\000n\000:\000\040\000H\000u\000m\000a\000n\040\023\000L\000L\000M\000\040\000A\000g\000r\000e\000e\000m\000e\000n\000t}{section.274}% 146
\BOOKMARK [3][-]{subsubsection.298}{\376\377\0007\000.\0004\000.\0006\000.\0001\000\040\000P\000e\000r\000-\000D\000a\000t\000a\000s\000e\000t\000\040\000a\000n\000d\000\040\000C\000o\000m\000b\000i\000n\000e\000d\000\040\000A\000g\000r\000e\000e\000m\000e\000n\000t}{subsection.297}% 147
\BOOKMARK [3][-]{subsubsection.301}{\376\377\0007\000.\0004\000.\0006\000.\0002\000\040\000D\000i\000s\000a\000g\000r\000e\000e\000m\000e\000n\000t\000\040\000A\000n\000a\000l\000y\000s\000i\000s}{subsection.297}% 148
\BOOKMARK [2][-]{subsection.304}{\376\377\0007\000.\0004\000.\0007\000\040\000V\000a\000l\000i\000d\000a\000t\000i\000o\000n\000:\000\040\000U\000l\000e\000m\000a\000n\000'\000s\000\040\000E\000x\000t\000e\000r\000n\000a\000l\000\040\000C\000L\000D}{section.274}% 149
\BOOKMARK [3][-]{subsubsection.305}{\376\377\0007\000.\0004\000.\0007\000.\0001\000\040\000S\000e\000a\000r\000c\000h\000\040\000P\000r\000o\000v\000i\000d\000e\000r\000\040\000C\000o\000m\000p\000a\000r\000i\000s\000o\000n}{subsection.304}% 150
\BOOKMARK [2][-]{subsection.308}{\376\377\0007\000.\0004\000.\0008\000\040\000V\000a\000l\000i\000d\000a\000t\000i\000o\000n\000:\000\040\000P\000h\000y\000s\000i\000c\000s\000\040\000C\000L\000D\000s}{section.274}% 151
\BOOKMARK [2][-]{subsection.311}{\376\377\0007\000.\0004\000.\0009\000\040\000D\000i\000s\000e\000n\000t\000a\000n\000g\000l\000i\000n\000g\000\040\000R\000e\000t\000r\000i\000e\000v\000a\000l\000\040\000Q\000u\000a\000l\000i\000t\000y\000\040\000f\000r\000o\000m\000\040\000D\000o\000m\000a\000i\000n\000\040\000D\000e\000p\000e\000n\000d\000e\000n\000c\000e}{section.274}% 152
\BOOKMARK [2][-]{subsection.314}{\376\377\0007\000.\0004\000.\0001\0000\000\040\000S\000y\000n\000t\000h\000e\000s\000i\000s\000\040\000o\000f\000\040\000v\000a\000l\000i\000d\000a\000t\000i\000o\000n\000\040\000f\000i\000n\000d\000i\000n\000g\000s}{section.274}% 153
\BOOKMARK [2][-]{subsection.315}{\376\377\0007\000.\0004\000.\0001\0001\000\040\000R\000Q\0001\000a\000:\000\040\000M\000a\000i\000n\000\040\000F\000i\000n\000d\000i\000n\000g\000s\000\040\000\050\000S\000u\000m\000m\000a\000r\000y\000\051}{section.274}% 154
\BOOKMARK [1][-]{section.322}{\376\377\0007\000.\0005\000\040\000R\000Q\0001\000b\000:\000\040\000L\000L\000M\000-\000a\000s\000-\000a\000-\000C\000o\000r\000r\000e\000c\000t\000o\000r\000\040\000f\000o\000r\000\040\000E\000d\000g\000e\000\040\000Q\000u\000a\000l\000i\000t\000y\000\040\000I\000m\000p\000r\000o\000v\000e\000m\000e\000n\000t}{chapter.260}% 155
\BOOKMARK [2][-]{subsection.323}{\376\377\0007\000.\0005\000.\0001\000\040\000G\000T\000\040\000S\000y\000n\000t\000h\000\040\000\040\000B\000a\000s\000e\000l\000i\000n\000e\000\040\000J\000u\000d\000g\000e\000:\000\040\000C\000o\000r\000r\000e\000c\000t\000i\000o\000n\000\040\000R\000e\000s\000u\000l\000t\000s}{section.322}% 156
\BOOKMARK [2][-]{subsection.326}{\376\377\0007\000.\0005\000.\0002\000\040\000G\000T\000\040\000S\000y\000n\000t\000h\000\040\000\040\000B\000a\000s\000e\000l\000i\000n\000e\000\040\000J\000u\000d\000g\000e\000:\000\040\000P\000r\000o\000m\000p\000t\000\040\000A\000b\000l\000a\000t\000i\000o\000n}{section.322}% 157
\BOOKMARK [2][-]{subsection.329}{\376\377\0007\000.\0005\000.\0003\000\040\000G\000T\000\040\000L\000i\000t\000\040\000\040\000M\000e\000c\000h\000a\000n\000i\000s\000t\000i\000c\000\040\000J\000u\000d\000g\000e\000:\000\040\000C\000o\000r\000r\000e\000c\000t\000i\000o\000n\000\040\000R\000e\000s\000u\000l\000t\000s}{section.322}% 158
\BOOKMARK [2][-]{subsection.332}{\376\377\0007\000.\0005\000.\0004\000\040\000G\000T\000\040\000L\000i\000t\000\040\000\040\000M\000e\000c\000h\000a\000n\000i\000s\000t\000i\000c\000\040\000J\000u\000d\000g\000e\000:\000\040\000P\000r\000o\000m\000p\000t\000\040\000A\000b\000l\000a\000t\000i\000o\000n}{section.322}% 159
\BOOKMARK [2][-]{subsection.335}{\376\377\0007\000.\0005\000.\0005\000\040\000R\000Q\0001\000b\000:\000\040\000M\000a\000i\000n\000\040\000F\000i\000n\000d\000i\000n\000g\000s\000\040\000\050\000S\000u\000m\000m\000a\000r\000y\000\051}{section.322}% 160
\BOOKMARK [1][-]{section.339}{\376\377\0007\000.\0006\000\040\000R\000Q\0002\000:\000\040\000C\000o\000r\000p\000u\000s\000-\000I\000n\000d\000e\000p\000e\000n\000d\000e\000n\000t\000\040\000H\000a\000l\000l\000u\000c\000i\000n\000a\000t\000i\000o\000n\000\040\000D\000e\000t\000e\000c\000t\000i\000o\000n\000\040\000v\000i\000a\000\040\000U\000Q\000\040\000M\000e\000t\000r\000i\000c\000s}{chapter.260}% 161
\BOOKMARK [2][-]{subsection.340}{\376\377\0007\000.\0006\000.\0001\000\040\000S\000i\000n\000g\000l\000e\000\040\000U\000Q\000\040\000M\000e\000t\000r\000i\000c\000\040\000P\000e\000r\000f\000o\000r\000m\000a\000n\000c\000e}{section.339}% 162
\BOOKMARK [2][-]{subsection.343}{\376\377\0007\000.\0006\000.\0002\000\040\000F\000e\000a\000t\000u\000r\000e\000\040\000D\000i\000s\000t\000r\000i\000b\000u\000t\000i\000o\000n\000s\000:\000\040\000C\000o\000r\000r\000e\000c\000t\000\040\000v\000s\000.\000\040\000H\000a\000l\000l\000u\000c\000i\000n\000a\000t\000i\000o\000n\000s}{section.339}% 163
\BOOKMARK [2][-]{subsection.347}{\376\377\0007\000.\0006\000.\0003\000\040\000R\000e\000c\000u\000r\000s\000i\000v\000e\000\040\000F\000e\000a\000t\000u\000r\000e\000\040\000E\000l\000i\000m\000i\000n\000a\000t\000i\000o\000n\000\040\000A\000n\000a\000l\000y\000s\000i\000s}{section.339}% 164
\BOOKMARK [2][-]{subsection.349}{\376\377\0007\000.\0006\000.\0004\000\040\000E\000n\000s\000e\000m\000b\000l\000e\000\040\000C\000l\000a\000s\000s\000i\000f\000i\000c\000a\000t\000i\000o\000n\000\040\000R\000e\000s\000u\000l\000t\000s}{section.339}% 165
\BOOKMARK [2][-]{subsection.353}{\376\377\0007\000.\0006\000.\0005\000\040\000R\000Q\0002\000:\000\040\000M\000a\000i\000n\000\040\000F\000i\000n\000d\000i\000n\000g\000s\000\040\000\050\000S\000u\000m\000m\000a\000r\000y\000\051}{section.339}% 166
\BOOKMARK [1][-]{section.357}{\376\377\0007\000.\0007\000\040\000R\000Q\0003\000:\000\040\000D\000e\000e\000p\000\040\000R\000e\000s\000e\000a\000r\000c\000h\000\040\000V\000a\000l\000i\000d\000a\000t\000i\000o\000n\000\040\000\050\000E\000x\000p\000l\000o\000r\000a\000t\000o\000r\000y\000\040\000P\000i\000l\000o\000t\000\051}{chapter.260}% 167
\BOOKMARK [2][-]{subsection.360}{\376\377\0007\000.\0007\000.\0001\000\040\000C\000o\000m\000p\000u\000t\000a\000t\000i\000o\000n\000a\000l\000\040\000C\000o\000s\000t}{section.357}% 168
\BOOKMARK [2][-]{subsection.362}{\376\377\0007\000.\0007\000.\0002\000\040\000P\000e\000r\000-\000C\000L\000D\000\040\000D\000e\000t\000e\000c\000t\000i\000o\000n\000\040\000R\000a\000t\000e\000\040\000A\000n\000a\000l\000y\000s\000i\000s}{section.357}% 169
\BOOKMARK [2][-]{subsection.365}{\376\377\0007\000.\0007\000.\0003\000\040\000E\000x\000p\000l\000o\000r\000a\000t\000o\000r\000y\000:\000\040\000G\000r\000o\000u\000n\000d\000\040\000T\000r\000u\000t\000h\000\040\000E\000n\000r\000i\000c\000h\000m\000e\000n\000t\000\040\000A\000n\000a\000l\000y\000s\000i\000s}{section.357}% 170
\BOOKMARK [2][-]{subsection.374}{\376\377\0007\000.\0007\000.\0004\000\040\000S\000m\000a\000r\000t\000-\000T\000r\000i\000g\000g\000e\000r\000\040\000D\000R\000\040\000D\000e\000p\000l\000o\000y\000m\000e\000n\000t\000\040\000E\000s\000t\000i\000m\000a\000t\000e}{section.357}% 171
\BOOKMARK [2][-]{subsection.377}{\376\377\0007\000.\0007\000.\0005\000\040\000R\000Q\0003\000:\000\040\000M\000a\000i\000n\000\040\000F\000i\000n\000d\000i\000n\000g\000s\000\040\000\050\000S\000u\000m\000m\000a\000r\000y\000\051}{section.357}% 172
\BOOKMARK [1][-]{section.382}{\376\377\0007\000.\0008\000\040\000E\000f\000f\000e\000c\000t\000\040\000S\000i\000z\000e\000\040\000S\000u\000m\000m\000a\000r\000y}{chapter.260}% 173
\BOOKMARK [1][-]{section.385}{\376\377\0007\000.\0009\000\040\000C\000o\000m\000p\000u\000t\000a\000t\000i\000o\000n\000a\000l\000\040\000S\000c\000a\000l\000i\000n\000g\000\040\000A\000n\000a\000l\000y\000s\000i\000s}{chapter.260}% 174
\BOOKMARK [2][-]{subsection.386}{\376\377\0007\000.\0009\000.\0001\000\040\000T\000i\000m\000e\000\040\000a\000n\000d\000\040\000C\000o\000s\000t\000\040\000S\000c\000a\000l\000i\000n\000g}{section.385}% 175
\BOOKMARK [2][-]{subsection.388}{\376\377\0007\000.\0009\000.\0002\000\040\000T\000o\000k\000e\000n\000\040\000C\000o\000s\000t\000\040\000A\000n\000a\000l\000y\000s\000i\000s}{section.385}% 176
\BOOKMARK [2][-]{subsection.390}{\376\377\0007\000.\0009\000.\0003\000\040\000P\000a\000r\000a\000l\000l\000e\000l\000i\000z\000a\000t\000i\000o\000n\000\040\000S\000p\000e\000e\000d\000u\000p}{section.385}% 177
\BOOKMARK [0][-]{chapter.394}{\376\377\0008\000\040\000D\000i\000s\000c\000u\000s\000s\000i\000o\000n}{}% 178
\BOOKMARK [1][-]{section.395}{\376\377\0008\000.\0001\000\040\000D\000i\000r\000e\000c\000t\000\040\000A\000n\000s\000w\000e\000r\000s\000\040\000t\000o\000\040\000t\000h\000e\000\040\000R\000e\000s\000e\000a\000r\000c\000h\000\040\000Q\000u\000e\000s\000t\000i\000o\000n\000s}{chapter.394}% 179
\BOOKMARK [1][-]{section.401}{\376\377\0008\000.\0002\000\040\000C\000e\000n\000t\000r\000a\000l\000\040\000I\000n\000t\000e\000r\000p\000r\000e\000t\000i\000v\000e\000\040\000C\000l\000a\000i\000m\000:\000\040\000E\000r\000r\000o\000r\000\040\000v\000s\000.\000\040\000S\000c\000o\000p\000e\000\040\000D\000i\000s\000a\000g\000r\000e\000e\000m\000e\000n\000t}{chapter.394}% 180
\BOOKMARK [1][-]{section.402}{\376\377\0008\000.\0003\000\040\000C\000L\000D\000\040\000G\000e\000n\000e\000r\000a\000t\000i\000o\000n\000\040\000P\000a\000r\000a\000d\000i\000g\000m}{chapter.394}% 181
\BOOKMARK [1][-]{section.403}{\376\377\0008\000.\0004\000\040\000M\000e\000c\000h\000a\000n\000i\000s\000m\000s\000\040\000o\000f\000\040\000J\000u\000d\000g\000e\000\040\000F\000a\000i\000l\000u\000r\000e}{chapter.394}% 182
\BOOKMARK [2][-]{subsection.404}{\376\377\0008\000.\0004\000.\0001\000\040\000T\000h\000e\000\040\000`\000`\000E\000v\000i\000d\000e\000n\000c\000e\000\040\000o\000f\000\040\000A\000b\000s\000e\000n\000c\000e\000'\000'\000\040\000P\000a\000r\000a\000d\000o\000x\000\040\000\050\000C\000i\000t\000a\000t\000i\000o\000n\000\040\000J\000u\000d\000g\000e\000\051}{section.403}% 183
\BOOKMARK [2][-]{subsection.406}{\376\377\0008\000.\0004\000.\0002\000\040\000P\000l\000a\000u\000s\000i\000b\000i\000l\000i\000t\000y\000\040\000B\000i\000a\000s\000\040\000\050\000C\000o\000r\000r\000e\000c\000t\000n\000e\000s\000s\000\040\000J\000u\000d\000g\000e\000\051}{section.403}% 184
\BOOKMARK [2][-]{subsection.408}{\376\377\0008\000.\0004\000.\0003\000\040\000P\000a\000r\000t\000i\000a\000l\000\040\000C\000r\000e\000d\000i\000t\000\040\000a\000n\000d\000\040\000N\000o\000n\000-\000S\000c\000i\000e\000n\000t\000i\000f\000i\000c\000\040\000E\000v\000i\000d\000e\000n\000c\000e\000\040\000A\000c\000c\000e\000p\000t\000a\000n\000c\000e\000\040\000\050\000C\000i\000t\000a\000t\000i\000o\000n\000\040\000J\000u\000d\000g\000e\000\051}{section.403}% 185
\BOOKMARK [2][-]{subsection.410}{\376\377\0008\000.\0004\000.\0004\000\040\000D\000o\000m\000a\000i\000n\000-\000D\000e\000p\000e\000n\000d\000e\000n\000t\000\040\000F\000a\000i\000l\000u\000r\000e\000:\000\040\000T\000h\000e\000\040\000S\000o\000c\000i\000a\000l\000\040\000N\000o\000r\000m\000s\000\040\000A\000n\000o\000m\000a\000l\000y}{section.403}% 186
\BOOKMARK [1][-]{section.411}{\376\377\0008\000.\0005\000\040\000R\000Q\0001\000\040\000I\000n\000t\000e\000r\000p\000r\000e\000t\000a\000t\000i\000o\000n\000:\000\040\000J\000u\000d\000g\000e\000s\000\040\000a\000s\000\040\000S\000c\000r\000e\000e\000n\000i\000n\000g\000\040\000S\000i\000g\000n\000a\000l\000s}{chapter.394}% 187
\BOOKMARK [2][-]{subsection.412}{\376\377\0008\000.\0005\000.\0001\000\040\000C\000o\000r\000r\000e\000c\000t\000n\000e\000s\000s\000\040\000J\000u\000d\000g\000e}{section.411}% 188
\BOOKMARK [2][-]{subsection.413}{\376\377\0008\000.\0005\000.\0002\000\040\000C\000i\000t\000a\000t\000i\000o\000n\000\040\000J\000u\000d\000g\000e}{section.411}% 189
\BOOKMARK [2][-]{subsection.414}{\376\377\0008\000.\0005\000.\0003\000\040\000H\000u\000m\000a\000n\000\040\000V\000a\000l\000i\000d\000a\000t\000i\000o\000n\000:\000\040\000S\000y\000s\000t\000e\000m\000a\000t\000i\000c\000\040\000L\000e\000n\000i\000e\000n\000c\000y}{section.411}% 190
\BOOKMARK [2][-]{subsection.415}{\376\377\0008\000.\0005\000.\0004\000\040\000I\000m\000p\000l\000i\000c\000a\000t\000i\000o\000n\000:\000\040\000A\000c\000t\000i\000v\000e\000\040\000L\000e\000a\000r\000n\000i\000n\000g\000\040\000f\000o\000r\000\040\000J\000u\000d\000g\000e\000\040\000C\000a\000l\000i\000b\000r\000a\000t\000i\000o\000n}{section.411}% 191
\BOOKMARK [1][-]{section.416}{\376\377\0008\000.\0006\000\040\000M\000e\000c\000h\000a\000n\000i\000s\000m\000s\000\040\000o\000f\000\040\000C\000o\000r\000r\000e\000c\000t\000o\000r\000\040\000F\000a\000i\000l\000u\000r\000e}{chapter.394}% 192
\BOOKMARK [2][-]{subsection.417}{\376\377\0008\000.\0006\000.\0001\000\040\000J\000u\000d\000g\000e\000-\000S\000a\000t\000i\000s\000f\000i\000c\000i\000n\000g\000\040\000R\000e\000v\000i\000s\000i\000o\000n\000s\000\040\000\050\000G\000o\000o\000d\000h\000a\000r\000t\000-\000S\000t\000y\000l\000e\000\040\000M\000e\000t\000r\000i\000c\000\040\000G\000a\000m\000i\000n\000g\000\051}{section.416}% 193
\BOOKMARK [2][-]{subsection.419}{\376\377\0008\000.\0006\000.\0002\000\040\000P\000r\000e\000c\000i\000s\000i\000o\000n\000\040\000L\000o\000s\000s\000\040\000v\000i\000a\000\040\000O\000v\000e\000r\000-\000A\000d\000d\000i\000t\000i\000o\000n\000\040\000B\000i\000a\000s}{section.416}% 194
\BOOKMARK [2][-]{subsection.421}{\376\377\0008\000.\0006\000.\0003\000\040\000P\000o\000l\000a\000r\000i\000t\000y\000\040\000a\000n\000d\000\040\000T\000y\000p\000e\000\040\000I\000n\000c\000o\000n\000s\000i\000s\000t\000e\000n\000c\000i\000e\000s\000\040\000\050\000S\000c\000h\000e\000m\000a\000\040\000S\000l\000i\000p\000s\000\051}{section.416}% 195
\BOOKMARK [2][-]{subsection.423}{\376\377\0008\000.\0006\000.\0004\000\040\000N\000o\000i\000s\000y\000-\000L\000a\000b\000e\000l\000\040\000A\000m\000p\000l\000i\000f\000i\000c\000a\000t\000i\000o\000n\000\040\000U\000n\000d\000e\000r\000\040\000W\000e\000a\000k\000\040\000J\000u\000d\000g\000e\000\040\000S\000i\000g\000n\000a\000l}{section.416}% 196
\BOOKMARK [2][-]{subsection.424}{\376\377\0008\000.\0006\000.\0005\000\040\000I\000n\000s\000t\000a\000b\000i\000l\000i\000t\000y\000\040\000A\000c\000r\000o\000s\000s\000\040\000C\000o\000r\000r\000e\000c\000t\000i\000o\000n\000\040\000S\000e\000s\000s\000i\000o\000n\000s}{section.416}% 197
\BOOKMARK [2][-]{subsection.426}{\376\377\0008\000.\0006\000.\0006\000\040\000P\000e\000r\000-\000C\000L\000D\000\040\000V\000a\000r\000i\000a\000t\000i\000o\000n\000\040\000i\000n\000\040\000C\000o\000r\000r\000e\000c\000t\000o\000r\000\040\000E\000f\000f\000e\000c\000t\000i\000v\000e\000n\000e\000s\000s}{section.416}% 198
\BOOKMARK [2][-]{subsection.427}{\376\377\0008\000.\0006\000.\0007\000\040\000D\000i\000a\000g\000n\000o\000s\000i\000n\000g\000\040\000J\000u\000d\000g\000e\040\023\000C\000o\000r\000r\000e\000c\000t\000o\000r\000\040\000C\000o\000u\000p\000l\000i\000n\000g}{section.416}% 199
\BOOKMARK [1][-]{section.428}{\376\377\0008\000.\0007\000\040\000R\000Q\0002\000:\000\040\000U\000Q\000\040\000M\000e\000t\000r\000i\000c\000s\000\040\000a\000n\000d\000\040\000C\000r\000o\000s\000s\000-\000D\000o\000m\000a\000i\000n\000\040\000T\000r\000a\000n\000s\000f\000e\000r}{chapter.394}% 200
\BOOKMARK [2][-]{subsection.429}{\376\377\0008\000.\0007\000.\0001\000\040\000C\000o\000u\000n\000t\000e\000r\000i\000n\000t\000u\000i\000t\000i\000v\000e\000\040\000C\000o\000s\000i\000n\000e\000\040\000S\000i\000m\000i\000l\000a\000r\000i\000t\000y\000\040\000D\000i\000r\000e\000c\000t\000i\000o\000n}{section.428}% 201
\BOOKMARK [2][-]{subsection.430}{\376\377\0008\000.\0007\000.\0002\000\040\000C\000r\000o\000s\000s\000-\000D\000o\000m\000a\000i\000n\000\040\000G\000e\000n\000e\000r\000a\000l\000i\000s\000a\000t\000i\000o\000n\000\040\000F\000a\000i\000l\000u\000r\000e}{section.428}% 202
\BOOKMARK [2][-]{subsection.431}{\376\377\0008\000.\0007\000.\0003\000\040\000A\000l\000t\000e\000r\000n\000a\000t\000i\000v\000e\000\040\000U\000Q\000\040\000M\000e\000t\000r\000i\000c\000\040\000D\000e\000s\000i\000g\000n\000s}{section.428}% 203
\BOOKMARK [2][-]{subsection.432}{\376\377\0008\000.\0007\000.\0004\000\040\000T\000e\000m\000p\000e\000r\000a\000t\000u\000r\000e\040\023\000U\000n\000c\000e\000r\000t\000a\000i\000n\000t\000y\000\040\000T\000r\000a\000d\000e\000-\000o\000f\000f}{section.428}% 204
\BOOKMARK [1][-]{section.433}{\376\377\0008\000.\0008\000\040\000R\000Q\0003\000:\000\040\000D\000e\000e\000p\000\040\000R\000e\000s\000e\000a\000r\000c\000h\000\040\000V\000a\000l\000i\000d\000a\000t\000i\000o\000n}{chapter.394}% 205
\BOOKMARK [2][-]{subsection.434}{\376\377\0008\000.\0008\000.\0001\000\040\000W\000h\000y\000\040\000L\000i\000t\000e\000r\000a\000t\000u\000r\000e\000\040\000V\000a\000l\000i\000d\000a\000t\000i\000o\000n\000\040\000H\000a\000s\000\040\000W\000e\000a\000k\000\040\000D\000i\000s\000c\000r\000i\000m\000i\000n\000a\000t\000i\000v\000e\000\040\000P\000o\000w\000e\000r}{section.433}% 206
\BOOKMARK [2][-]{subsection.435}{\376\377\0008\000.\0008\000.\0002\000\040\000T\000h\000e\000\040\000V\000a\000r\000i\000a\000b\000l\000e\000-\000M\000i\000s\000m\000a\000t\000c\000h\000\040\000P\000r\000o\000b\000l\000e\000m}{section.433}% 207
\BOOKMARK [2][-]{subsection.436}{\376\377\0008\000.\0008\000.\0003\000\040\000W\000h\000a\000t\000\040\000G\000r\000o\000u\000n\000d\000\040\000T\000r\000u\000t\000h\000\040\000E\000n\000r\000i\000c\000h\000m\000e\000n\000t\000\040\000R\000e\000v\000e\000a\000l\000s}{section.433}% 208
\BOOKMARK [2][-]{subsection.437}{\376\377\0008\000.\0008\000.\0004\000\040\000R\000e\000s\000i\000d\000u\000a\000l\000\040\000F\000a\000l\000s\000e\000\040\000N\000e\000g\000a\000t\000i\000v\000e\000s\000:\000\040\000P\000a\000r\000t\000i\000a\000l\000\040\000R\000e\000c\000o\000v\000e\000r\000y\000\040\000a\000n\000d\000\040\000T\000a\000c\000i\000t\000\040\000E\000x\000p\000e\000r\000t\000\040\000K\000n\000o\000w\000l\000e\000d\000g\000e}{section.433}% 209
\BOOKMARK [2][-]{subsection.438}{\376\377\0008\000.\0008\000.\0005\000\040\000J\000u\000d\000g\000e\000-\000T\000r\000i\000g\000g\000e\000r\000e\000d\000\040\000D\000e\000p\000l\000o\000y\000m\000e\000n\000t\000:\000\040\000E\000f\000f\000i\000c\000i\000e\000n\000c\000y\000\040\000a\000n\000d\000\040\000R\000i\000s\000k\000s}{section.433}% 210
\BOOKMARK [2][-]{subsection.439}{\376\377\0008\000.\0008\000.\0006\000\040\000L\000i\000m\000i\000t\000a\000t\000i\000o\000n\000s\000\040\000o\000f\000\040\000t\000h\000e\000\040\000D\000e\000e\000p\000\040\000R\000e\000s\000e\000a\000r\000c\000h\000\040\000P\000i\000v\000o\000t}{section.433}% 211
\BOOKMARK [1][-]{section.440}{\376\377\0008\000.\0009\000\040\000S\000y\000n\000t\000h\000e\000s\000i\000s\000:\000\040\000C\000o\000m\000p\000o\000u\000n\000d\000i\000n\000g\000\040\000D\000e\000p\000e\000n\000d\000e\000n\000c\000i\000e\000s\000\040\000a\000n\000d\000\040\000t\000h\000e\000\040\000D\000i\000v\000i\000s\000i\000o\000n\000\040\000o\000f\000\040\000L\000a\000b\000o\000u\000r}{chapter.394}% 212
\BOOKMARK [2][-]{subsection.441}{\376\377\0008\000.\0009\000.\0001\000\040\000C\000o\000m\000p\000o\000u\000n\000d\000i\000n\000g\000\040\000F\000a\000i\000l\000u\000r\000e\000\040\000M\000o\000d\000e\000s\000\040\000A\000c\000r\000o\000s\000s\000\040\000C\000o\000m\000p\000o\000n\000e\000n\000t\000s}{section.440}% 213
\BOOKMARK [2][-]{subsection.445}{\376\377\0008\000.\0009\000.\0002\000\040\000T\000h\000e\000\040\000G\000T\000\040\000S\000y\000n\000t\000h\000\040\000t\000o\000\040\000G\000T\000\040\000L\000i\000t\000\040\000T\000r\000a\000n\000s\000f\000e\000r\000\040\000G\000a\000p}{section.440}% 214
\BOOKMARK [2][-]{subsection.446}{\376\377\0008\000.\0009\000.\0003\000\040\000E\000m\000e\000r\000g\000e\000n\000t\000\040\000D\000i\000v\000i\000s\000i\000o\000n\000\040\000o\000f\000\040\000L\000a\000b\000o\000u\000r}{section.440}% 215
\BOOKMARK [2][-]{subsection.447}{\376\377\0008\000.\0009\000.\0004\000\040\000I\000m\000p\000l\000i\000c\000a\000t\000i\000o\000n\000s\000\040\000f\000o\000r\000\040\000G\000r\000o\000u\000p\000\040\000M\000o\000d\000e\000l\000\040\000B\000u\000i\000l\000d\000i\000n\000g}{section.440}% 216
\BOOKMARK [1][-]{section.448}{\376\377\0008\000.\0001\0000\000\040\000P\000r\000a\000c\000t\000i\000c\000a\000l\000\040\000R\000e\000c\000o\000m\000m\000e\000n\000d\000a\000t\000i\000o\000n\000s}{chapter.394}% 217
\BOOKMARK [1][-]{section.455}{\376\377\0008\000.\0001\0001\000\040\000L\000i\000m\000i\000t\000a\000t\000i\000o\000n\000s\000\040\000a\000n\000d\000\040\000V\000a\000l\000i\000d\000i\000t\000y\000\040\000T\000h\000r\000e\000a\000t\000s}{chapter.394}% 218
\BOOKMARK [2][-]{subsection.456}{\376\377\0008\000.\0001\0001\000.\0001\000\040\000M\000o\000d\000e\000l\000\040\000D\000e\000p\000e\000n\000d\000e\000n\000c\000e}{section.455}% 219
\BOOKMARK [2][-]{subsection.457}{\376\377\0008\000.\0001\0001\000.\0002\000\040\000D\000o\000m\000a\000i\000n\000\040\000D\000e\000p\000e\000n\000d\000e\000n\000c\000e}{section.455}% 220
\BOOKMARK [2][-]{subsection.458}{\376\377\0008\000.\0001\0001\000.\0003\000\040\000V\000a\000l\000i\000d\000a\000t\000i\000o\000n\000\040\000S\000t\000u\000d\000i\000e\000s}{section.455}% 221
\BOOKMARK [2][-]{subsection.459}{\376\377\0008\000.\0001\0001\000.\0004\000\040\000C\000o\000n\000s\000t\000r\000u\000c\000t\000\040\000V\000a\000l\000i\000d\000i\000t\000y}{section.455}% 222
\BOOKMARK [2][-]{subsection.460}{\376\377\0008\000.\0001\0001\000.\0005\000\040\000E\000d\000g\000e\000-\000I\000s\000o\000l\000a\000t\000i\000o\000n\000\040\000D\000e\000s\000i\000g\000n\000\040\000C\000o\000n\000s\000t\000r\000a\000i\000n\000t}{section.455}% 223
\BOOKMARK [2][-]{subsection.461}{\376\377\0008\000.\0001\0001\000.\0006\000\040\000N\000o\000d\000e\000-\000S\000e\000t\000\040\000C\000o\000n\000d\000i\000t\000i\000o\000n\000i\000n\000g\000\040\000\050\000V\000a\000r\000i\000a\000b\000l\000e\000\040\000E\000x\000t\000r\000a\000c\000t\000i\000o\000n\000\040\000O\000m\000i\000t\000t\000e\000d\000\051}{section.455}% 224
\BOOKMARK [2][-]{subsection.462}{\376\377\0008\000.\0001\0001\000.\0007\000\040\000R\000e\000t\000r\000i\000e\000v\000a\000l\000\040\000a\000n\000d\000\040\000T\000e\000m\000p\000o\000r\000a\000l\000\040\000D\000e\000p\000e\000n\000d\000e\000n\000c\000e}{section.455}% 225
\BOOKMARK [2][-]{subsection.463}{\376\377\0008\000.\0001\0001\000.\0008\000\040\000S\000t\000r\000u\000c\000t\000u\000r\000a\000l\000\040\000L\000i\000m\000i\000t\000a\000t\000i\000o\000n\000s\000\040\000o\000f\000\040\000S\000c\000i\000e\000n\000t\000i\000f\000i\000c\000\040\000L\000i\000t\000e\000r\000a\000t\000u\000r\000e}{section.455}% 226
\BOOKMARK [2][-]{subsection.464}{\376\377\0008\000.\0001\0001\000.\0009\000\040\000S\000t\000a\000t\000i\000s\000t\000i\000c\000a\000l\000\040\000P\000o\000w\000e\000r\000\040\000a\000n\000d\000\040\000S\000a\000m\000p\000l\000e\000\040\000S\000i\000z\000e}{section.455}% 227
\BOOKMARK [2][-]{subsection.465}{\376\377\0008\000.\0001\0001\000.\0001\0000\000\040\000S\000e\000n\000s\000i\000t\000i\000v\000i\000t\000y\000\040\000A\000n\000a\000l\000y\000s\000i\000s\000\040\000C\000o\000n\000s\000t\000r\000a\000i\000n\000t\000s}{section.455}% 228
\BOOKMARK [2][-]{subsection.466}{\376\377\0008\000.\0001\0001\000.\0001\0001\000\040\000B\000u\000d\000g\000e\000t\000\040\000a\000n\000d\000\040\000D\000e\000s\000i\000g\000n\000\040\000C\000o\000n\000s\000t\000r\000a\000i\000n\000t\000s}{section.455}% 229
\BOOKMARK [1][-]{section.467}{\376\377\0008\000.\0001\0002\000\040\000F\000u\000t\000u\000r\000e\000\040\000W\000o\000r\000k}{chapter.394}% 230
\BOOKMARK [2][-]{subsection.468}{\376\377\0008\000.\0001\0002\000.\0001\000\040\000G\000e\000n\000e\000r\000a\000l\000\040\000D\000i\000r\000e\000c\000t\000i\000o\000n\000s}{section.467}% 231
\BOOKMARK [2][-]{subsection.474}{\376\377\0008\000.\0001\0002\000.\0002\000\040\000L\000L\000M\000-\000a\000s\000-\000a\000-\000J\000u\000d\000g\000e\000:\000\040\000F\000r\000o\000m\000\040\000S\000c\000r\000e\000e\000n\000i\000n\000g\000\040\000S\000i\000g\000n\000a\000l\000\040\000t\000o\000\040\000C\000a\000l\000i\000b\000r\000a\000t\000e\000d\000\040\000T\000r\000i\000a\000g\000e}{section.467}% 232
\BOOKMARK [2][-]{subsection.478}{\376\377\0008\000.\0001\0002\000.\0003\000\040\000L\000L\000M\000-\000a\000s\000-\000a\000-\000C\000o\000r\000r\000e\000c\000t\000o\000r\000:\000\040\000M\000a\000k\000i\000n\000g\000\040\000E\000d\000i\000t\000s\000\040\000T\000r\000a\000n\000s\000l\000a\000t\000e\000\040\000t\000o\000\040\000E\000x\000p\000e\000r\000t\000-\000G\000r\000o\000u\000n\000d\000e\000d\000\040\000G\000a\000i\000n\000s}{section.467}% 233
\BOOKMARK [2][-]{subsection.484}{\376\377\0008\000.\0001\0002\000.\0004\000\040\000U\000Q\000\040\000M\000e\000t\000r\000i\000c\000s\000:\000\040\000F\000r\000o\000m\000\040\000U\000n\000i\000v\000e\000r\000s\000a\000l\000\040\000T\000h\000r\000e\000s\000h\000o\000l\000d\000s\000\040\000t\000o\000\040\000R\000o\000b\000u\000s\000t\000\040\000R\000a\000n\000k\000i\000n\000g\000\040\000S\000i\000g\000n\000a\000l\000s}{section.467}% 234
\BOOKMARK [2][-]{subsection.489}{\376\377\0008\000.\0001\0002\000.\0005\000\040\000D\000e\000e\000p\000\040\000R\000e\000s\000e\000a\000r\000c\000h\000:\000\040\000O\000p\000t\000i\000m\000i\000s\000i\000n\000g\000\040\000A\000p\000p\000l\000i\000c\000a\000b\000i\000l\000i\000t\000y\000,\000\040\000N\000o\000t\000\040\000J\000u\000s\000t\000\040\000R\000e\000t\000r\000i\000e\000v\000a\000l}{section.467}% 235
\BOOKMARK [2][-]{subsection.494}{\376\377\0008\000.\0001\0002\000.\0006\000\040\000A\000d\000a\000p\000t\000i\000v\000e\000\040\000T\000e\000s\000t\000-\000T\000i\000m\000e\000\040\000C\000o\000m\000p\000u\000t\000e\000:\000\040\000P\000o\000l\000i\000c\000i\000e\000s\000\040\000t\000h\000a\000t\000\040\000A\000v\000o\000i\000d\000\040\000C\000o\000m\000p\000o\000u\000n\000d\000i\000n\000g\000\040\000F\000a\000i\000l\000u\000r\000e}{section.467}% 236
\BOOKMARK [0][-]{chapter.497}{\376\377\0009\000\040\000C\000o\000n\000c\000l\000u\000s\000i\000o\000n}{}% 237
\BOOKMARK [1][-]{section.498}{\376\377\0009\000.\0001\000\040\000K\000e\000y\000\040\000C\000o\000n\000t\000r\000i\000b\000u\000t\000i\000o\000n\000s}{chapter.497}% 238
\BOOKMARK [1][-]{section.499}{\376\377\0009\000.\0002\000\040\000C\000o\000n\000c\000l\000u\000d\000i\000n\000g\000\040\000R\000e\000m\000a\000r\000k\000s}{chapter.497}% 239
\BOOKMARK [0][-]{chapter.500}{\376\377\0001\0000\000\040\000E\000t\000h\000i\000c\000s\000\040\000a\000n\000d\000\040\000D\000a\000t\000a\000\040\000M\000a\000n\000a\000g\000e\000m\000e\000n\000t}{}% 240
\BOOKMARK [1][-]{section.501}{\376\377\0001\0000\000.\0001\000\040\000E\000t\000h\000i\000c\000a\000l\000\040\000C\000o\000n\000s\000i\000d\000e\000r\000a\000t\000i\000o\000n\000s}{chapter.500}% 241
\BOOKMARK [1][-]{section.502}{\376\377\0001\0000\000.\0002\000\040\000D\000a\000t\000a\000\040\000M\000a\000n\000a\000g\000e\000m\000e\000n\000t}{chapter.500}% 242
\BOOKMARK [0][-]{appendix.505}{\376\377\000A\000\040\000S\000u\000p\000p\000l\000e\000m\000e\000n\000t\000a\000r\000y\000\040\000S\000e\000n\000s\000i\000t\000i\000v\000i\000t\000y\000\040\000A\000n\000a\000l\000y\000s\000i\000s}{}% 243
\BOOKMARK [1][-]{section.506}{\376\377\000A\000.\0001\000\040\000J\000u\000d\000g\000e\000\040\000P\000r\000o\000m\000p\000t\000\040\000S\000e\000n\000s\000i\000t\000i\000v\000i\000t\000y}{appendix.505}% 244
\BOOKMARK [2][-]{subsection.507}{\376\377\000A\000.\0001\000.\0001\000\040\000D\000e\000r\000i\000v\000a\000t\000i\000o\000n\000:\000\040\000F\000i\000r\000s\000t\000-\000O\000r\000d\000e\000r\000\040\000S\000o\000b\000o\000l\000\040\000I\000n\000d\000e\000x\000\040\000f\000o\000r\000\040\000a\000\040\000C\000a\000t\000e\000g\000o\000r\000i\000c\000a\000l\000\040\000F\000a\000c\000t\000o\000r}{section.506}% 245
\BOOKMARK [1][-]{section.517}{\376\377\000A\000.\0002\000\040\000C\000o\000r\000r\000e\000c\000t\000o\000r\000\040\000P\000r\000o\000m\000p\000t\000\040\000S\000e\000n\000s\000i\000t\000i\000v\000i\000t\000y}{appendix.505}% 246
\BOOKMARK [2][-]{subsection.523}{\376\377\000A\000.\0002\000.\0001\000\040\000C\000o\000r\000r\000e\000c\000t\000o\000r\000\040\000A\000c\000t\000i\000o\000n\000\040\000C\000o\000u\000n\000t\000s}{section.517}% 247
\BOOKMARK [0][-]{appendix.528}{\376\377\000B\000\040\000F\000u\000n\000c\000t\000i\000o\000n\000-\000t\000o\000-\000A\000l\000g\000o\000r\000i\000t\000h\000m\000\040\000M\000a\000p\000p\000i\000n\000g}{}% 248
\BOOKMARK [0][-]{appendix.530}{\376\377\000C\000\040\000R\000e\000p\000r\000o\000d\000u\000c\000i\000b\000i\000l\000i\000t\000y}{}% 249
\BOOKMARK [1][-]{section.531}{\376\377\000C\000.\0001\000\040\000D\000a\000t\000a\000\040\000A\000v\000a\000i\000l\000a\000b\000i\000l\000i\000t\000y}{appendix.530}% 250
\BOOKMARK [2][-]{subsection.532}{\376\377\000C\000.\0001\000.\0001\000\040\000G\000r\000o\000u\000n\000d\000\040\000T\000r\000u\000t\000h\000\040\000C\000L\000D\000\040\000D\000a\000t\000a\000s\000e\000t\000s}{section.531}% 251
\BOOKMARK [2][-]{subsection.534}{\376\377\000C\000.\0001\000.\0002\000\040\000V\000a\000l\000i\000d\000a\000t\000i\000o\000n\000\040\000a\000n\000d\000\040\000A\000u\000x\000i\000l\000i\000a\000r\000y\000\040\000D\000a\000t\000a\000s\000e\000t\000s}{section.531}% 252
\BOOKMARK [3][-]{subsubsection.536}{\376\377\000C\000.\0001\000.\0002\000.\0001\000\040\000P\000h\000y\000s\000i\000c\000s\000\040\000C\000L\000D\000\040\000D\000e\000t\000a\000i\000l\000s\000.}{subsection.534}% 253
\BOOKMARK [2][-]{subsection.543}{\376\377\000C\000.\0001\000.\0003\000\040\000E\000x\000p\000e\000r\000i\000m\000e\000n\000t\000\040\000R\000e\000s\000u\000l\000t\000\040\000D\000a\000t\000a\000s\000e\000t\000s\000\040\000b\000y\000\040\000R\000e\000s\000e\000a\000r\000c\000h\000\040\000Q\000u\000e\000s\000t\000i\000o\000n}{section.531}% 254
\BOOKMARK [2][-]{subsection.545}{\376\377\000C\000.\0001\000.\0004\000\040\000F\000i\000n\000a\000l\000\040\000E\000x\000p\000e\000r\000i\000m\000e\000n\000t\000\040\000R\000e\000s\000u\000l\000t\000s}{section.531}% 255
\BOOKMARK [1][-]{section.546}{\376\377\000C\000.\0002\000\040\000C\000o\000d\000e\000\040\000A\000v\000a\000i\000l\000a\000b\000i\000l\000i\000t\000y}{appendix.530}% 256
\BOOKMARK [2][-]{subsection.547}{\376\377\000C\000.\0002\000.\0001\000\040\000E\000x\000p\000e\000r\000i\000m\000e\000n\000t\000\040\000E\000x\000e\000c\000u\000t\000i\000o\000n\000\040\000S\000c\000r\000i\000p\000t\000s}{section.546}% 257
\BOOKMARK [2][-]{subsection.549}{\376\377\000C\000.\0002\000.\0002\000\040\000A\000n\000a\000l\000y\000s\000i\000s\000\040\000S\000c\000r\000i\000p\000t\000s}{section.546}% 258
\BOOKMARK [2][-]{subsection.551}{\376\377\000C\000.\0002\000.\0003\000\040\000C\000o\000m\000p\000l\000e\000t\000e\000\040\000f\000i\000n\000a\000l\000\137\000r\000u\000n\000s\000/\000\040\000S\000c\000r\000i\000p\000t\000\040\000a\000n\000d\000\040\000C\000o\000m\000m\000a\000n\000d\000\040\000I\000n\000v\000e\000n\000t\000o\000r\000y}{section.546}% 259
\BOOKMARK [2][-]{subsection.553}{\376\377\000C\000.\0002\000.\0004\000\040\000P\000r\000o\000m\000p\000t\000\040\000C\000o\000n\000f\000i\000g\000u\000r\000a\000t\000i\000o\000n\000\040\000F\000i\000l\000e\000s}{section.546}% 260
\BOOKMARK [1][-]{section.555}{\376\377\000C\000.\0003\000\040\000S\000o\000f\000t\000w\000a\000r\000e\000\040\000E\000n\000v\000i\000r\000o\000n\000m\000e\000n\000t}{appendix.530}% 261
\BOOKMARK [2][-]{subsection.557}{\376\377\000C\000.\0003\000.\0001\000\040\000E\000n\000v\000i\000r\000o\000n\000m\000e\000n\000t\000\040\000I\000n\000s\000t\000a\000l\000l\000a\000t\000i\000o\000n}{section.555}% 262
\BOOKMARK [2][-]{subsection.558}{\376\377\000C\000.\0003\000.\0002\000\040\000K\000e\000y\000\040\000S\000o\000f\000t\000w\000a\000r\000e\000\040\000D\000e\000p\000e\000n\000d\000e\000n\000c\000i\000e\000s}{section.555}% 263
\BOOKMARK [1][-]{section.560}{\376\377\000C\000.\0004\000\040\000E\000x\000e\000c\000u\000t\000i\000o\000n\000\040\000C\000o\000m\000m\000a\000n\000d\000s}{appendix.530}% 264
\BOOKMARK [2][-]{subsection.561}{\376\377\000C\000.\0004\000.\0001\000\040\000U\000n\000i\000f\000i\000e\000d\000\040\000A\000n\000a\000l\000y\000s\000i\000s\000\040\000E\000n\000t\000r\000y\000\040\000P\000o\000i\000n\000t\000s\000\040\000\050\000S\000i\000n\000g\000l\000e\000-\000c\000o\000m\000m\000a\000n\000d\000\040\000p\000i\000p\000e\000l\000i\000n\000e\000s\000\051}{section.560}% 265
\BOOKMARK [2][-]{subsection.562}{\376\377\000C\000.\0004\000.\0002\000\040\000R\000Q\0001\000\040\000J\000u\000d\000g\000e\000\040\000V\000e\000r\000i\000f\000i\000c\000a\000t\000i\000o\000n\000\040\000\050\000T\000r\000u\000t\000h\000f\000u\000l\000Q\000A\000\051}{section.560}% 266
\BOOKMARK [2][-]{subsection.564}{\376\377\000C\000.\0004\000.\0003\000\040\000R\000Q\0001\000a\000\040\000G\000r\000o\000u\000n\000d\000\040\000T\000r\000u\000t\000h\000\040\000E\000x\000p\000e\000r\000i\000m\000e\000n\000t\000s}{section.560}% 267
\BOOKMARK [2][-]{subsection.565}{\376\377\000C\000.\0004\000.\0004\000\040\000R\000Q\0001\000a\000\040\000C\000o\000r\000r\000u\000p\000t\000i\000o\000n\000\040\000D\000e\000t\000e\000c\000t\000i\000o\000n\000\040\000E\000x\000p\000e\000r\000i\000m\000e\000n\000t\000s}{section.560}% 268
\BOOKMARK [2][-]{subsection.570}{\376\377\000C\000.\0004\000.\0005\000\040\000R\000Q\0001\000b\000\040\000C\000o\000r\000r\000e\000c\000t\000o\000r\000\040\000E\000x\000p\000e\000r\000i\000m\000e\000n\000t\000s}{section.560}% 269
\BOOKMARK [2][-]{subsection.573}{\376\377\000C\000.\0004\000.\0006\000\040\000R\000Q\0001\000a\000\040\000V\000a\000l\000i\000d\000a\000t\000i\000o\000n\000\040\000S\000t\000u\000d\000i\000e\000s}{section.560}% 270
\BOOKMARK [2][-]{subsection.577}{\376\377\000C\000.\0004\000.\0007\000\040\000R\000Q\0002\000\040\000H\000a\000l\000l\000u\000c\000i\000n\000a\000t\000i\000o\000n\000\040\000D\000e\000t\000e\000c\000t\000i\000o\000n\000\040\000A\000n\000a\000l\000y\000s\000i\000s}{section.560}% 271
\BOOKMARK [2][-]{subsection.583}{\376\377\000C\000.\0004\000.\0008\000\040\000R\000Q\0003\000\040\000D\000e\000e\000p\000\040\000R\000e\000s\000e\000a\000r\000c\000h\000\040\000E\000x\000p\000e\000r\000i\000m\000e\000n\000t\000s}{section.560}% 272
\BOOKMARK [2][-]{subsection.592}{\376\377\000C\000.\0004\000.\0009\000\040\000G\000e\000n\000e\000r\000a\000t\000o\000r\000\040\000T\000e\000m\000p\000e\000r\000a\000t\000u\000r\000e\000\040\000S\000e\000n\000s\000i\000t\000i\000v\000i\000t\000y\000\040\000A\000n\000a\000l\000y\000s\000i\000s}{section.560}% 273
\BOOKMARK [2][-]{subsection.594}{\376\377\000C\000.\0004\000.\0001\0000\000\040\000G\000e\000n\000e\000r\000a\000t\000o\000r\000\040\000M\000o\000d\000e\000l\000\040\000C\000o\000m\000p\000a\000r\000i\000s\000o\000n}{section.560}% 274
\BOOKMARK [2][-]{subsection.596}{\376\377\000C\000.\0004\000.\0001\0001\000\040\000R\000a\000n\000d\000o\000m\000\040\000B\000a\000s\000e\000l\000i\000n\000e\000\040\000G\000e\000n\000e\000r\000a\000t\000o\000r}{section.560}% 275
\BOOKMARK [2][-]{subsection.598}{\376\377\000C\000.\0004\000.\0001\0002\000\040\000P\000r\000o\000m\000p\000t\000\040\000S\000e\000n\000s\000i\000t\000i\000v\000i\000t\000y\000\040\000A\000n\000a\000l\000y\000s\000i\000s}{section.560}% 276
\BOOKMARK [2][-]{subsection.600}{\376\377\000C\000.\0004\000.\0001\0003\000\040\000P\000a\000r\000a\000l\000l\000e\000l\000i\000z\000a\000t\000i\000o\000n\000\040\000B\000e\000n\000c\000h\000m\000a\000r\000k}{section.560}% 277
\BOOKMARK [2][-]{subsection.602}{\376\377\000C\000.\0004\000.\0001\0004\000\040\000T\000i\000m\000e\000\040\000a\000n\000d\000\040\000C\000o\000s\000t\000\040\000S\000c\000a\000l\000i\000n\000g\000\040\000A\000n\000a\000l\000y\000s\000i\000s}{section.560}% 278
\BOOKMARK [2][-]{subsection.606}{\376\377\000C\000.\0004\000.\0001\0005\000\040\000P\000h\000y\000s\000i\000c\000s\000\040\000C\000L\000D\000\040\000V\000a\000l\000i\000d\000a\000t\000i\000o\000n}{section.560}% 279
\BOOKMARK [2][-]{subsection.608}{\376\377\000C\000.\0004\000.\0001\0006\000\040\000C\000o\000s\000t\000\040\000A\000n\000a\000l\000y\000s\000i\000s}{section.560}% 280
\BOOKMARK [2][-]{subsection.610}{\376\377\000C\000.\0004\000.\0001\0007\000\040\000E\000m\000b\000e\000d\000d\000i\000n\000g\000\040\000M\000o\000d\000e\000l\000\040\000B\000e\000n\000c\000h\000m\000a\000r\000k}{section.560}% 281
\BOOKMARK [1][-]{section.612}{\376\377\000C\000.\0005\000\040\000O\000u\000t\000p\000u\000t\000\040\000A\000r\000t\000e\000f\000a\000c\000t\000s}{appendix.530}% 282
\BOOKMARK [2][-]{subsection.613}{\376\377\000C\000.\0005\000.\0001\000\040\000M\000e\000t\000a\000d\000a\000t\000a\000\040\000F\000i\000l\000e\000s}{section.612}% 283
\BOOKMARK [2][-]{subsection.614}{\376\377\000C\000.\0005\000.\0002\000\040\000R\000e\000s\000u\000l\000t\000\040\000F\000i\000l\000e\000s}{section.612}% 284
\BOOKMARK [2][-]{subsection.616}{\376\377\000C\000.\0005\000.\0003\000\040\000N\000a\000m\000i\000n\000g\000\040\000C\000o\000n\000v\000e\000n\000t\000i\000o\000n}{section.612}% 285
\BOOKMARK [1][-]{section.617}{\376\377\000C\000.\0006\000\040\000O\000u\000t\000p\000u\000t\000\040\000T\000o\000k\000e\000n\000\040\000V\000e\000r\000i\000f\000i\000c\000a\000t\000i\000o\000n}{appendix.530}% 286
\BOOKMARK [0][-]{appendix.619}{\376\377\000D\000\040\000D\000e\000t\000a\000i\000l\000e\000d\000\040\000E\000x\000p\000e\000r\000i\000m\000e\000n\000t\000a\000l\000\040\000S\000p\000e\000c\000i\000f\000i\000c\000a\000t\000i\000o\000n\000s}{}% 287
\BOOKMARK [1][-]{section.620}{\376\377\000D\000.\0001\000\040\000P\000r\000e\000l\000i\000m\000i\000n\000a\000r\000y\000:\000\040\000G\000e\000n\000e\000r\000a\000t\000o\000r\000\040\000S\000e\000l\000e\000c\000t\000i\000o\000n}{appendix.619}% 288
\BOOKMARK [2][-]{subsubsection.621}{\376\377\000D\000.\0001\000.\0000\000.\0001\000\040\000G\000e\000n\000e\000r\000a\000t\000o\000r\000\040\000M\000o\000d\000e\000l\000\040\000S\000e\000l\000e\000c\000t\000i\000o\000n}{section.620}% 289
\BOOKMARK [3][-]{subsubsection.622}{\376\377\000D\000.\0001\000.\0000\000.\0002\000\040\000G\000e\000n\000e\000r\000a\000t\000o\000r\000\040\000P\000r\000o\000m\000p\000t\000\040\000S\000e\000l\000e\000c\000t\000i\000o\000n\000\040\000\050\000N\000i\000t\000a\000i\000\137\000C\000\051}{subsubsection.621}% 290
\BOOKMARK [3][-]{subsubsection.623}{\376\377\000D\000.\0001\000.\0000\000.\0003\000\040\000G\000e\000n\000e\000r\000a\000t\000o\000r\000\040\000T\000e\000m\000p\000e\000r\000a\000t\000u\000r\000e\000\040\000S\000e\000l\000e\000c\000t\000i\000o\000n}{subsubsection.621}% 291
\BOOKMARK [1][-]{section.624}{\376\377\000D\000.\0002\000\040\000P\000r\000e\000l\000i\000m\000i\000n\000a\000r\000i\000e\000s\000:\000\040\000G\000e\000n\000e\000r\000a\000t\000o\000r\000\040\000P\000e\000r\000f\000o\000r\000m\000a\000n\000c\000e}{appendix.619}% 292
\BOOKMARK [1][-]{section.625}{\376\377\000D\000.\0003\000\040\000P\000r\000e\000l\000i\000m\000i\000n\000a\000r\000y\000:\000\040\000T\000r\000u\000t\000h\000f\000u\000l\000Q\000A\000\040\000V\000e\000r\000i\000f\000i\000c\000a\000t\000i\000o\000n}{appendix.619}% 293
\BOOKMARK [1][-]{section.626}{\376\377\000D\000.\0004\000\040\000R\000Q\0001\000a\000:\000\040\000L\000L\000M\000-\000a\000s\000-\000a\000-\000J\000u\000d\000g\000e\000\040\000H\000a\000l\000l\000u\000c\000i\000n\000a\000t\000i\000o\000n\000\040\000D\000e\000t\000e\000c\000t\000i\000o\000n}{appendix.619}% 294
\BOOKMARK [2][-]{subsubsection.627}{\376\377\000D\000.\0004\000.\0000\000.\0001\000\040\000R\000Q\0001\000a\000:\000\040\000C\000o\000r\000r\000e\000c\000t\000n\000e\000s\000s\000\040\000J\000u\000d\000g\000e\000\040\000\050\000L\000i\000t\000\051}{section.626}% 295
\BOOKMARK [3][-]{subsubsection.628}{\376\377\000D\000.\0004\000.\0000\000.\0002\000\040\000R\000Q\0001\000a\000:\000\040\000C\000o\000r\000r\000e\000c\000t\000n\000e\000s\000s\000\040\000J\000u\000d\000g\000e\000\040\000\050\000S\000y\000n\000t\000h\000\051}{subsubsection.627}% 296
\BOOKMARK [3][-]{subsubsection.629}{\376\377\000D\000.\0004\000.\0000\000.\0003\000\040\000R\000Q\0001\000a\000:\000\040\000C\000i\000t\000a\000t\000i\000o\000n\000\040\000J\000u\000d\000g\000e\000\040\000\050\000L\000i\000t\000\051}{subsubsection.627}% 297
\BOOKMARK [3][-]{subsubsection.630}{\376\377\000D\000.\0004\000.\0000\000.\0004\000\040\000R\000Q\0001\000a\000:\000\040\000C\000i\000t\000a\000t\000i\000o\000n\000\040\000J\000u\000d\000g\000e\000\040\000\050\000S\000y\000n\000t\000h\000\051}{subsubsection.627}% 298
\BOOKMARK [1][-]{section.631}{\376\377\000D\000.\0005\000\040\000S\000e\000n\000s\000i\000t\000i\000v\000i\000t\000y\000:\000\040\000P\000r\000o\000m\000p\000t\000\040\000S\000e\000n\000s\000i\000t\000i\000v\000i\000t\000y\000\040\000A\000n\000a\000l\000y\000s\000i\000s}{appendix.619}% 299
\BOOKMARK [1][-]{section.633}{\376\377\000D\000.\0006\000\040\000V\000a\000l\000i\000d\000a\000t\000i\000o\000n\000:\000\040\000U\000l\000e\000m\000a\000n\000'\000s\000\040\000P\000r\000o\000v\000i\000d\000e\000r\000\040\000S\000t\000u\000d\000y}{appendix.619}% 300
\BOOKMARK [2][-]{subsection.634}{\376\377\000D\000.\0006\000.\0001\000\040\000S\000e\000a\000r\000c\000h\000\040\000P\000r\000o\000v\000i\000d\000e\000r\000\040\000C\000o\000m\000p\000a\000r\000i\000s\000o\000n\000\040\000\050\000U\000l\000e\000m\000a\000n\000'\000s\000\040\000C\000L\000D\000\051}{section.633}% 301
\BOOKMARK [2][-]{subsection.635}{\376\377\000D\000.\0006\000.\0002\000\040\000H\000u\000m\000a\000n\040\023\000L\000L\000M\000\040\000A\000g\000r\000e\000e\000m\000e\000n\000t}{section.633}% 302
\BOOKMARK [2][-]{subsection.636}{\376\377\000D\000.\0006\000.\0003\000\040\000P\000h\000y\000s\000i\000c\000s\000\040\000S\000a\000n\000i\000t\000y\000\040\000C\000h\000e\000c\000k}{section.633}% 303
\BOOKMARK [2][-]{subsection.641}{\376\377\000D\000.\0006\000.\0004\000\040\000R\000e\000t\000r\000i\000e\000v\000a\000l\000\040\000S\000u\000c\000c\000e\000s\000s\000\040\000A\000n\000a\000l\000y\000s\000i\000s}{section.633}% 304
\BOOKMARK [1][-]{section.644}{\376\377\000D\000.\0007\000\040\000R\000Q\0001\000b\000:\000\040\000L\000L\000M\000-\000a\000s\000-\000a\000-\000C\000o\000r\000r\000e\000c\000t\000o\000r\000\040\000E\000v\000a\000l\000u\000a\000t\000i\000o\000n}{appendix.619}% 305
\BOOKMARK [2][-]{subsubsection.645}{\376\377\000D\000.\0007\000.\0000\000.\0001\000\040\000R\000Q\0001\000b\000:\000\040\000C\000o\000r\000r\000e\000c\000t\000n\000e\000s\000s\000\040\000C\000o\000r\000r\000e\000c\000t\000o\000r\000\040\000\050\000S\000y\000n\000t\000h\000\051}{section.644}% 306
\BOOKMARK [3][-]{subsubsection.646}{\376\377\000D\000.\0007\000.\0000\000.\0002\000\040\000R\000Q\0001\000b\000:\000\040\000C\000o\000r\000r\000e\000c\000t\000n\000e\000s\000s\000\040\000C\000o\000r\000r\000e\000c\000t\000o\000r\000\040\000\050\000L\000i\000t\000\051}{subsubsection.645}% 307
\BOOKMARK [1][-]{section.647}{\376\377\000D\000.\0008\000\040\000R\000Q\0002\000:\000\040\000C\000o\000r\000p\000u\000s\000-\000I\000n\000d\000e\000p\000e\000n\000d\000e\000n\000t\000\040\000H\000a\000l\000l\000u\000c\000i\000n\000a\000t\000i\000o\000n\000\040\000D\000e\000t\000e\000c\000t\000i\000o\000n}{appendix.619}% 308
\BOOKMARK [2][-]{subsubsection.648}{\376\377\000D\000.\0008\000.\0000\000.\0001\000\040\000R\000Q\0002\000:\000\040\000U\000Q\000\040\000\050\000L\000o\000g\000p\000r\000o\000b\000s\000\051}{section.647}% 309
\BOOKMARK [3][-]{subsubsection.649}{\376\377\000D\000.\0008\000.\0000\000.\0002\000\040\000R\000Q\0002\000:\000\040\000C\000o\000s\000S\000i\000m\000\040\000\050\000E\000m\000b\000e\000d\000d\000i\000n\000g\000s\000\051}{subsubsection.648}% 310
\BOOKMARK [3][-]{subsubsection.650}{\376\377\000D\000.\0008\000.\0000\000.\0003\000\040\000R\000Q\0002\000:\000\040\000A\000n\000a\000l\000y\000s\000i\000s\000\040\000P\000i\000p\000e\000l\000i\000n\000e\000\040\000\050\0006\000\040\000P\000h\000a\000s\000e\000s\000\051}{subsubsection.648}% 311
\BOOKMARK [1][-]{section.651}{\376\377\000D\000.\0009\000\040\000R\000Q\0003\000:\000\040\000D\000e\000e\000p\000\040\000R\000e\000s\000e\000a\000r\000c\000h\000\040\000L\000i\000t\000e\000r\000a\000t\000u\000r\000e\000\040\000V\000a\000l\000i\000d\000a\000t\000i\000o\000n}{appendix.619}% 312
\BOOKMARK [2][-]{subsubsection.652}{\376\377\000D\000.\0009\000.\0000\000.\0001\000\040\000D\000e\000e\000p\000\040\000R\000e\000s\000e\000a\000r\000c\000h}{section.651}% 313
\BOOKMARK [3][-]{subsubsection.653}{\376\377\000D\000.\0009\000.\0000\000.\0002\000\040\000C\000o\000m\000p\000u\000t\000a\000t\000i\000o\000n\000a\000l\000\040\000C\000o\000s\000t}{subsubsection.652}% 314
\BOOKMARK [3][-]{subsubsection.654}{\376\377\000D\000.\0009\000.\0000\000.\0003\000\040\000L\000i\000m\000i\000t\000a\000t\000i\000o\000n\000s}{subsubsection.652}% 315
\BOOKMARK [3][-]{subsubsection.655}{\376\377\000D\000.\0009\000.\0000\000.\0004\000\040\000E\000x\000p\000l\000o\000r\000a\000t\000o\000r\000y\000\040\000A\000n\000a\000l\000y\000s\000i\000s\000:\000\040\000G\000r\000o\000u\000n\000d\000\040\000T\000r\000u\000t\000h\000\040\000E\000n\000r\000i\000c\000h\000m\000e\000n\000t}{subsubsection.652}% 316
\BOOKMARK [3][-]{subsubsection.656}{\376\377\000D\000.\0009\000.\0000\000.\0005\000\040\000H\000u\000m\000a\000n\000\040\000V\000a\000l\000i\000d\000a\000t\000i\000o\000n}{subsubsection.652}% 317
\BOOKMARK [3][-]{subsubsection.657}{\376\377\000D\000.\0009\000.\0000\000.\0006\000\040\000T\000h\000r\000e\000s\000h\000o\000l\000d\000\040\000S\000e\000l\000e\000c\000t\000i\000o\000n\000\040\000a\000n\000d\000\040\000E\000x\000t\000r\000a\000p\000o\000l\000a\000t\000i\000o\000n}{subsubsection.652}% 318
\BOOKMARK [3][-]{subsubsection.658}{\376\377\000D\000.\0009\000.\0000\000.\0007\000\040\000S\000m\000a\000r\000t\000\040\000T\000r\000i\000g\000g\000e\000r}{subsubsection.652}% 319
\BOOKMARK [0][-]{appendix.659}{\376\377\000E\000\040\000S\000t\000a\000t\000i\000s\000t\000i\000c\000a\000l\000\040\000P\000r\000o\000c\000e\000d\000u\000r\000e\000s\000\040\000R\000e\000f\000e\000r\000e\000n\000c\000e}{}% 320
\BOOKMARK [1][-]{subsubsection.660}{\376\377\000E\000.\0000\000.\0000\000.\0001\000\040\000O\000m\000n\000i\000b\000u\000s\000\040\000a\000n\000d\000\040\000P\000o\000s\000t\000-\000H\000o\000c\000\040\000T\000e\000s\000t\000s\000.}{appendix.659}% 321
\BOOKMARK [2][-]{subsubsection.661}{\376\377\000E\000.\0000\000.\0000\000.\0002\000\040\000P\000a\000r\000a\000m\000e\000t\000r\000i\000c\000\040\000S\000e\000n\000s\000i\000t\000i\000v\000i\000t\000y\000\040\000A\000n\000a\000l\000y\000s\000i\000s\000\040\000\050\000A\000p\000p\000e\000n\000d\000i\000x\000\040\000A\000\051\000.}{subsubsection.660}% 322
\BOOKMARK [3][-]{subsubsection.662}{\376\377\000E\000.\0000\000.\0000\000.\0003\000\040\000M\000u\000l\000t\000i\000p\000l\000e\000-\000C\000o\000m\000p\000a\000r\000i\000s\000o\000n\000\040\000a\000n\000d\000\040\000I\000n\000t\000e\000r\000v\000a\000l\000\040\000M\000e\000t\000h\000o\000d\000s\000.}{subsubsection.661}% 323
\BOOKMARK [3][-]{subsubsection.663}{\376\377\000E\000.\0000\000.\0000\000.\0004\000\040\000R\000Q\0002\000\040\000C\000l\000a\000s\000s\000i\000f\000i\000e\000r\000\040\000A\000l\000g\000o\000r\000i\000t\000h\000m\000s\000\040\000\050\000E\000n\000s\000e\000m\000b\000l\000e\000\040\000M\000o\000d\000e\000l\000s\000,\000\040\000H\000y\000p\000e\000r\000p\000a\000r\000a\000m\000e\000t\000e\000r\000s\000\051\000.}{subsubsection.661}% 324
\BOOKMARK [0][-]{appendix.664}{\376\377\000F\000\040\000E\000x\000p\000e\000r\000i\000m\000e\000n\000t\000a\000l\000\040\000P\000r\000o\000m\000p\000t\000s}{}% 325
\BOOKMARK [1][-]{section.665}{\376\377\000F\000.\0001\000\040\000P\000r\000o\000m\000p\000t\000\040\000F\000i\000l\000e\000\040\000L\000o\000c\000a\000t\000i\000o\000n\000s}{appendix.664}% 326
\BOOKMARK [1][-]{section.666}{\376\377\000F\000.\0002\000\040\000F\000u\000l\000l\000\040\000P\000r\000o\000m\000p\000t\000\040\000T\000e\000x\000t\000:\000\040\000G\000e\000n\000e\000r\000a\000t\000o\000r\000\040\000\050\000N\000i\000t\000a\000i\000\137\000C\000\051}{appendix.664}% 327
\BOOKMARK [2][-]{subsection.667}{\376\377\000F\000.\0002\000.\0001\000\040\000g\000e\000n\000e\000r\000a\000t\000e\000N\000o\000d\000e\000s\000\040\000P\000r\000o\000m\000p\000t}{section.666}% 328
\BOOKMARK [2][-]{subsection.668}{\376\377\000F\000.\0002\000.\0002\000\040\000g\000e\000n\000e\000r\000a\000t\000e\000E\000d\000g\000e\000s\000\040\000P\000r\000o\000m\000p\000t}{section.666}% 329
\BOOKMARK [1][-]{section.669}{\376\377\000F\000.\0003\000\040\000F\000u\000l\000l\000\040\000P\000r\000o\000m\000p\000t\000\040\000T\000e\000x\000t\000:\000\040\000C\000o\000r\000r\000e\000c\000t\000n\000e\000s\000s\000\040\000J\000u\000d\000g\000e}{appendix.664}% 330
\BOOKMARK [2][-]{subsection.670}{\376\377\000F\000.\0003\000.\0001\000\040\000B\000a\000s\000e\000l\000i\000n\000e\000\040\000V\000a\000r\000i\000a\000n\000t}{section.669}% 331
\BOOKMARK [2][-]{subsection.671}{\376\377\000F\000.\0003\000.\0002\000\040\000C\000h\000a\000i\000n\000-\000o\000f\000-\000T\000h\000o\000u\000g\000h\000t\000\040\000\050\000C\000o\000T\000\051\000\040\000V\000a\000r\000i\000a\000n\000t}{section.669}% 332
\BOOKMARK [2][-]{subsection.672}{\376\377\000F\000.\0003\000.\0003\000\040\000M\000e\000c\000h\000a\000n\000i\000s\000t\000i\000c\000\040\000V\000a\000r\000i\000a\000n\000t\000\040\000\050\000B\000r\000a\000d\000f\000o\000r\000d\000\040\000H\000i\000l\000l\000\040\000C\000r\000i\000t\000e\000r\000i\000a\000\051}{section.669}% 333
\BOOKMARK [1][-]{section.673}{\376\377\000F\000.\0004\000\040\000F\000u\000l\000l\000\040\000P\000r\000o\000m\000p\000t\000\040\000T\000e\000x\000t\000:\000\040\000C\000i\000t\000a\000t\000i\000o\000n\000\040\000J\000u\000d\000g\000e}{appendix.664}% 334
\BOOKMARK [2][-]{subsection.674}{\376\377\000F\000.\0004\000.\0001\000\040\000B\000a\000s\000e\000l\000i\000n\000e\000\040\000V\000a\000r\000i\000a\000n\000t}{section.673}% 335
\BOOKMARK [2][-]{subsection.675}{\376\377\000F\000.\0004\000.\0002\000\040\000C\000h\000a\000i\000n\000-\000o\000f\000-\000T\000h\000o\000u\000g\000h\000t\000\040\000\050\000C\000o\000T\000\051\000\040\000V\000a\000r\000i\000a\000n\000t}{section.673}% 336
\BOOKMARK [2][-]{subsection.676}{\376\377\000F\000.\0004\000.\0003\000\040\000M\000e\000c\000h\000a\000n\000i\000s\000t\000i\000c\000\040\000V\000a\000r\000i\000a\000n\000t\000\040\000\050\000B\000r\000a\000d\000f\000o\000r\000d\000\040\000H\000i\000l\000l\000\051}{section.673}% 337
\BOOKMARK [2][-]{subsection.677}{\376\377\000F\000.\0004\000.\0004\000\040\000M\000e\000c\000h\000a\000n\000i\000s\000t\000i\000c\000-\000L\000i\000t\000e\000r\000a\000t\000u\000r\000e\000\040\000V\000a\000r\000i\000a\000n\000t}{section.673}% 338
\BOOKMARK [1][-]{section.678}{\376\377\000F\000.\0005\000\040\000F\000u\000l\000l\000\040\000P\000r\000o\000m\000p\000t\000\040\000T\000e\000x\000t\000:\000\040\000C\000o\000r\000r\000e\000c\000t\000o\000r}{appendix.664}% 339
\BOOKMARK [2][-]{subsection.679}{\376\377\000F\000.\0005\000.\0001\000\040\000B\000a\000s\000e\000l\000i\000n\000e\000\040\000V\000a\000r\000i\000a\000n\000t}{section.678}% 340
\BOOKMARK [2][-]{subsection.680}{\376\377\000F\000.\0005\000.\0002\000\040\000C\000o\000T\000\040\000V\000a\000r\000i\000a\000n\000t}{section.678}% 341
\BOOKMARK [2][-]{subsection.681}{\376\377\000F\000.\0005\000.\0003\000\040\000M\000e\000c\000h\000a\000n\000i\000s\000t\000i\000c\000\040\000V\000a\000r\000i\000a\000n\000t\000\040\000\050\000B\000r\000a\000d\000f\000o\000r\000d\000\040\000H\000i\000l\000l\000\051}{section.678}% 342
\BOOKMARK [1][-]{section.682}{\376\377\000F\000.\0006\000\040\000P\000r\000o\000m\000p\000t\000\040\000E\000n\000g\000i\000n\000e\000e\000r\000i\000n\000g\000\040\000A\000b\000l\000a\000t\000i\000o\000n\000\040\000S\000t\000u\000d\000y}{appendix.664}% 343
\BOOKMARK [2][-]{subsection.683}{\376\377\000F\000.\0006\000.\0001\000\040\000E\000x\000p\000e\000r\000i\000m\000e\000n\000t\000a\000l\000\040\000D\000e\000s\000i\000g\000n}{section.682}% 344
\BOOKMARK [2][-]{subsection.684}{\376\377\000F\000.\0006\000.\0002\000\040\000P\000r\000o\000m\000p\000t\000\040\000E\000n\000g\000i\000n\000e\000e\000r\000i\000n\000g\000\040\000T\000e\000c\000h\000n\000i\000q\000u\000e\000s}{section.682}% 345
\BOOKMARK [2][-]{subsection.686}{\376\377\000F\000.\0006\000.\0003\000\040\000R\000e\000s\000u\000l\000t\000s}{section.682}% 346
\BOOKMARK [2][-]{subsection.689}{\376\377\000F\000.\0006\000.\0004\000\040\000K\000e\000y\000\040\000F\000i\000n\000d\000i\000n\000g\000s}{section.682}% 347
\BOOKMARK [2][-]{subsection.690}{\376\377\000F\000.\0006\000.\0005\000\040\000I\000n\000t\000e\000r\000p\000r\000e\000t\000a\000t\000i\000o\000n}{section.682}% 348
\BOOKMARK [2][-]{subsection.691}{\376\377\000F\000.\0006\000.\0006\000\040\000L\000i\000m\000i\000t\000a\000t\000i\000o\000n\000s}{section.682}% 349
\BOOKMARK [1][-]{section.692}{\376\377\000F\000.\0007\000\040\000G\000e\000n\000e\000r\000a\000t\000o\000r\000\040\000D\000e\000s\000i\000g\000n\000\040\000R\000a\000t\000i\000o\000n\000a\000l\000e}{appendix.664}% 350
\BOOKMARK [1][-]{section.693}{\376\377\000F\000.\0008\000\040\000G\000e\000n\000e\000r\000a\000t\000o\000r\000\040\000P\000r\000o\000m\000p\000t\000\040\000\050\000N\000i\000t\000a\000i\000\137\000C\000\051}{appendix.664}% 351
\BOOKMARK [1][-]{section.702}{\376\377\000F\000.\0009\000\040\000E\000d\000g\000e\000\040\000G\000e\000n\000e\000r\000a\000t\000i\000o\000n\000\040\000A\000b\000l\000a\000t\000i\000o\000n\000\040\000P\000r\000o\000m\000p\000t\000s}{appendix.664}% 352
\BOOKMARK [0][-]{appendix.703}{\376\377\000G\000\040\000N\000o\000d\000e\000\040\000G\000e\000n\000e\000r\000a\000t\000i\000o\000n\000\040\000P\000r\000o\000m\000p\000t\000\040\000A\000b\000l\000a\000t\000i\000o\000n}{}% 353
\BOOKMARK [1][-]{section.705}{\376\377\000G\000.\0001\000\040\000N\000o\000d\000e\000\040\000G\000e\000n\000e\000r\000a\000t\000i\000o\000n\000\040\000P\000r\000o\000m\000p\000t\000s}{appendix.703}% 354
\BOOKMARK [0][-]{appendix.706}{\376\377\000H\000\040\000E\000m\000b\000e\000d\000d\000i\000n\000g\000\040\000M\000o\000d\000e\000l\000\040\000B\000e\000n\000c\000h\000m\000a\000r\000k}{}% 355
\BOOKMARK [0][-]{appendix.709}{\376\377\000I\000\040\000A\000l\000g\000o\000r\000i\000t\000h\000m\000i\000c\000\040\000D\000e\000s\000c\000r\000i\000p\000t\000i\000o\000n\000s}{}% 356
\BOOKMARK [1][-]{section.710}{\376\377\000I\000.\0001\000\040\000A\000l\000g\000o\000r\000i\000t\000h\000m\000\040\0000\000:\000\040\000C\000L\000D\000\040\000G\000e\000n\000e\000r\000a\000t\000i\000o\000n}{appendix.709}% 357
\BOOKMARK [1][-]{section.712}{\376\377\000I\000.\0002\000\040\000A\000l\000g\000o\000r\000i\000t\000h\000m\000\040\0001\000:\000\040\000J\000u\000d\000g\000e\000-\000C\000o\000r\000r\000e\000c\000t\000n\000e\000s\000s}{appendix.709}% 358
\BOOKMARK [1][-]{section.714}{\376\377\000I\000.\0003\000\040\000A\000l\000g\000o\000r\000i\000t\000h\000m\000\040\0002\000:\000\040\000J\000u\000d\000g\000e\000-\000C\000i\000t\000a\000t\000i\000o\000n}{appendix.709}% 359
\BOOKMARK [1][-]{section.716}{\376\377\000I\000.\0004\000\040\000A\000l\000g\000o\000r\000i\000t\000h\000m\000\040\0003\000:\000\040\000C\000o\000r\000r\000u\000p\000t\000i\000o\000n}{appendix.709}% 360
\BOOKMARK [1][-]{section.718}{\376\377\000I\000.\0005\000\040\000A\000l\000g\000o\000r\000i\000t\000h\000m\000\040\0004\000:\000\040\000C\000o\000r\000r\000e\000c\000t\000o\000r}{appendix.709}% 361
\BOOKMARK [1][-]{section.720}{\376\377\000I\000.\0006\000\040\000A\000l\000g\000o\000r\000i\000t\000h\000m\000\040\0005\000:\000\040\000U\000Q\000\040\000M\000e\000t\000r\000i\000c\000s\000\040\000C\000o\000m\000p\000u\000t\000a\000t\000i\000o\000n}{appendix.709}% 362
\BOOKMARK [1][-]{section.722}{\376\377\000I\000.\0007\000\040\000A\000l\000g\000o\000r\000i\000t\000h\000m\000\040\0006\000:\000\040\000H\000a\000l\000l\000u\000c\000i\000n\000a\000t\000i\000o\000n\000\040\000C\000l\000a\000s\000s\000i\000f\000i\000c\000a\000t\000i\000o\000n}{appendix.709}% 363
\BOOKMARK [1][-]{section.724}{\376\377\000I\000.\0008\000\040\000A\000l\000g\000o\000r\000i\000t\000h\000m\000\040\0007\000:\000\040\000C\000i\000t\000a\000t\000i\000o\000n\000\040\000S\000e\000a\000r\000c\000h\000\040\000\050\000B\000r\000a\000v\000e\000\051}{appendix.709}% 364
\BOOKMARK [1][-]{section.726}{\376\377\000I\000.\0009\000\040\000A\000l\000g\000o\000r\000i\000t\000h\000m\000\040\0008\000:\000\040\000C\000i\000t\000a\000t\000i\000o\000n\000\040\000F\000e\000t\000c\000h\000e\000r}{appendix.709}% 365
\BOOKMARK [1][-]{section.728}{\376\377\000I\000.\0001\0000\000\040\000D\000e\000e\000p\000\040\000R\000e\000s\000e\000a\000r\000c\000h\000\040\000M\000u\000l\000t\000i\000-\000A\000g\000e\000n\000t\000\040\000C\000o\000m\000p\000o\000n\000e\000n\000t\000s}{appendix.709}% 366
\BOOKMARK [1][-]{section.730}{\376\377\000I\000.\0001\0001\000\040\000A\000l\000g\000o\000r\000i\000t\000h\000m\000\040\0009\000:\000\040\000D\000e\000e\000p\000\040\000R\000e\000s\000e\000a\000r\000c\000h\000\040\000M\000u\000l\000t\000i\000-\000A\000g\000e\000n\000t\000\040\000P\000i\000p\000e\000l\000i\000n\000e}{appendix.709}% 367
\BOOKMARK [1][-]{section.732}{\376\377\000I\000.\0001\0002\000\040\000A\000l\000g\000o\000r\000i\000t\000h\000m\000\040\0001\0000\000:\000\040\000N\000o\000d\000e\000\040\000C\000o\000n\000c\000e\000p\000t\000\040\000S\000i\000m\000i\000l\000a\000r\000i\000t\000y\000\040\000\050\000S\000i\000m\000i\000l\000a\000r\000i\000t\000y\000-\000W\000e\000i\000g\000h\000t\000e\000d\000\040\000N\000o\000d\000e\000\040\000F\0001\000\051}{appendix.709}% 368
\BOOKMARK [0][-]{appendix.734}{\376\377\000J\000\040\000R\000O\000C\000\040\000C\000u\000r\000v\000e\000s}{}% 369
\BOOKMARK [1][-]{section.735}{\376\377\000J\000.\0001\000\040\000C\000o\000r\000r\000u\000p\000t\000i\000o\000n\000\040\000D\000e\000t\000e\000c\000t\000i\000o\000n\000\040\000C\000o\000r\000r\000e\000c\000t\000n\000e\000s\000s\000\040\000R\000O\000C\000\040\000C\000u\000r\000v\000e\000s}{appendix.734}% 370
\BOOKMARK [1][-]{section.737}{\376\377\000J\000.\0002\000\040\000C\000o\000r\000r\000u\000p\000t\000i\000o\000n\000\040\000D\000e\000t\000e\000c\000t\000i\000o\000n\000\040\000C\000i\000t\000a\000t\000i\000o\000n\000\040\000R\000O\000C\000\040\000C\000u\000r\000v\000e\000s}{appendix.734}% 371
\BOOKMARK [1][-]{section.739}{\376\377\000J\000.\0003\000\040\000G\000r\000o\000u\000n\000d\000\040\000T\000r\000u\000t\000h\000\040\000C\000o\000r\000r\000e\000c\000t\000n\000e\000s\000s\000\040\000R\000O\000C\000\040\000C\000u\000r\000v\000e\000s}{appendix.734}% 372
\BOOKMARK [1][-]{section.741}{\376\377\000J\000.\0004\000\040\000G\000r\000o\000u\000n\000d\000\040\000T\000r\000u\000t\000h\000\040\000C\000i\000t\000a\000t\000i\000o\000n\000\040\000R\000O\000C\000\040\000C\000u\000r\000v\000e\000s}{appendix.734}% 373
\BOOKMARK [0][-]{dummy.743}{\376\377\000B\000i\000b\000l\000i\000o\000g\000r\000a\000p\000h\000y}{}% 374
