\BOOKMARK [0][-]{dummy.1}{\376\377\000D\000e\000c\000l\000a\000r\000a\000t\000i\000o\000n\000\040\000o\000f\000\040\000A\000u\000t\000h\000o\000r\000s\000h\000i\000p}{}% 1
\BOOKMARK [0][-]{dummy.2}{\376\377\000A\000b\000s\000t\000r\000a\000c\000t}{}% 2
\BOOKMARK [0][-]{dummy.3}{\376\377\000A\000c\000k\000n\000o\000w\000l\000e\000d\000g\000e\000m\000e\000n\000t\000s}{}% 3
\BOOKMARK [0][-]{dummy.4}{\376\377\000C\000o\000n\000t\000e\000n\000t\000s}{}% 4
\BOOKMARK [0][-]{dummy.6}{\376\377\000L\000i\000s\000t\000\040\000o\000f\000\040\000F\000i\000g\000u\000r\000e\000s}{}% 5
\BOOKMARK [0][-]{dummy.8}{\376\377\000L\000i\000s\000t\000\040\000o\000f\000\040\000T\000a\000b\000l\000e\000s}{}% 6
\BOOKMARK [0][-]{dummy.10}{\376\377\000A\000b\000b\000r\000e\000v\000i\000a\000t\000i\000o\000n\000s}{}% 7
\BOOKMARK [0][-]{chapter.13}{\376\377\0001\000\040\000I\000n\000t\000r\000o\000d\000u\000c\000t\000i\000o\000n}{}% 8
\BOOKMARK [0][-]{chapter.14}{\376\377\0002\000\040\000L\000i\000t\000e\000r\000a\000t\000u\000r\000e\000\040\000r\000e\000v\000i\000e\000w}{}% 9
\BOOKMARK [1][-]{section.17}{\376\377\0002\000.\0001\000\040\000E\000v\000o\000l\000u\000t\000i\000o\000n\000\040\000o\000f\000\040\000S\000e\000q\000u\000e\000n\000t\000i\000a\000l\000\040\000M\000o\000d\000e\000l\000i\000n\000g\000\040\000P\000a\000r\000a\000d\000i\000g\000m\000s}{chapter.14}% 10
\BOOKMARK [1][-]{section.18}{\376\377\0002\000.\0002\000\040\000S\000e\000l\000f\000-\000A\000t\000t\000e\000n\000t\000i\000o\000n\000\040\000a\000n\000d\000\040\000M\000u\000l\000t\000i\000-\000H\000e\000a\000d\000\040\000A\000t\000t\000e\000n\000t\000i\000o\000n\000\040\000M\000e\000c\000h\000a\000n\000i\000s\000m\000s}{chapter.14}% 11
\BOOKMARK [2][-]{subsection.19}{\376\377\0002\000.\0002\000.\0001\000\040\000S\000c\000a\000l\000e\000d\000\040\000D\000o\000t\000-\000P\000r\000o\000d\000u\000c\000t\000\040\000A\000t\000t\000e\000n\000t\000i\000o\000n}{section.18}% 12
\BOOKMARK [2][-]{subsection.21}{\376\377\0002\000.\0002\000.\0002\000\040\000M\000u\000l\000t\000i\000-\000H\000e\000a\000d\000\040\000A\000t\000t\000e\000n\000t\000i\000o\000n\000\040\000A\000r\000c\000h\000i\000t\000e\000c\000t\000u\000r\000e}{section.18}% 13
\BOOKMARK [1][-]{section.24}{\376\377\0002\000.\0003\000\040\000A\000r\000c\000h\000i\000t\000e\000c\000t\000u\000r\000a\000l\000\040\000C\000o\000m\000p\000o\000n\000e\000n\000t\000s\000\040\000a\000n\000d\000\040\000T\000h\000e\000i\000r\000\040\000I\000m\000p\000a\000c\000t\000\040\000o\000n\000\040\000M\000o\000d\000e\000l\000\040\000B\000e\000h\000a\000v\000i\000o\000r}{chapter.14}% 14
\BOOKMARK [2][-]{subsection.25}{\376\377\0002\000.\0003\000.\0001\000\040\000L\000a\000y\000e\000r\000\040\000N\000o\000r\000m\000a\000l\000i\000z\000a\000t\000i\000o\000n\000\040\000a\000n\000d\000\040\000S\000t\000a\000b\000i\000l\000i\000t\000y}{section.24}% 15
\BOOKMARK [2][-]{subsection.27}{\376\377\0002\000.\0003\000.\0002\000\040\000F\000e\000e\000d\000-\000F\000o\000r\000w\000a\000r\000d\000\040\000N\000e\000t\000w\000o\000r\000k\000s\000\040\000a\000n\000d\000\040\000T\000o\000k\000e\000n\000-\000L\000e\000v\000e\000l\000\040\000P\000r\000o\000c\000e\000s\000s\000i\000n\000g}{section.24}% 16
\BOOKMARK [1][-]{section.28}{\376\377\0002\000.\0004\000\040\000P\000o\000s\000i\000t\000i\000o\000n\000a\000l\000\040\000E\000n\000c\000o\000d\000i\000n\000g\000\040\000S\000c\000h\000e\000m\000e\000s\000\040\000a\000n\000d\000\040\000S\000e\000q\000u\000e\000n\000t\000i\000a\000l\000\040\000U\000n\000d\000e\000r\000s\000t\000a\000n\000d\000i\000n\000g}{chapter.14}% 17
\BOOKMARK [2][-]{subsection.29}{\376\377\0002\000.\0004\000.\0001\000\040\000A\000b\000s\000o\000l\000u\000t\000e\000\040\000v\000s\000.\000\040\000R\000e\000l\000a\000t\000i\000v\000e\000\040\000P\000o\000s\000i\000t\000i\000o\000n\000\040\000E\000m\000b\000e\000d\000d\000i\000n\000g\000s}{section.28}% 18
\BOOKMARK [1][-]{section.33}{\376\377\0002\000.\0005\000\040\000T\000r\000a\000i\000n\000i\000n\000g\000\040\000P\000a\000r\000a\000d\000i\000g\000m\000s\000\040\000a\000n\000d\000\040\000G\000e\000n\000e\000r\000a\000t\000i\000o\000n\000\040\000O\000b\000j\000e\000c\000t\000i\000v\000e\000s}{chapter.14}% 19
\BOOKMARK [2][-]{subsection.34}{\376\377\0002\000.\0005\000.\0001\000\040\000C\000a\000u\000s\000a\000l\000\040\000L\000a\000n\000g\000u\000a\000g\000e\000\040\000M\000o\000d\000e\000l\000i\000n\000g}{section.33}% 20
\BOOKMARK [2][-]{subsection.39}{\376\377\0002\000.\0005\000.\0002\000\040\000G\000e\000n\000e\000r\000a\000t\000i\000o\000n\000\040\000S\000t\000r\000a\000t\000e\000g\000i\000e\000s\000\040\000a\000n\000d\000\040\000T\000h\000e\000i\000r\000\040\000I\000m\000p\000l\000i\000c\000a\000t\000i\000o\000n\000s}{section.33}% 21
\BOOKMARK [1][-]{section.41}{\376\377\0002\000.\0006\000\040\000M\000e\000m\000o\000r\000y\000\040\000a\000n\000d\000\040\000C\000o\000m\000p\000u\000t\000a\000t\000i\000o\000n\000a\000l\000\040\000O\000p\000t\000i\000m\000i\000z\000a\000t\000i\000o\000n\000s}{chapter.14}% 22
\BOOKMARK [2][-]{subsection.42}{\376\377\0002\000.\0006\000.\0001\000\040\000A\000t\000t\000e\000n\000t\000i\000o\000n\000\040\000C\000o\000m\000p\000l\000e\000x\000i\000t\000y\000\040\000a\000n\000d\000\040\000F\000l\000a\000s\000h\000A\000t\000t\000e\000n\000t\000i\000o\000n}{section.41}% 23
\BOOKMARK [1][-]{section.46}{\376\377\0002\000.\0007\000\040\000T\000h\000e\000o\000r\000e\000t\000i\000c\000a\000l\000\040\000I\000m\000p\000l\000i\000c\000a\000t\000i\000o\000n\000s\000\040\000f\000o\000r\000\040\000H\000a\000l\000l\000u\000c\000i\000n\000a\000t\000i\000o\000n\000\040\000a\000n\000d\000\040\000G\000e\000n\000e\000r\000a\000t\000i\000o\000n\000\040\000Q\000u\000a\000l\000i\000t\000y}{chapter.14}% 24
\BOOKMARK [1][-]{section.51}{\376\377\0002\000.\0008\000\040\000C\000o\000n\000t\000e\000x\000t\000\040\000V\000e\000c\000t\000o\000r\000\040\000C\000o\000m\000p\000u\000t\000a\000t\000i\000o\000n\000\040\000i\000n\000\040\000S\000e\000q\000u\000e\000n\000c\000e\000-\000t\000o\000-\000S\000e\000q\000u\000e\000n\000c\000e\000\040\000M\000o\000d\000e\000l\000s}{chapter.14}% 25
\BOOKMARK [1][-]{section.57}{\376\377\0002\000.\0009\000\040\000D\000e\000f\000e\000n\000i\000t\000i\000o\000n\000\040\000o\000f\000\040\000H\000a\000l\000l\000u\000c\000i\000n\000a\000t\000i\000o\000n}{chapter.14}% 26
\BOOKMARK [1][-]{section.58}{\376\377\0002\000.\0001\0000\000\040\000T\000e\000s\000t\000\040\000t\000i\000m\000e\000\040\000c\000o\000m\000p\000u\000t\000e}{chapter.14}% 27
\BOOKMARK [0][-]{chapter.59}{\376\377\0003\000\040\000H\000a\000l\000l\000u\000c\000i\000n\000a\000t\000i\000o\000n\000\040\000D\000e\000t\000e\000c\000t\000i\000o\000n\000\040\000a\000n\000d\000\040\000T\000e\000s\000t\000-\000T\000i\000m\000e\000\040\000C\000o\000m\000p\000u\000t\000e\000:\000\040\000A\000d\000v\000a\000n\000c\000e\000d\000\040\000T\000e\000c\000h\000n\000i\000q\000u\000e\000s\000\040\000f\000o\000r\000\040\000L\000L\000M\000\040\000R\000e\000l\000i\000a\000b\000i\000l\000i\000t\000y}{}% 28
\BOOKMARK [1][-]{section.60}{\376\377\0003\000.\0001\000\040\000H\000a\000l\000l\000u\000c\000i\000n\000a\000t\000i\000o\000n\000\040\000T\000a\000x\000o\000n\000o\000m\000y\000\040\000a\000n\000d\000\040\000D\000e\000t\000e\000c\000t\000i\000o\000n}{chapter.59}% 29
\BOOKMARK [2][-]{subsection.61}{\376\377\0003\000.\0001\000.\0001\000\040\000I\000n\000t\000r\000o\000d\000u\000c\000t\000i\000o\000n\000\040\000t\000o\000\040\000L\000L\000M\000\040\000H\000a\000l\000l\000u\000c\000i\000n\000a\000t\000i\000o\000n\000s}{section.60}% 30
\BOOKMARK [2][-]{subsection.62}{\376\377\0003\000.\0001\000.\0002\000\040\000F\000o\000r\000m\000a\000l\000\040\000T\000a\000x\000o\000n\000o\000m\000y\000\040\000o\000f\000\040\000H\000a\000l\000l\000u\000c\000i\000n\000a\000t\000i\000o\000n\000s}{section.60}% 31
\BOOKMARK [3][-]{subsubsection.63}{\376\377\0003\000.\0001\000.\0002\000.\0001\000\040\000C\000o\000r\000e\000\040\000D\000i\000s\000t\000i\000n\000c\000t\000i\000o\000n\000s\000:\000\040\000I\000n\000t\000r\000i\000n\000s\000i\000c\000\040\000v\000s\000.\000\040\000E\000x\000t\000r\000i\000n\000s\000i\000c\000\040\000H\000a\000l\000l\000u\000c\000i\000n\000a\000t\000i\000o\000n\000s}{subsection.62}% 32
\BOOKMARK [3][-]{subsubsection.64}{\376\377\0003\000.\0001\000.\0002\000.\0002\000\040\000F\000a\000c\000t\000u\000a\000l\000i\000t\000y\000\040\000v\000s\000.\000\040\000F\000a\000i\000t\000h\000f\000u\000l\000n\000e\000s\000s}{subsection.62}% 33
\BOOKMARK [3][-]{subsubsection.65}{\376\377\0003\000.\0001\000.\0002\000.\0003\000\040\000S\000p\000e\000c\000i\000f\000i\000c\000\040\000M\000a\000n\000i\000f\000e\000s\000t\000a\000t\000i\000o\000n\000s\000\040\000o\000f\000\040\000H\000a\000l\000l\000u\000c\000i\000n\000a\000t\000i\000o\000n\000s}{subsection.62}% 34
\BOOKMARK [2][-]{subsection.72}{\376\377\0003\000.\0001\000.\0003\000\040\000C\000a\000u\000s\000e\000s\000\040\000a\000n\000d\000\040\000C\000o\000n\000t\000r\000i\000b\000u\000t\000i\000n\000g\000\040\000F\000a\000c\000t\000o\000r\000s}{section.60}% 35
\BOOKMARK [3][-]{subsubsection.73}{\376\377\0003\000.\0001\000.\0003\000.\0001\000\040\000T\000r\000a\000i\000n\000i\000n\000g\000\040\000O\000b\000j\000e\000c\000t\000i\000v\000e\000\040\000M\000i\000s\000a\000l\000i\000g\000n\000m\000e\000n\000t}{subsection.72}% 36
\BOOKMARK [3][-]{subsubsection.74}{\376\377\0003\000.\0001\000.\0003\000.\0002\000\040\000D\000a\000t\000a\000\040\000Q\000u\000a\000l\000i\000t\000y\000\040\000a\000n\000d\000\040\000C\000o\000v\000e\000r\000a\000g\000e}{subsection.72}% 37
\BOOKMARK [3][-]{subsubsection.75}{\376\377\0003\000.\0001\000.\0003\000.\0003\000\040\000S\000a\000m\000p\000l\000i\000n\000g\000\040\000a\000n\000d\000\040\000D\000e\000c\000o\000d\000i\000n\000g\000\040\000S\000t\000r\000a\000t\000e\000g\000i\000e\000s}{subsection.72}% 38
\BOOKMARK [3][-]{subsubsection.76}{\376\377\0003\000.\0001\000.\0003\000.\0004\000\040\000C\000o\000n\000t\000e\000x\000t\000\040\000L\000e\000n\000g\000t\000h\000\040\000a\000n\000d\000\040\000A\000t\000t\000e\000n\000t\000i\000o\000n\000\040\000L\000i\000m\000i\000t\000a\000t\000i\000o\000n\000s}{subsection.72}% 39
\BOOKMARK [3][-]{subsubsection.77}{\376\377\0003\000.\0001\000.\0003\000.\0005\000\040\000I\000n\000s\000t\000r\000u\000c\000t\000i\000o\000n\000\040\000F\000o\000l\000l\000o\000w\000i\000n\000g\000\040\000v\000s\000.\000\040\000T\000r\000u\000t\000h\000f\000u\000l\000n\000e\000s\000s\000\040\000T\000r\000a\000d\000e\000-\000o\000f\000f\000s}{subsection.72}% 40
\BOOKMARK [2][-]{subsection.78}{\376\377\0003\000.\0001\000.\0004\000\040\000H\000a\000l\000l\000u\000c\000i\000n\000a\000t\000i\000o\000n\000\040\000D\000e\000t\000e\000c\000t\000i\000o\000n\000\040\000M\000e\000t\000h\000o\000d\000s}{section.60}% 41
\BOOKMARK [3][-]{subsubsection.79}{\376\377\0003\000.\0001\000.\0004\000.\0001\000\040\000C\000o\000n\000s\000i\000s\000t\000e\000n\000c\000y\000-\000B\000a\000s\000e\000d\000\040\000M\000e\000t\000h\000o\000d\000s}{subsection.78}% 42
\BOOKMARK [3][-]{subsubsection.80}{\376\377\0003\000.\0001\000.\0004\000.\0002\000\040\000U\000n\000c\000e\000r\000t\000a\000i\000n\000t\000y\000-\000B\000a\000s\000e\000d\000\040\000M\000e\000t\000h\000o\000d\000s}{subsection.78}% 43
\BOOKMARK [3][-]{subsubsection.81}{\376\377\0003\000.\0001\000.\0004\000.\0003\000\040\000E\000x\000t\000e\000r\000n\000a\000l\000\040\000K\000n\000o\000w\000l\000e\000d\000g\000e\000\040\000V\000e\000r\000i\000f\000i\000c\000a\000t\000i\000o\000n}{subsection.78}% 44
\BOOKMARK [3][-]{subsubsection.82}{\376\377\0003\000.\0001\000.\0004\000.\0004\000\040\000S\000t\000a\000t\000i\000s\000t\000i\000c\000a\000l\000\040\000P\000a\000t\000t\000e\000r\000n\000\040\000A\000n\000a\000l\000y\000s\000i\000s}{subsection.78}% 45
\BOOKMARK [2][-]{subsection.83}{\376\377\0003\000.\0001\000.\0005\000\040\000E\000v\000a\000l\000u\000a\000t\000i\000o\000n\000\040\000M\000e\000t\000r\000i\000c\000s\000\040\000a\000n\000d\000\040\000B\000e\000n\000c\000h\000m\000a\000r\000k\000s}{section.60}% 46
\BOOKMARK [3][-]{subsubsection.84}{\376\377\0003\000.\0001\000.\0005\000.\0001\000\040\000D\000e\000t\000e\000c\000t\000i\000o\000n\000\040\000M\000e\000t\000r\000i\000c\000s}{subsection.83}% 47
\BOOKMARK [3][-]{subsubsection.85}{\376\377\0003\000.\0001\000.\0005\000.\0002\000\040\000F\000a\000c\000t\000u\000a\000l\000i\000t\000y\000\040\000B\000e\000n\000c\000h\000m\000a\000r\000k\000s}{subsection.83}% 48
\BOOKMARK [2][-]{subsection.86}{\376\377\0003\000.\0001\000.\0006\000\040\000H\000a\000l\000l\000u\000c\000i\000n\000a\000t\000i\000o\000n\000\040\000M\000i\000t\000i\000g\000a\000t\000i\000o\000n\000\040\000S\000t\000r\000a\000t\000e\000g\000i\000e\000s}{section.60}% 49
\BOOKMARK [3][-]{subsubsection.87}{\376\377\0003\000.\0001\000.\0006\000.\0001\000\040\000R\000e\000t\000r\000i\000e\000v\000a\000l\000-\000A\000u\000g\000m\000e\000n\000t\000e\000d\000\040\000G\000e\000n\000e\000r\000a\000t\000i\000o\000n\000\040\000\050\000R\000A\000G\000\051}{subsection.86}% 50
\BOOKMARK [3][-]{subsubsection.88}{\376\377\0003\000.\0001\000.\0006\000.\0002\000\040\000P\000r\000o\000m\000p\000t\000\040\000E\000n\000g\000i\000n\000e\000e\000r\000i\000n\000g}{subsection.86}% 51
\BOOKMARK [3][-]{subsubsection.89}{\376\377\0003\000.\0001\000.\0006\000.\0003\000\040\000F\000i\000n\000e\000-\000T\000u\000n\000i\000n\000g\000\040\000a\000n\000d\000\040\000R\000e\000i\000n\000f\000o\000r\000c\000e\000m\000e\000n\000t\000\040\000L\000e\000a\000r\000n\000i\000n\000g}{subsection.86}% 52
\BOOKMARK [3][-]{subsubsection.90}{\376\377\0003\000.\0001\000.\0006\000.\0004\000\040\000A\000r\000c\000h\000i\000t\000e\000c\000t\000u\000r\000a\000l\000\040\000M\000o\000d\000i\000f\000i\000c\000a\000t\000i\000o\000n\000s}{subsection.86}% 53
\BOOKMARK [3][-]{subsubsection.91}{\376\377\0003\000.\0001\000.\0006\000.\0005\000\040\000P\000o\000s\000t\000-\000P\000r\000o\000c\000e\000s\000s\000i\000n\000g\000\040\000a\000n\000d\000\040\000V\000e\000r\000i\000f\000i\000c\000a\000t\000i\000o\000n}{subsection.86}% 54
\BOOKMARK [2][-]{subsection.92}{\376\377\0003\000.\0001\000.\0007\000\040\000I\000m\000p\000l\000i\000c\000a\000t\000i\000o\000n\000s\000\040\000f\000o\000r\000\040\000L\000L\000M\000-\000B\000a\000s\000e\000d\000\040\000C\000a\000u\000s\000a\000l\000\040\000D\000i\000s\000c\000o\000v\000e\000r\000y}{section.60}% 55
\BOOKMARK [1][-]{section.97}{\376\377\0003\000.\0002\000\040\000T\000e\000s\000t\000-\000T\000i\000m\000e\000\040\000C\000o\000m\000p\000u\000t\000e\000:\000\040\000S\000c\000a\000l\000i\000n\000g\000\040\000I\000n\000f\000e\000r\000e\000n\000c\000e\000\040\000f\000o\000r\000\040\000I\000m\000p\000r\000o\000v\000e\000d\000\040\000P\000e\000r\000f\000o\000r\000m\000a\000n\000c\000e}{chapter.59}% 56
\BOOKMARK [2][-]{subsection.98}{\376\377\0003\000.\0002\000.\0001\000\040\000I\000n\000t\000r\000o\000d\000u\000c\000t\000i\000o\000n\000\040\000t\000o\000\040\000T\000e\000s\000t\000-\000T\000i\000m\000e\000\040\000C\000o\000m\000p\000u\000t\000e}{section.97}% 57
\BOOKMARK [2][-]{subsection.99}{\376\377\0003\000.\0002\000.\0002\000\040\000T\000h\000e\000o\000r\000e\000t\000i\000c\000a\000l\000\040\000F\000o\000u\000n\000d\000a\000t\000i\000o\000n\000s}{section.97}% 58
\BOOKMARK [3][-]{subsubsection.100}{\376\377\0003\000.\0002\000.\0002\000.\0001\000\040\000C\000o\000m\000p\000u\000t\000e\000-\000O\000p\000t\000i\000m\000a\000l\000\040\000S\000c\000a\000l\000i\000n\000g\000\040\000S\000t\000r\000a\000t\000e\000g\000y}{subsection.99}% 59
\BOOKMARK [3][-]{subsubsection.104}{\376\377\0003\000.\0002\000.\0002\000.\0002\000\040\000C\000o\000n\000n\000e\000c\000t\000i\000o\000n\000\040\000t\000o\000\040\000M\000e\000t\000a\000-\000R\000e\000i\000n\000f\000o\000r\000c\000e\000m\000e\000n\000t\000\040\000L\000e\000a\000r\000n\000i\000n\000g}{subsection.99}% 60
\BOOKMARK [3][-]{subsubsection.105}{\376\377\0003\000.\0002\000.\0002\000.\0003\000\040\000S\000c\000a\000l\000i\000n\000g\000\040\000L\000a\000w\000s\000\040\000f\000o\000r\000\040\000T\000e\000s\000t\000-\000T\000i\000m\000e\000\040\000C\000o\000m\000p\000u\000t\000e}{subsection.99}% 61
\BOOKMARK [2][-]{subsection.106}{\376\377\0003\000.\0002\000.\0003\000\040\000P\000r\000i\000m\000a\000r\000y\000\040\000T\000e\000s\000t\000-\000T\000i\000m\000e\000\040\000C\000o\000m\000p\000u\000t\000e\000\040\000M\000e\000c\000h\000a\000n\000i\000s\000m\000s}{section.97}% 62
\BOOKMARK [3][-]{subsubsection.107}{\376\377\0003\000.\0002\000.\0003\000.\0001\000\040\000B\000e\000s\000t\000-\000o\000f\000-\000N\000\040\000S\000a\000m\000p\000l\000i\000n\000g}{subsection.106}% 63
\BOOKMARK [3][-]{subsubsection.108}{\376\377\0003\000.\0002\000.\0003\000.\0002\000\040\000C\000h\000a\000i\000n\000-\000o\000f\000-\000T\000h\000o\000u\000g\000h\000t\000\040\000a\000n\000d\000\040\000S\000e\000l\000f\000-\000C\000o\000n\000s\000i\000s\000t\000e\000n\000c\000y}{subsection.106}% 64
\BOOKMARK [3][-]{subsubsection.109}{\376\377\0003\000.\0002\000.\0003\000.\0003\000\040\000I\000t\000e\000r\000a\000t\000i\000v\000e\000\040\000R\000e\000f\000i\000n\000e\000m\000e\000n\000t\000\040\000a\000n\000d\000\040\000R\000e\000v\000i\000s\000i\000o\000n}{subsection.106}% 65
\BOOKMARK [3][-]{subsubsection.114}{\376\377\0003\000.\0002\000.\0003\000.\0004\000\040\000S\000e\000a\000r\000c\000h\000-\000B\000a\000s\000e\000d\000\040\000M\000e\000t\000h\000o\000d\000s\000\040\000w\000i\000t\000h\000\040\000P\000r\000o\000c\000e\000s\000s\000\040\000R\000e\000w\000a\000r\000d\000\040\000M\000o\000d\000e\000l\000s}{subsection.106}% 66
\BOOKMARK [2][-]{subsection.115}{\376\377\0003\000.\0002\000.\0004\000\040\000A\000d\000a\000p\000t\000i\000v\000e\000\040\000C\000o\000m\000p\000u\000t\000e\000\040\000A\000l\000l\000o\000c\000a\000t\000i\000o\000n}{section.97}% 67
\BOOKMARK [3][-]{subsubsection.116}{\376\377\0003\000.\0002\000.\0004\000.\0001\000\040\000E\000s\000t\000i\000m\000a\000t\000i\000n\000g\000\040\000P\000r\000o\000b\000l\000e\000m\000\040\000D\000i\000f\000f\000i\000c\000u\000l\000t\000y}{subsection.115}% 68
\BOOKMARK [3][-]{subsubsection.117}{\376\377\0003\000.\0002\000.\0004\000.\0002\000\040\000A\000l\000l\000o\000c\000a\000t\000i\000o\000n\000\040\000S\000t\000r\000a\000t\000e\000g\000i\000e\000s}{subsection.115}% 69
\BOOKMARK [2][-]{subsection.118}{\376\377\0003\000.\0002\000.\0005\000\040\000A\000p\000p\000l\000i\000c\000a\000t\000i\000o\000n\000s\000\040\000a\000n\000d\000\040\000P\000r\000a\000c\000t\000i\000c\000a\000l\000\040\000C\000o\000n\000s\000i\000d\000e\000r\000a\000t\000i\000o\000n\000s}{section.97}% 70
\BOOKMARK [3][-]{subsubsection.119}{\376\377\0003\000.\0002\000.\0005\000.\0001\000\040\000E\000n\000t\000e\000r\000p\000r\000i\000s\000e\000\040\000A\000p\000p\000l\000i\000c\000a\000t\000i\000o\000n\000s\000:\000\040\000T\000A\000O}{subsection.118}% 71
\BOOKMARK [3][-]{subsubsection.120}{\376\377\0003\000.\0002\000.\0005\000.\0002\000\040\000C\000o\000s\000t\000-\000B\000e\000n\000e\000f\000i\000t\000\040\000A\000n\000a\000l\000y\000s\000i\000s}{subsection.118}% 72
\BOOKMARK [3][-]{subsubsection.121}{\376\377\0003\000.\0002\000.\0005\000.\0003\000\040\000L\000a\000t\000e\000n\000c\000y\000\040\000C\000o\000n\000s\000i\000d\000e\000r\000a\000t\000i\000o\000n\000s}{subsection.118}% 73
\BOOKMARK [2][-]{subsection.122}{\376\377\0003\000.\0002\000.\0006\000\040\000F\000u\000t\000u\000r\000e\000\040\000D\000i\000r\000e\000c\000t\000i\000o\000n\000s\000\040\000a\000n\000d\000\040\000O\000p\000e\000n\000\040\000Q\000u\000e\000s\000t\000i\000o\000n\000s}{section.97}% 74
\BOOKMARK [3][-]{subsubsection.123}{\376\377\0003\000.\0002\000.\0006\000.\0001\000\040\000P\000r\000e\000-\000t\000r\000a\000i\000n\000i\000n\000g\000\040\000v\000s\000.\000\040\000I\000n\000f\000e\000r\000e\000n\000c\000e\000\040\000C\000o\000m\000p\000u\000t\000e\000\040\000T\000r\000a\000d\000e\000-\000o\000f\000f\000s}{subsection.122}% 75
\BOOKMARK [3][-]{subsubsection.124}{\376\377\0003\000.\0002\000.\0006\000.\0002\000\040\000G\000e\000n\000e\000r\000a\000l\000i\000z\000a\000t\000i\000o\000n\000\040\000A\000c\000r\000o\000s\000s\000\040\000D\000o\000m\000a\000i\000n\000s}{subsection.122}% 76
\BOOKMARK [3][-]{subsubsection.125}{\376\377\0003\000.\0002\000.\0006\000.\0003\000\040\000L\000e\000a\000r\000n\000e\000d\000\040\000I\000n\000f\000e\000r\000e\000n\000c\000e\000\040\000A\000l\000g\000o\000r\000i\000t\000h\000m\000s}{subsection.122}% 77
\BOOKMARK [3][-]{subsubsection.126}{\376\377\0003\000.\0002\000.\0006\000.\0004\000\040\000I\000n\000t\000e\000g\000r\000a\000t\000i\000o\000n\000\040\000w\000i\000t\000h\000\040\000H\000a\000l\000l\000u\000c\000i\000n\000a\000t\000i\000o\000n\000\040\000D\000e\000t\000e\000c\000t\000i\000o\000n}{subsection.122}% 78
\BOOKMARK [2][-]{subsection.127}{\376\377\0003\000.\0002\000.\0007\000\040\000I\000m\000p\000l\000i\000c\000a\000t\000i\000o\000n\000s\000\040\000f\000o\000r\000\040\000L\000L\000M\000-\000B\000a\000s\000e\000d\000\040\000C\000a\000u\000s\000a\000l\000\040\000D\000i\000s\000c\000o\000v\000e\000r\000y}{section.97}% 79
\BOOKMARK [1][-]{section.133}{\376\377\0003\000.\0003\000\040\000C\000o\000n\000c\000l\000u\000s\000i\000o\000n}{chapter.59}% 80
\BOOKMARK [0][-]{chapter.134}{\376\377\0004\000\040\000M\000e\000t\000h\000o\000d\000s\000:\000\040\000E\000x\000p\000e\000r\000i\000m\000e\000n\000t\000a\000l\000\040\000S\000e\000t\000u\000p}{}% 81
\BOOKMARK [1][-]{section.135}{\376\377\0004\000.\0001\000\040\000M\000e\000t\000h\000o\000d\000s\000:\000\040\000I\000m\000p\000l\000e\000m\000e\000n\000t\000a\000t\000i\000o\000n}{chapter.134}% 82
\BOOKMARK [2][-]{subsection.136}{\376\377\0004\000.\0001\000.\0001\000\040\000S\000y\000s\000t\000e\000m\000\040\000A\000r\000c\000h\000i\000t\000e\000c\000t\000u\000r\000e\000\040\000a\000n\000d\000\040\000M\000u\000l\000t\000i\000-\000A\000g\000e\000n\000t\000\040\000O\000r\000c\000h\000e\000s\000t\000r\000a\000t\000i\000o\000n}{section.135}% 83
\BOOKMARK [3][-]{section*.137}{\376\377\000G\000e\000n\000e\000r\000a\000t\000o\000r\000\040\000A\000g\000e\000n\000t}{subsection.136}% 84
\BOOKMARK [4][-]{section*.138}{\376\377\000C\000o\000r\000r\000u\000p\000t\000o\000r\000\040\000A\000g\000e\000n\000t}{section*.137}% 85
\BOOKMARK [4][-]{section*.139}{\376\377\000J\000u\000d\000g\000e\000\040\000A\000g\000e\000n\000t\000\040\000E\000n\000s\000e\000m\000b\000l\000e}{section*.137}% 86
\BOOKMARK [4][-]{section*.140}{\376\377\000I\000n\000f\000r\000a\000s\000t\000r\000u\000c\000t\000u\000r\000e\000\040\000a\000n\000d\000\040\000M\000o\000n\000i\000t\000o\000r\000i\000n\000g}{section*.137}% 87
\BOOKMARK [2][-]{subsection.141}{\376\377\0004\000.\0001\000.\0002\000\040\000G\000r\000o\000u\000n\000d\000-\000T\000r\000u\000t\000h\000\040\000D\000a\000t\000a\000s\000e\000t\000\040\000S\000p\000e\000c\000i\000f\000i\000c\000a\000t\000i\000o\000n}{section.135}% 88
\BOOKMARK [2][-]{subsection.142}{\376\377\0004\000.\0001\000.\0003\000\040\000A\000d\000v\000a\000n\000c\000e\000d\000\040\000P\000r\000o\000m\000p\000t\000i\000n\000g\000\040\000a\000n\000d\000\040\000C\000h\000a\000i\000n\000-\000o\000f\000-\000T\000h\000o\000u\000g\000h\000t\000\040\000I\000n\000t\000e\000g\000r\000a\000t\000i\000o\000n}{section.135}% 89
\BOOKMARK [3][-]{section*.143}{\376\377\000V\000a\000r\000i\000a\000b\000l\000e\000\040\000G\000e\000n\000e\000r\000a\000t\000i\000o\000n}{subsection.142}% 90
\BOOKMARK [4][-]{section*.144}{\376\377\000R\000e\000l\000a\000t\000i\000o\000n\000s\000h\000i\000p\000\040\000D\000i\000s\000c\000o\000v\000e\000r\000y}{section*.143}% 91
\BOOKMARK [4][-]{section*.145}{\376\377\000J\000u\000d\000g\000e\000\040\000V\000e\000r\000i\000f\000i\000c\000a\000t\000i\000o\000n}{section*.143}% 92
\BOOKMARK [2][-]{subsection.146}{\376\377\0004\000.\0001\000.\0004\000\040\000C\000o\000n\000t\000e\000x\000t\000-\000I\000n\000s\000e\000n\000s\000i\000t\000i\000v\000e\000\040\000M\000e\000t\000r\000i\000c\000s\000\040\000I\000m\000p\000l\000e\000m\000e\000n\000t\000a\000t\000i\000o\000n}{section.135}% 93
\BOOKMARK [3][-]{section*.147}{\376\377\000P\000e\000r\000p\000l\000e\000x\000i\000t\000y}{subsection.146}% 94
\BOOKMARK [4][-]{section*.148}{\376\377\000M\000i\000n\000i\000m\000u\000m\000\040\000T\000o\000k\000e\000n\000\040\000P\000r\000o\000b\000a\000b\000i\000l\000i\000t\000y}{section*.147}% 95
\BOOKMARK [4][-]{section*.149}{\376\377\000M\000a\000x\000i\000m\000u\000m\000\040\000W\000i\000n\000d\000o\000w\000\040\000E\000n\000t\000r\000o\000p\000y}{section*.147}% 96
\BOOKMARK [4][-]{section*.150}{\376\377\000S\000e\000m\000a\000n\000t\000i\000c\000\040\000A\000l\000i\000g\000n\000m\000e\000n\000t\000\040\000\050\000B\000a\000t\000c\000h\000e\000d\000\051}{section*.147}% 97
\BOOKMARK [2][-]{subsection.151}{\376\377\0004\000.\0001\000.\0005\000\040\000L\000L\000M\000-\000a\000s\000-\000a\000-\000J\000u\000d\000g\000e\000\040\000A\000g\000g\000r\000e\000g\000a\000t\000i\000o\000n\000\040\000F\000r\000a\000m\000e\000w\000o\000r\000k}{section.135}% 98
\BOOKMARK [3][-]{section*.152}{\376\377\000C\000i\000t\000a\000t\000i\000o\000n\000\040\000A\000c\000q\000u\000i\000s\000i\000t\000i\000o\000n}{subsection.151}% 99
\BOOKMARK [4][-]{section*.153}{\376\377\000P\000e\000r\000-\000C\000i\000t\000a\000t\000i\000o\000n\000\040\000E\000v\000a\000l\000u\000a\000t\000i\000o\000n}{section*.152}% 100
\BOOKMARK [4][-]{section*.154}{\376\377\000M\000u\000l\000t\000i\000-\000J\000u\000d\000g\000e\000\040\000E\000n\000s\000e\000m\000b\000l\000e\000s}{section*.152}% 101
\BOOKMARK [4][-]{section*.155}{\376\377\000Q\000u\000a\000n\000t\000i\000t\000a\000t\000i\000v\000e\000\040\000V\000e\000r\000d\000i\000c\000t\000\040\000M\000a\000p\000p\000i\000n\000g}{section*.152}% 102
\BOOKMARK [2][-]{subsection.156}{\376\377\0004\000.\0001\000.\0006\000\040\000S\000m\000a\000r\000t\000\040\000T\000e\000s\000t\000-\000T\000i\000m\000e\000\040\000C\000o\000m\000p\000u\000t\000e\000\040\000A\000l\000l\000o\000c\000a\000t\000i\000o\000n}{section.135}% 103
\BOOKMARK [2][-]{subsection.157}{\376\377\0004\000.\0001\000.\0007\000\040\000E\000x\000p\000e\000r\000i\000m\000e\000n\000t\000a\000l\000\040\000D\000e\000s\000i\000g\000n\000\040\000a\000n\000d\000\040\000S\000t\000a\000t\000i\000s\000t\000i\000c\000a\000l\000\040\000F\000r\000a\000m\000e\000w\000o\000r\000k}{section.135}% 104
\BOOKMARK [3][-]{section*.158}{\376\377\000P\000a\000r\000a\000m\000e\000t\000e\000r\000\040\000S\000p\000a\000c\000e}{subsection.157}% 105
\BOOKMARK [4][-]{section*.159}{\376\377\000R\000e\000p\000r\000o\000d\000u\000c\000i\000b\000i\000l\000i\000t\000y}{section*.158}% 106
\BOOKMARK [4][-]{section*.160}{\376\377\000S\000t\000a\000t\000i\000s\000t\000i\000c\000a\000l\000\040\000A\000n\000a\000l\000y\000s\000i\000s}{section*.158}% 107
\BOOKMARK [2][-]{subsection.161}{\376\377\0004\000.\0001\000.\0008\000\040\000O\000u\000t\000p\000u\000t\000\040\000A\000r\000t\000i\000f\000a\000c\000t\000s\000\040\000a\000n\000d\000\040\000E\000v\000a\000l\000u\000a\000t\000i\000o\000n\000\040\000M\000e\000t\000r\000i\000c\000s}{section.135}% 108
\BOOKMARK [3][-]{section*.162}{\376\377\000E\000d\000g\000e\000-\000L\000e\000v\000e\000l\000\040\000C\000S\000V\000s}{subsection.161}% 109
\BOOKMARK [4][-]{section*.163}{\376\377\000S\000u\000m\000m\000a\000r\000y\000\040\000S\000t\000a\000t\000i\000s\000t\000i\000c\000s}{section*.162}% 110
\BOOKMARK [4][-]{section*.164}{\376\377\000E\000x\000p\000o\000r\000t\000\040\000P\000i\000p\000e\000l\000i\000n\000e}{section*.162}% 111
\BOOKMARK [2][-]{subsection.165}{\376\377\0004\000.\0001\000.\0009\000\040\000I\000m\000p\000l\000e\000m\000e\000n\000t\000a\000t\000i\000o\000n\000\040\000M\000a\000p\000p\000i\000n\000g\000\040\000t\000o\000\040\000R\000e\000s\000e\000a\000r\000c\000h\000\040\000Q\000u\000e\000s\000t\000i\000o\000n\000s}{section.135}% 112
\BOOKMARK [3][-]{section*.166}{\376\377\000R\000Q\0001\000:\000\040\000L\000L\000M\000-\000a\000s\000-\000a\000-\000J\000u\000d\000g\000e\000\040\000a\000n\000d\000\040\000C\000o\000r\000r\000e\000c\000t\000o\000r\000\040\000E\000f\000f\000i\000c\000a\000c\000y}{subsection.165}% 113
\BOOKMARK [4][-]{section*.167}{\376\377\000R\000Q\0002\000:\000\040\000C\000I\000\040\000M\000e\000t\000r\000i\000c\000s\000\040\000a\000s\000\040\000H\000a\000l\000l\000u\000c\000i\000n\000a\000t\000i\000o\000n\000\040\000I\000n\000d\000i\000c\000a\000t\000o\000r\000s}{section*.166}% 114
\BOOKMARK [4][-]{section*.168}{\376\377\000R\000Q\0003\000:\000\040\000S\000m\000a\000r\000t\000\040\000T\000e\000s\000t\000-\000T\000i\000m\000e\000\040\000C\000o\000m\000p\000u\000t\000e}{section*.166}% 115
\BOOKMARK [2][-]{subsection.169}{\376\377\0004\000.\0001\000.\0001\0000\000\040\000R\000e\000p\000r\000o\000d\000u\000c\000i\000b\000i\000l\000i\000t\000y\000\040\000a\000n\000d\000\040\000S\000c\000i\000e\000n\000t\000i\000f\000i\000c\000\040\000S\000t\000a\000n\000d\000a\000r\000d\000s}{section.135}% 116
\BOOKMARK [2][-]{subsection.170}{\376\377\0004\000.\0001\000.\0001\0001\000\040\000M\000a\000t\000h\000e\000m\000a\000t\000i\000c\000a\000l\000\040\000F\000o\000u\000n\000d\000a\000t\000i\000o\000n\000s\000\040\000a\000n\000d\000\040\000A\000l\000g\000o\000r\000i\000t\000h\000m\000i\000c\000\040\000C\000o\000m\000p\000l\000e\000x\000i\000t\000y}{section.135}% 117
\BOOKMARK [3][-]{subsubsection.171}{\376\377\0004\000.\0001\000.\0001\0001\000.\0001\000\040\000I\000n\000f\000o\000r\000m\000a\000t\000i\000o\000n\000-\000T\000h\000e\000o\000r\000e\000t\000i\000c\000\040\000F\000r\000a\000m\000e\000w\000o\000r\000k}{subsection.170}% 118
\BOOKMARK [2][-]{subsection.172}{\376\377\0004\000.\0001\000.\0001\0002\000\040\000N\000e\000o\0004\000j\000\040\000G\000r\000a\000p\000h\000\040\000d\000a\000t\000a\000b\000a\000s\000e\000\040\000A\000r\000c\000h\000i\000t\000e\000c\000t\000u\000r\000e}{section.135}% 119
\BOOKMARK [3][-]{subsubsection.173}{\376\377\0004\000.\0001\000.\0001\0002\000.\0001\000\040\000S\000c\000h\000e\000m\000a\000\040\000a\000n\000d\000\040\000P\000r\000o\000p\000e\000r\000t\000i\000e\000s}{subsection.172}% 120
\BOOKMARK [3][-]{subsubsection.174}{\376\377\0004\000.\0001\000.\0001\0002\000.\0002\000\040\000I\000n\000d\000e\000x\000e\000s\000\040\000a\000n\000d\000\040\000P\000e\000r\000f\000o\000r\000m\000a\000n\000c\000e}{subsection.172}% 121
\BOOKMARK [2][-]{subsection.175}{\376\377\0004\000.\0001\000.\0001\0003\000\040\000E\000n\000h\000a\000n\000c\000e\000d\000\040\000S\000t\000a\000t\000i\000s\000t\000i\000c\000a\000l\000\040\000M\000e\000t\000h\000o\000d\000s\000\040\000a\000n\000d\000\040\000E\000x\000p\000e\000r\000i\000m\000e\000n\000t\000a\000l\000\040\000D\000e\000s\000i\000g\000n}{section.135}% 122
\BOOKMARK [3][-]{subsubsection.176}{\376\377\0004\000.\0001\000.\0001\0003\000.\0001\000\040\000R\000o\000b\000u\000s\000t\000\040\000I\000n\000f\000e\000r\000e\000n\000c\000e}{subsection.175}% 123
\BOOKMARK [3][-]{subsubsection.177}{\376\377\0004\000.\0001\000.\0001\0003\000.\0002\000\040\000M\000u\000l\000t\000i\000p\000l\000e\000\040\000C\000o\000m\000p\000a\000r\000i\000s\000o\000n\000s\000\040\000a\000n\000d\000\040\000P\000o\000w\000e\000r}{subsection.175}% 124
\BOOKMARK [3][-]{subsubsection.178}{\376\377\0004\000.\0001\000.\0001\0003\000.\0003\000\040\000B\000a\000y\000e\000s\000i\000a\000n\000\040\000M\000o\000d\000e\000l\000i\000n\000g}{subsection.175}% 125
\BOOKMARK [2][-]{subsection.179}{\376\377\0004\000.\0001\000.\0001\0004\000\040\000D\000e\000e\000p\000\040\000L\000e\000a\000r\000n\000i\000n\000g\000\040\000T\000h\000e\000o\000r\000y\000\040\000a\000n\000d\000\040\000E\000m\000b\000e\000d\000d\000i\000n\000g\000\040\000M\000a\000t\000h\000e\000m\000a\000t\000i\000c\000s}{section.135}% 126
\BOOKMARK [3][-]{section*.180}{\376\377\000E\000m\000b\000e\000d\000d\000i\000n\000g\000\040\000G\000e\000o\000m\000e\000t\000r\000y}{subsection.179}% 127
\BOOKMARK [4][-]{section*.181}{\376\377\000A\000t\000t\000e\000n\000t\000i\000o\000n\000\040\000a\000n\000d\000\040\000R\000e\000p\000r\000e\000s\000e\000n\000t\000a\000t\000i\000o\000n\000s}{section*.180}% 128
\BOOKMARK [4][-]{section*.182}{\376\377\000S\000i\000m\000i\000l\000a\000r\000i\000t\000y\000\040\000I\000n\000t\000e\000r\000p\000r\000e\000t\000a\000t\000i\000o\000n\000\040\000a\000n\000d\000\040\000C\000h\000u\000n\000k\000i\000n\000g}{section*.180}% 129
\BOOKMARK [2][-]{subsection.183}{\376\377\0004\000.\0001\000.\0001\0005\000\040\000P\000e\000r\000f\000o\000r\000m\000a\000n\000c\000e\000\040\000O\000p\000t\000i\000m\000i\000z\000a\000t\000i\000o\000n\000\040\000a\000n\000d\000\040\000S\000y\000s\000t\000e\000m\000s\000\040\000E\000n\000g\000i\000n\000e\000e\000r\000i\000n\000g}{section.135}% 130
\BOOKMARK [3][-]{subsubsection.184}{\376\377\0004\000.\0001\000.\0001\0005\000.\0001\000\040\000P\000a\000r\000a\000l\000l\000e\000l\000\040\000P\000r\000o\000c\000e\000s\000s\000i\000n\000g}{subsection.183}% 131
\BOOKMARK [3][-]{subsubsection.185}{\376\377\0004\000.\0001\000.\0001\0005\000.\0002\000\040\000R\000a\000t\000e\000\040\000L\000i\000m\000i\000t\000i\000n\000g\000\040\000a\000n\000d\000\040\000C\000o\000s\000t\000\040\000O\000p\000t\000i\000m\000i\000z\000a\000t\000i\000o\000n}{subsection.183}% 132
\BOOKMARK [2][-]{subsection.186}{\376\377\0004\000.\0001\000.\0001\0006\000\040\000V\000a\000r\000i\000a\000b\000l\000e\000\040\000G\000e\000n\000e\000r\000a\000t\000i\000o\000n\000\040\000I\000n\000p\000u\000t\000\040\000a\000n\000d\000\040\000C\000o\000n\000t\000e\000x\000t\000\040\000I\000n\000f\000e\000r\000e\000n\000c\000e}{section.135}% 133
\BOOKMARK [3][-]{subsubsection.187}{\376\377\0004\000.\0001\000.\0001\0006\000.\0001\000\040\000T\000a\000r\000g\000e\000t\000\040\000V\000a\000r\000i\000a\000b\000l\000e\000\040\000S\000e\000e\000d\000i\000n\000g}{subsection.186}% 134
\BOOKMARK [3][-]{subsubsection.188}{\376\377\0004\000.\0001\000.\0001\0006\000.\0002\000\040\000C\000o\000n\000t\000e\000x\000t\000\040\000I\000n\000f\000e\000r\000e\000n\000c\000e\000\040\000f\000r\000o\000m\000\040\000V\000a\000l\000i\000d\000a\000t\000i\000o\000n\000\040\000N\000o\000d\000e\000s}{subsection.186}% 135
\BOOKMARK [4][-]{section*.189}{\376\377\000S\000t\000e\000p\000\040\0001\000:\000\040\000E\000x\000t\000r\000a\000c\000t\000\040\000V\000a\000l\000i\000d\000a\000t\000i\000o\000n\000\040\000V\000a\000r\000i\000a\000b\000l\000e\000\040\000N\000a\000m\000e\000s}{subsubsection.188}% 136
\BOOKMARK [4][-]{section*.190}{\376\377\000S\000t\000e\000p\000\040\0002\000:\000\040\000L\000L\000M\000-\000B\000a\000s\000e\000d\000\040\000C\000o\000n\000t\000e\000x\000t\000\040\000I\000n\000f\000e\000r\000e\000n\000c\000e}{subsubsection.188}% 137
\BOOKMARK [4][-]{section*.191}{\376\377\000S\000t\000e\000p\000\040\0003\000:\000\040\000C\000o\000n\000t\000e\000x\000t\000\040\000L\000i\000s\000t\000\040\000C\000o\000n\000s\000t\000r\000u\000c\000t\000i\000o\000n}{subsubsection.188}% 138
\BOOKMARK [4][-]{section*.192}{\376\377\000S\000t\000e\000p\000\040\0004\000:\000\040\000V\000a\000r\000i\000a\000b\000l\000e\000\040\000G\000e\000n\000e\000r\000a\000t\000i\000o\000n\000\040\000w\000i\000t\000h\000\040\000I\000n\000f\000e\000r\000r\000e\000d\000\040\000C\000o\000n\000t\000e\000x\000t}{subsubsection.188}% 139
\BOOKMARK [2][-]{subsection.193}{\376\377\0004\000.\0001\000.\0001\0007\000\040\000V\000a\000r\000i\000a\000b\000l\000e\000\040\000M\000a\000t\000c\000h\000i\000n\000g\000\040\000M\000e\000t\000h\000o\000d\000o\000l\000o\000g\000y}{section.135}% 140
\BOOKMARK [3][-]{subsubsection.194}{\376\377\0004\000.\0001\000.\0001\0007\000.\0001\000\040\000B\000i\000n\000a\000r\000y\000\040\000M\000a\000t\000c\000h\000i\000n\000g\000\040\000\050\000S\000t\000a\000g\000e\000\040\0001\000\051}{subsection.193}% 141
\BOOKMARK [3][-]{subsubsection.195}{\376\377\0004\000.\0001\000.\0001\0007\000.\0002\000\040\000C\000o\000s\000i\000n\000e\000\040\000S\000i\000m\000i\000l\000a\000r\000i\000t\000y\000\040\000M\000e\000t\000r\000i\000c\000s}{subsection.193}% 142
\BOOKMARK [3][-]{subsubsection.196}{\376\377\0004\000.\0001\000.\0001\0007\000.\0003\000\040\000H\000y\000b\000r\000i\000d\000\040\000M\000a\000t\000c\000h\000i\000n\000g\000\040\000\050\000T\000w\000o\000-\000S\000t\000a\000g\000e\000\040\000B\000i\000p\000a\000r\000t\000i\000t\000e\000\051}{subsection.193}% 143
\BOOKMARK [4][-]{section*.197}{\376\377\000S\000t\000a\000g\000e\000\040\0001\000:}{subsubsection.196}% 144
\BOOKMARK [4][-]{section*.198}{\376\377\000S\000t\000a\000g\000e\000\040\0002\000:}{subsubsection.196}% 145
\BOOKMARK [4][-]{section*.199}{\376\377\000K\000e\000y\000\040\000a\000d\000v\000a\000n\000t\000a\000g\000e\000s\000\040\000o\000f\000\040\000t\000h\000i\000s\000\040\000m\000e\000t\000h\000o\000d\000o\000l\000o\000g\000y\000:}{subsubsection.196}% 146
\BOOKMARK [3][-]{subsubsection.200}{\376\377\0004\000.\0001\000.\0001\0007\000.\0004\000\040\000A\000d\000j\000u\000s\000t\000e\000d\000\040\000M\000e\000t\000r\000i\000c\000s\000\040\000f\000o\000r\000\040\000S\000e\000e\000d\000e\000d\000\040\000V\000a\000r\000i\000a\000b\000l\000e\000s}{subsection.193}% 147
\BOOKMARK [4][-]{section*.201}{\376\377\000I\000m\000p\000a\000c\000t\000\040\000o\000f\000\040\000A\000d\000j\000u\000s\000t\000m\000e\000n\000t}{subsubsection.200}% 148
\BOOKMARK [1][-]{section.202}{\376\377\0004\000.\0002\000\040\000R\000Q\0002\000:\000\040\000C\000o\000n\000t\000e\000x\000t\000-\000I\000n\000s\000e\000n\000s\000i\000t\000i\000v\000e\000\040\000M\000e\000t\000r\000i\000c\000s\000\040\000f\000o\000r\000\040\000H\000a\000l\000l\000u\000c\000i\000n\000a\000t\000i\000o\000n\000\040\000D\000e\000t\000e\000c\000t\000i\000o\000n}{chapter.134}% 149
\BOOKMARK [2][-]{subsection.203}{\376\377\0004\000.\0002\000.\0001\000\040\000C\000I\000\040\000M\000e\000t\000r\000i\000c\000s\000:\000\040\000M\000a\000t\000h\000e\000m\000a\000t\000i\000c\000a\000l\000\040\000D\000e\000f\000i\000n\000i\000t\000i\000o\000n\000s}{section.202}% 150
\BOOKMARK [3][-]{subsubsection.204}{\376\377\0004\000.\0002\000.\0001\000.\0001\000\040\000G\000e\000n\000e\000r\000a\000t\000o\000r\000\040\000P\000e\000r\000p\000l\000e\000x\000i\000t\000y}{subsection.203}% 151
\BOOKMARK [3][-]{subsubsection.206}{\376\377\0004\000.\0002\000.\0001\000.\0002\000\040\000G\000e\000n\000e\000r\000a\000t\000o\000r\000\040\000M\000i\000n\000i\000m\000u\000m\000\040\000P\000r\000o\000b\000a\000b\000i\000l\000i\000t\000y}{subsection.203}% 152
\BOOKMARK [3][-]{subsubsection.208}{\376\377\0004\000.\0002\000.\0001\000.\0003\000\040\000G\000e\000n\000e\000r\000a\000t\000o\000r\000\040\000M\000a\000x\000i\000m\000u\000m\000\040\000W\000i\000n\000d\000o\000w\000\040\000E\000n\000t\000r\000o\000p\000y}{subsection.203}% 153
\BOOKMARK [3][-]{subsubsection.212}{\376\377\0004\000.\0002\000.\0001\000.\0004\000\040\000G\000e\000n\000e\000r\000a\000t\000o\000r\000\040\000C\000o\000s\000i\000n\000e\000\040\000S\000i\000m\000i\000l\000a\000r\000i\000t\000y}{subsection.203}% 154
\BOOKMARK [3][-]{subsubsection.214}{\376\377\0004\000.\0002\000.\0001\000.\0005\000\040\000S\000u\000m\000m\000a\000r\000y\000\040\000o\000f\000\040\000C\000I\000\040\000M\000e\000t\000r\000i\000c\000s}{subsection.203}% 155
\BOOKMARK [2][-]{subsection.216}{\376\377\0004\000.\0002\000.\0002\000\040\000S\000t\000a\000t\000i\000s\000t\000i\000c\000a\000l\000\040\000A\000n\000a\000l\000y\000s\000i\000s\000\040\000M\000e\000t\000h\000o\000d\000s}{section.202}% 156
\BOOKMARK [2][-]{subsection.217}{\376\377\0004\000.\0002\000.\0003\000\040\000S\000t\000u\000d\000y\000\040\000D\000e\000s\000i\000g\000n\000\040\000a\000n\000d\000\040\000D\000a\000t\000a\000\040\000S\000t\000r\000u\000c\000t\000u\000r\000e}{section.202}% 157
\BOOKMARK [3][-]{subsubsection.218}{\376\377\0004\000.\0002\000.\0003\000.\0001\000\040\000E\000x\000p\000e\000r\000i\000m\000e\000n\000t\000a\000l\000\040\000D\000a\000t\000a\000\040\000S\000t\000r\000u\000c\000t\000u\000r\000e}{subsection.217}% 158
\BOOKMARK [4][-]{section*.220}{\376\377\000C\000a\000u\000s\000a\000l\000\040\000L\000o\000o\000p\000\040\000D\000i\000a\000g\000r\000a\000m\000s\000\040\000\050\000C\000L\000D\000s\000\051\000.}{subsubsection.218}% 159
\BOOKMARK [4][-]{section*.221}{\376\377\000P\000r\000o\000m\000p\000t\000\040\000T\000y\000p\000e\000s\000.}{subsubsection.218}% 160
\BOOKMARK [4][-]{section*.222}{\376\377\000R\000u\000n\000s\000.}{subsubsection.218}% 161
\BOOKMARK [4][-]{section*.223}{\376\377\000T\000o\000t\000a\000l\000\040\000S\000a\000m\000p\000l\000e\000\040\000S\000i\000z\000e\000.}{subsubsection.218}% 162
\BOOKMARK [3][-]{subsubsection.224}{\376\377\0004\000.\0002\000.\0003\000.\0002\000\040\000C\000r\000o\000s\000s\000-\000C\000L\000D\000\040\000V\000a\000l\000i\000d\000a\000t\000i\000o\000n\000\040\000D\000e\000s\000i\000g\000n}{subsection.217}% 163
\BOOKMARK [3][-]{subsubsection.225}{\376\377\0004\000.\0002\000.\0003\000.\0003\000\040\000G\000r\000o\000u\000n\000d\000\040\000T\000r\000u\000t\000h\000\040\000D\000e\000f\000i\000n\000i\000t\000i\000o\000n}{subsection.217}% 164
\BOOKMARK [4][-]{section*.226}{\376\377\000H\000a\000l\000l\000u\000c\000i\000n\000a\000t\000i\000o\000n\000\040\000l\000a\000b\000e\000l\000i\000n\000g\000.}{subsubsection.225}% 165
\BOOKMARK [4][-]{section*.228}{\376\377\000D\000a\000t\000a\000\040\000a\000v\000a\000i\000l\000a\000b\000i\000l\000i\000t\000y\000.}{subsubsection.225}% 166
\BOOKMARK [4][-]{section*.229}{\376\377\000N\000o\000t\000e\000\040\000o\000n\000\040\000c\000o\000r\000r\000u\000p\000t\000i\000o\000n\000\040\000e\000x\000p\000e\000r\000i\000m\000e\000n\000t\000s\000.}{subsubsection.225}% 167
\BOOKMARK [2][-]{subsection.230}{\376\377\0004\000.\0002\000.\0004\000\040\000S\000t\000a\000t\000i\000s\000t\000i\000c\000a\000l\000\040\000T\000e\000s\000t\000\040\000P\000r\000o\000c\000e\000d\000u\000r\000e\000s}{section.202}% 168
\BOOKMARK [3][-]{subsubsection.231}{\376\377\0004\000.\0002\000.\0004\000.\0001\000\040\000C\000o\000r\000r\000e\000l\000a\000t\000i\000o\000n\000\040\000A\000n\000a\000l\000y\000s\000i\000s}{subsection.230}% 169
\BOOKMARK [4][-]{section*.232}{\376\377\000P\000e\000a\000r\000s\000o\000n\000\040\000P\000r\000o\000d\000u\000c\000t\000-\000M\000o\000m\000e\000n\000t\000\040\000C\000o\000r\000r\000e\000l\000a\000t\000i\000o\000n\000.}{subsubsection.231}% 170
\BOOKMARK [4][-]{section*.233}{\376\377\000S\000p\000e\000a\000r\000m\000a\000n\000\040\000R\000a\000n\000k\000\040\000C\000o\000r\000r\000e\000l\000a\000t\000i\000o\000n\000.}{subsubsection.231}% 171
\BOOKMARK [3][-]{subsubsection.234}{\376\377\0004\000.\0002\000.\0004\000.\0002\000\040\000C\000l\000a\000s\000s\000i\000f\000i\000c\000a\000t\000i\000o\000n\000\040\000P\000e\000r\000f\000o\000r\000m\000a\000n\000c\000e\000\040\000A\000n\000a\000l\000y\000s\000i\000s}{subsection.230}% 172
\BOOKMARK [4][-]{section*.235}{\376\377\000R\000e\000c\000e\000i\000v\000e\000r\000\040\000O\000p\000e\000r\000a\000t\000i\000n\000g\000\040\000C\000h\000a\000r\000a\000c\000t\000e\000r\000i\000s\000t\000i\000c\000\040\000\050\000R\000O\000C\000\051\000\040\000A\000n\000a\000l\000y\000s\000i\000s\000.}{subsubsection.234}% 173
\BOOKMARK [4][-]{section*.236}{\376\377\000O\000p\000t\000i\000m\000a\000l\000\040\000T\000h\000r\000e\000s\000h\000o\000l\000d\000\040\000S\000e\000l\000e\000c\000t\000i\000o\000n\000.}{subsubsection.234}% 174
\BOOKMARK [3][-]{subsubsection.237}{\376\377\0004\000.\0002\000.\0004\000.\0003\000\040\000P\000e\000r\000m\000u\000t\000a\000t\000i\000o\000n\000\040\000T\000e\000s\000t\000s}{subsection.230}% 175
\BOOKMARK [4][-]{section*.238}{\376\377\000A\000l\000g\000o\000r\000i\000t\000h\000m\000.}{subsubsection.237}% 176
\BOOKMARK [4][-]{section*.244}{\376\377\000O\000b\000t\000a\000i\000n\000e\000d\000\040\000R\000e\000s\000u\000l\000t\000s\000.}{subsubsection.237}% 177
\BOOKMARK [4][-]{section*.245}{\376\377\000M\000u\000l\000t\000i\000p\000l\000e\000\040\000C\000o\000m\000p\000a\000r\000i\000s\000o\000n\000\040\000C\000o\000r\000r\000e\000c\000t\000i\000o\000n\000.}{subsubsection.237}% 178
\BOOKMARK [3][-]{subsubsection.246}{\376\377\0004\000.\0002\000.\0004\000.\0004\000\040\000B\000o\000o\000t\000s\000t\000r\000a\000p\000\040\000C\000o\000n\000f\000i\000d\000e\000n\000c\000e\000\040\000I\000n\000t\000e\000r\000v\000a\000l\000s}{subsection.230}% 179
\BOOKMARK [4][-]{section*.247}{\376\377\000A\000l\000g\000o\000r\000i\000t\000h\000m}{subsubsection.246}% 180
\BOOKMARK [4][-]{section*.252}{\376\377\000O\000b\000t\000a\000i\000n\000e\000d\000\040\000R\000e\000s\000u\000l\000t\000s\000.}{subsubsection.246}% 181
\BOOKMARK [3][-]{subsubsection.253}{\376\377\0004\000.\0002\000.\0004\000.\0005\000\040\000G\000r\000o\000u\000p\000\040\000C\000o\000m\000p\000a\000r\000i\000s\000o\000n\000s}{subsection.230}% 182
\BOOKMARK [4][-]{section*.254}{\376\377\000T\000e\000s\000t\000\040\000s\000t\000a\000t\000i\000s\000t\000i\000c\000:}{subsubsection.253}% 183
\BOOKMARK [4][-]{section*.255}{\376\377\000E\000f\000f\000e\000c\000t\000\040\000S\000i\000z\000e\000.}{subsubsection.253}% 184
\BOOKMARK [2][-]{subsection.256}{\376\377\0004\000.\0002\000.\0005\000\040\000M\000e\000t\000a\000-\000A\000n\000a\000l\000y\000s\000i\000s\000\040\000F\000r\000a\000m\000e\000w\000o\000r\000k}{section.202}% 185
\BOOKMARK [3][-]{subsubsection.257}{\376\377\0004\000.\0002\000.\0005\000.\0001\000\040\000C\000r\000o\000s\000s\000-\000C\000L\000D\000\040\000A\000g\000g\000r\000e\000g\000a\000t\000i\000o\000n}{subsection.256}% 186
\BOOKMARK [4][-]{section*.258}{\376\377\000M\000e\000a\000n\000\040\000a\000n\000d\000\040\000S\000t\000a\000n\000d\000a\000r\000d\000\040\000D\000e\000v\000i\000a\000t\000i\000o\000n\000.}{subsubsection.257}% 187
\BOOKMARK [4][-]{section*.259}{\376\377\000M\000e\000t\000a\000-\000A\000n\000a\000l\000y\000t\000i\000c\000\040\000H\000y\000p\000o\000t\000h\000e\000s\000i\000s\000\040\000T\000e\000s\000t\000s\000.}{subsubsection.257}% 188
\BOOKMARK [4][-]{section*.260}{\376\377\000C\000o\000n\000f\000i\000d\000e\000n\000c\000e\000\040\000I\000n\000t\000e\000r\000v\000a\000l\000s\000\040\000f\000o\000r\000\040\000M\000e\000t\000a\000-\000S\000t\000a\000t\000i\000s\000t\000i\000c\000s\000.}{subsubsection.257}% 189
\BOOKMARK [4][-]{section*.261}{\376\377\000O\000b\000t\000a\000i\000n\000e\000d\000\040\000M\000e\000t\000a\000-\000A\000n\000a\000l\000y\000s\000i\000s\000\040\000R\000e\000s\000u\000l\000t\000s\000.}{subsubsection.257}% 190
\BOOKMARK [2][-]{subsection.262}{\376\377\0004\000.\0002\000.\0006\000\040\000A\000s\000s\000u\000m\000p\000t\000i\000o\000n\000s\000\040\000a\000n\000d\000\040\000D\000i\000a\000g\000n\000o\000s\000t\000i\000c\000s}{section.202}% 191
\BOOKMARK [3][-]{subsubsection.263}{\376\377\0004\000.\0002\000.\0006\000.\0001\000\040\000P\000a\000r\000a\000m\000e\000t\000r\000i\000c\000\040\000T\000e\000s\000t\000\040\000A\000s\000s\000u\000m\000p\000t\000i\000o\000n\000s}{subsection.262}% 192
\BOOKMARK [4][-]{section*.264}{\376\377\000N\000o\000r\000m\000a\000l\000i\000t\000y\000.}{subsubsection.263}% 193
\BOOKMARK [4][-]{section*.265}{\376\377\000H\000o\000m\000o\000s\000c\000e\000d\000a\000s\000t\000i\000c\000i\000t\000y\000.}{subsubsection.263}% 194
\BOOKMARK [4][-]{section*.266}{\376\377\000I\000n\000d\000e\000p\000e\000n\000d\000e\000n\000c\000e\000.}{subsubsection.263}% 195
\BOOKMARK [3][-]{subsubsection.267}{\376\377\0004\000.\0002\000.\0006\000.\0002\000\040\000M\000u\000l\000t\000i\000p\000l\000e\000\040\000T\000e\000s\000t\000i\000n\000g\000\040\000C\000o\000n\000s\000i\000d\000e\000r\000a\000t\000i\000o\000n\000s}{subsection.262}% 196
\BOOKMARK [2][-]{subsection.268}{\376\377\0004\000.\0002\000.\0007\000\040\000C\000o\000m\000p\000u\000t\000a\000t\000i\000o\000n\000a\000l\000\040\000I\000m\000p\000l\000e\000m\000e\000n\000t\000a\000t\000i\000o\000n}{section.202}% 197
\BOOKMARK [3][-]{subsubsection.269}{\376\377\0004\000.\0002\000.\0007\000.\0001\000\040\000S\000o\000f\000t\000w\000a\000r\000e\000\040\000E\000n\000v\000i\000r\000o\000n\000m\000e\000n\000t}{subsection.268}% 198
\BOOKMARK [3][-]{subsubsection.270}{\376\377\0004\000.\0002\000.\0007\000.\0002\000\040\000A\000n\000a\000l\000y\000s\000i\000s\000\040\000P\000i\000p\000e\000l\000i\000n\000e\000\040\000A\000r\000c\000h\000i\000t\000e\000c\000t\000u\000r\000e}{subsection.268}% 199
\BOOKMARK [4][-]{section*.271}{\376\377\000S\000t\000a\000g\000e\000\040\0001\000:\000\040\000D\000a\000t\000a\000\040\000P\000r\000e\000p\000a\000r\000a\000t\000i\000o\000n\000.}{subsubsection.270}% 200
\BOOKMARK [4][-]{section*.272}{\376\377\000S\000t\000a\000g\000e\000\040\0002\000:\000\040\000S\000i\000n\000g\000l\000e\000-\000C\000L\000D\000\040\000A\000n\000a\000l\000y\000s\000i\000s\000.}{subsubsection.270}% 201
\BOOKMARK [4][-]{section*.273}{\376\377\000S\000t\000a\000g\000e\000\040\0003\000:\000\040\000M\000e\000t\000a\000-\000A\000n\000a\000l\000y\000s\000i\000s\000\040\000A\000g\000g\000r\000e\000g\000a\000t\000i\000o\000n\000.}{subsubsection.270}% 202
\BOOKMARK [3][-]{subsubsection.274}{\376\377\0004\000.\0002\000.\0007\000.\0003\000\040\000R\000e\000p\000r\000o\000d\000u\000c\000i\000b\000i\000l\000i\000t\000y\000\040\000S\000p\000e\000c\000i\000f\000i\000c\000a\000t\000i\000o\000n\000s}{subsection.268}% 203
\BOOKMARK [4][-]{section*.275}{\376\377\000R\000a\000n\000d\000o\000m\000\040\000s\000e\000e\000d\000\040\000c\000o\000n\000t\000r\000o\000l\000.}{subsubsection.274}% 204
\BOOKMARK [4][-]{section*.276}{\376\377\000C\000o\000m\000p\000u\000t\000a\000t\000i\000o\000n\000a\000l\000\040\000c\000o\000s\000t\000.}{subsubsection.274}% 205
\BOOKMARK [4][-]{section*.277}{\376\377\000P\000a\000r\000a\000l\000l\000e\000l\000i\000z\000a\000t\000i\000o\000n\000.}{subsubsection.274}% 206
\BOOKMARK [2][-]{subsection.278}{\376\377\0004\000.\0002\000.\0008\000\040\000S\000t\000a\000t\000i\000s\000t\000i\000c\000a\000l\000\040\000P\000o\000w\000e\000r\000\040\000a\000n\000d\000\040\000S\000a\000m\000p\000l\000e\000\040\000S\000i\000z\000e}{section.202}% 207
\BOOKMARK [3][-]{section*.279}{\376\377\000C\000o\000r\000r\000e\000l\000a\000t\000i\000o\000n\000\040\000d\000e\000t\000e\000c\000t\000i\000o\000n\000\040\000p\000o\000w\000e\000r\000.}{subsection.278}% 208
\BOOKMARK [4][-]{section*.280}{\376\377\000M\000e\000t\000a\000-\000a\000n\000a\000l\000y\000s\000i\000s\000\040\000p\000o\000w\000e\000r\000.}{section*.279}% 209
\BOOKMARK [4][-]{section*.281}{\376\377\000L\000i\000m\000i\000t\000a\000t\000i\000o\000n\000s\000.}{section*.279}% 210
\BOOKMARK [2][-]{subsection.282}{\376\377\0004\000.\0002\000.\0009\000\040\000S\000u\000m\000m\000a\000r\000y}{section.202}% 211
\BOOKMARK [0][-]{chapter.283}{\376\377\0005\000\040\000G\000l\000o\000b\000a\000l\000\040\000S\000e\000n\000s\000i\000t\000i\000v\000i\000t\000y\000\040\000A\000n\000a\000l\000y\000s\000i\000s}{}% 212
\BOOKMARK [1][-]{section.284}{\376\377\0005\000.\0001\000\040\000I\000n\000t\000r\000o\000d\000u\000c\000t\000i\000o\000n}{chapter.283}% 213
\BOOKMARK [1][-]{section.288}{\376\377\0005\000.\0002\000\040\000T\000h\000e\000o\000r\000e\000t\000i\000c\000a\000l\000\040\000B\000a\000c\000k\000g\000r\000o\000u\000n\000d}{chapter.283}% 214
\BOOKMARK [2][-]{subsection.289}{\376\377\0005\000.\0002\000.\0001\000\040\000G\000l\000o\000b\000a\000l\000\040\000S\000e\000n\000s\000i\000t\000i\000v\000i\000t\000y\000\040\000A\000n\000a\000l\000y\000s\000i\000s}{section.288}% 215
\BOOKMARK [2][-]{subsection.290}{\376\377\0005\000.\0002\000.\0002\000\040\000V\000a\000r\000i\000a\000n\000c\000e\000-\000B\000a\000s\000e\000d\000\040\000S\000e\000n\000s\000i\000t\000i\000v\000i\000t\000y\000\040\000A\000n\000a\000l\000y\000s\000i\000s}{section.288}% 216
\BOOKMARK [2][-]{subsection.292}{\376\377\0005\000.\0002\000.\0003\000\040\000S\000o\000b\000o\000l\000\040\000I\000n\000d\000i\000c\000e\000s}{section.288}% 217
\BOOKMARK [3][-]{subsubsection.293}{\376\377\0005\000.\0002\000.\0003\000.\0001\000\040\000F\000i\000r\000s\000t\000-\000O\000r\000d\000e\000r\000\040\000S\000e\000n\000s\000i\000t\000i\000v\000i\000t\000y\000\040\000I\000n\000d\000e\000x}{subsection.292}% 218
\BOOKMARK [3][-]{subsubsection.295}{\376\377\0005\000.\0002\000.\0003\000.\0002\000\040\000T\000o\000t\000a\000l\000-\000E\000f\000f\000e\000c\000t\000\040\000S\000e\000n\000s\000i\000t\000i\000v\000i\000t\000y\000\040\000I\000n\000d\000e\000x}{subsection.292}% 219
\BOOKMARK [3][-]{subsubsection.297}{\376\377\0005\000.\0002\000.\0003\000.\0003\000\040\000I\000n\000t\000e\000r\000p\000r\000e\000t\000a\000t\000i\000o\000n}{subsection.292}% 220
\BOOKMARK [3][-]{subsubsection.298}{\376\377\0005\000.\0002\000.\0003\000.\0004\000\040\000S\000e\000c\000o\000n\000d\000-\000O\000r\000d\000e\000r\000\040\000I\000n\000d\000i\000c\000e\000s}{subsection.292}% 221
\BOOKMARK [3][-]{subsubsection.300}{\376\377\0005\000.\0002\000.\0003\000.\0005\000\040\000M\000a\000t\000h\000e\000m\000a\000t\000i\000c\000a\000l\000\040\000P\000r\000o\000p\000e\000r\000t\000i\000e\000s}{subsection.292}% 222
\BOOKMARK [2][-]{subsection.304}{\376\377\0005\000.\0002\000.\0004\000\040\000S\000a\000l\000t\000e\000l\000l\000i\000\040\000S\000a\000m\000p\000l\000i\000n\000g\000\040\000M\000e\000t\000h\000o\000d}{section.288}% 223
\BOOKMARK [2][-]{subsection.308}{\376\377\0005\000.\0002\000.\0005\000\040\000C\000o\000n\000v\000e\000r\000g\000e\000n\000c\000e\000\040\000a\000n\000d\000\040\000S\000a\000m\000p\000l\000e\000\040\000S\000i\000z\000e}{section.288}% 224
\BOOKMARK [1][-]{section.309}{\376\377\0005\000.\0003\000\040\000M\000e\000t\000h\000o\000d\000o\000l\000o\000g\000y}{chapter.283}% 225
\BOOKMARK [2][-]{subsection.310}{\376\377\0005\000.\0003\000.\0001\000\040\000R\000e\000s\000e\000a\000r\000c\000h\000\040\000Q\000u\000e\000s\000t\000i\000o\000n\000s\000\040\000a\000n\000d\000\040\000P\000a\000r\000a\000m\000e\000t\000e\000r\000s}{section.309}% 226
\BOOKMARK [3][-]{subsubsection.311}{\376\377\0005\000.\0003\000.\0001\000.\0001\000\040\000R\000Q\0001\000:\000\040\000L\000L\000M\000-\000a\000s\000-\000a\000-\000J\000u\000d\000g\000e\000\040\000a\000n\000d\000\040\000C\000o\000r\000r\000e\000c\000t\000o\000r}{subsection.310}% 227
\BOOKMARK [3][-]{subsubsection.313}{\376\377\0005\000.\0003\000.\0001\000.\0002\000\040\000R\000Q\0002\000:\000\040\000C\000o\000n\000t\000e\000x\000t\000-\000I\000n\000s\000e\000n\000s\000i\000t\000i\000v\000e\000\040\000M\000e\000t\000r\000i\000c\000s}{subsection.310}% 228
\BOOKMARK [3][-]{subsubsection.315}{\376\377\0005\000.\0003\000.\0001\000.\0003\000\040\000R\000Q\0003\000:\000\040\000S\000m\000a\000r\000t\000\040\000T\000e\000s\000t\000-\000T\000i\000m\000e\000\040\000C\000o\000m\000p\000u\000t\000e}{subsection.310}% 229
\BOOKMARK [2][-]{subsection.317}{\376\377\0005\000.\0003\000.\0002\000\040\000E\000x\000p\000e\000r\000i\000m\000e\000n\000t\000a\000l\000\040\000D\000e\000s\000i\000g\000n}{section.309}% 230
\BOOKMARK [3][-]{subsubsection.318}{\376\377\0005\000.\0003\000.\0002\000.\0001\000\040\000S\000a\000m\000p\000l\000e\000\040\000G\000e\000n\000e\000r\000a\000t\000i\000o\000n}{subsection.317}% 231
\BOOKMARK [3][-]{subsubsection.319}{\376\377\0005\000.\0003\000.\0002\000.\0002\000\040\000E\000x\000p\000e\000r\000i\000m\000e\000n\000t\000\040\000C\000o\000n\000f\000i\000g\000u\000r\000a\000t\000i\000o\000n}{subsection.317}% 232
\BOOKMARK [3][-]{subsubsection.336}{\376\377\0005\000.\0003\000.\0002\000.\0003\000\040\000C\000a\000u\000s\000a\000l\000\040\000L\000o\000o\000p\000\040\000D\000i\000a\000g\000r\000a\000m\000s}{subsection.317}% 233
\BOOKMARK [3][-]{subsubsection.337}{\376\377\0005\000.\0003\000.\0002\000.\0004\000\040\000O\000u\000t\000c\000o\000m\000e\000\040\000M\000e\000t\000r\000i\000c\000s}{subsection.317}% 234
\BOOKMARK [2][-]{subsection.338}{\376\377\0005\000.\0003\000.\0003\000\040\000I\000m\000p\000l\000e\000m\000e\000n\000t\000a\000t\000i\000o\000n}{section.309}% 235
\BOOKMARK [2][-]{subsection.339}{\376\377\0005\000.\0003\000.\0004\000\040\000C\000o\000m\000p\000u\000t\000a\000t\000i\000o\000n\000a\000l\000\040\000C\000o\000n\000s\000i\000d\000e\000r\000a\000t\000i\000o\000n\000s}{section.309}% 236
\BOOKMARK [2][-]{subsection.344}{\376\377\0005\000.\0003\000.\0005\000\040\000C\000o\000n\000v\000e\000r\000g\000e\000n\000c\000e\000\040\000A\000s\000s\000e\000s\000s\000m\000e\000n\000t}{section.309}% 237
\BOOKMARK [1][-]{section.348}{\376\377\0005\000.\0004\000\040\000S\000t\000a\000t\000i\000s\000t\000i\000c\000a\000l\000\040\000I\000n\000t\000e\000r\000p\000r\000e\000t\000a\000t\000i\000o\000n}{chapter.283}% 238
\BOOKMARK [2][-]{subsection.349}{\376\377\0005\000.\0004\000.\0001\000\040\000C\000o\000n\000f\000i\000d\000e\000n\000c\000e\000\040\000I\000n\000t\000e\000r\000v\000a\000l\000s}{section.348}% 239
\BOOKMARK [2][-]{subsection.350}{\376\377\0005\000.\0004\000.\0002\000\040\000M\000u\000l\000t\000i\000p\000l\000e\000\040\000T\000e\000s\000t\000i\000n\000g}{section.348}% 240
\BOOKMARK [2][-]{subsection.351}{\376\377\0005\000.\0004\000.\0003\000\040\000L\000i\000m\000i\000t\000a\000t\000i\000o\000n\000s}{section.348}% 241
\BOOKMARK [1][-]{section.356}{\376\377\0005\000.\0005\000\040\000R\000e\000s\000u\000l\000t\000s}{chapter.283}% 242
\BOOKMARK [2][-]{subsection.357}{\376\377\0005\000.\0005\000.\0001\000\040\000R\000Q\0001\000:\000\040\000J\000u\000d\000g\000e\000\040\000a\000n\000d\000\040\000C\000o\000r\000r\000e\000c\000t\000o\000r\000\040\000S\000e\000n\000s\000i\000t\000i\000v\000i\000t\000y}{section.356}% 243
\BOOKMARK [2][-]{subsection.358}{\376\377\0005\000.\0005\000.\0002\000\040\000R\000Q\0002\000:\000\040\000C\000o\000n\000t\000e\000x\000t\000-\000I\000n\000s\000e\000n\000s\000i\000t\000i\000v\000e\000\040\000M\000e\000t\000r\000i\000c\000s\000\040\000S\000e\000n\000s\000i\000t\000i\000v\000i\000t\000y}{section.356}% 244
\BOOKMARK [2][-]{subsection.359}{\376\377\0005\000.\0005\000.\0003\000\040\000R\000Q\0003\000:\000\040\000S\000m\000a\000r\000t\000\040\000T\000e\000s\000t\000-\000T\000i\000m\000e\000\040\000C\000o\000m\000p\000u\000t\000e\000\040\000S\000e\000n\000s\000i\000t\000i\000v\000i\000t\000y}{section.356}% 245
\BOOKMARK [2][-]{subsection.360}{\376\377\0005\000.\0005\000.\0004\000\040\000C\000o\000n\000v\000e\000r\000g\000e\000n\000c\000e\000\040\000A\000n\000a\000l\000y\000s\000i\000s}{section.356}% 246
\BOOKMARK [2][-]{subsection.361}{\376\377\0005\000.\0005\000.\0005\000\040\000G\000e\000n\000e\000r\000a\000l\000i\000z\000a\000t\000i\000o\000n\000\040\000A\000c\000r\000o\000s\000s\000\040\000C\000L\000D\000s}{section.356}% 247
\BOOKMARK [1][-]{section.362}{\376\377\0005\000.\0006\000\040\000D\000i\000s\000c\000u\000s\000s\000i\000o\000n}{chapter.283}% 248
\BOOKMARK [2][-]{subsection.363}{\376\377\0005\000.\0006\000.\0001\000\040\000P\000a\000r\000a\000m\000e\000t\000e\000r\000\040\000P\000r\000i\000o\000r\000i\000t\000i\000z\000a\000t\000i\000o\000n\000\040\000f\000o\000r\000\040\000O\000p\000t\000i\000m\000i\000z\000a\000t\000i\000o\000n}{section.362}% 249
\BOOKMARK [2][-]{subsection.364}{\376\377\0005\000.\0006\000.\0002\000\040\000I\000n\000t\000e\000r\000a\000c\000t\000i\000o\000n\000\040\000E\000f\000f\000e\000c\000t\000s\000\040\000a\000n\000d\000\040\000J\000o\000i\000n\000t\000\040\000O\000p\000t\000i\000m\000i\000z\000a\000t\000i\000o\000n}{section.362}% 250
\BOOKMARK [2][-]{subsection.365}{\376\377\0005\000.\0006\000.\0003\000\040\000M\000o\000d\000e\000l\000\040\000S\000i\000m\000p\000l\000i\000f\000i\000c\000a\000t\000i\000o\000n\000\040\000O\000p\000p\000o\000r\000t\000u\000n\000i\000t\000i\000e\000s}{section.362}% 251
\BOOKMARK [2][-]{subsection.366}{\376\377\0005\000.\0006\000.\0004\000\040\000I\000m\000p\000l\000i\000c\000a\000t\000i\000o\000n\000s\000\040\000f\000o\000r\000\040\000S\000y\000s\000t\000e\000m\000\040\000D\000e\000s\000i\000g\000n}{section.362}% 252
\BOOKMARK [1][-]{section.367}{\376\377\0005\000.\0007\000\040\000C\000o\000n\000c\000l\000u\000s\000i\000o\000n}{chapter.283}% 253
\BOOKMARK [0][-]{chapter.368}{\376\377\0006\000\040\000P\000r\000o\000m\000p\000t\000\040\000E\000n\000g\000i\000n\000e\000e\000r\000i\000n\000g\000\040\000A\000b\000l\000a\000t\000i\000o\000n\000\040\000S\000t\000u\000d\000i\000e\000s\000:\000\040\000E\000d\000g\000e\000\040\000a\000n\000d\000\040\000N\000o\000d\000e\000\040\000G\000e\000n\000e\000r\000a\000t\000i\000o\000n}{}% 254
\BOOKMARK [1][-]{section.369}{\376\377\0006\000.\0001\000\040\000E\000d\000g\000e\000\040\000G\000e\000n\000e\000r\000a\000t\000i\000o\000n\000\040\000A\000b\000l\000a\000t\000i\000o\000n\000\040\000S\000t\000u\000d\000y}{chapter.368}% 255
\BOOKMARK [2][-]{subsection.370}{\376\377\0006\000.\0001\000.\0001\000\040\000E\000x\000p\000e\000r\000i\000m\000e\000n\000t\000a\000l\000\040\000C\000o\000n\000f\000i\000g\000u\000r\000a\000t\000i\000o\000n}{section.369}% 256
\BOOKMARK [2][-]{subsection.372}{\376\377\0006\000.\0001\000.\0002\000\040\000P\000e\000r\000f\000o\000r\000m\000a\000n\000c\000e\000\040\000R\000e\000s\000u\000l\000t\000s}{section.369}% 257
\BOOKMARK [3][-]{subsubsection.373}{\376\377\0006\000.\0001\000.\0002\000.\0001\000\040\000O\000v\000e\000r\000a\000l\000l\000\040\000R\000a\000n\000k\000i\000n\000g\000s}{subsection.372}% 258
\BOOKMARK [3][-]{subsubsection.377}{\376\377\0006\000.\0001\000.\0002\000.\0002\000\040\000K\000e\000y\000\040\000O\000b\000s\000e\000r\000v\000a\000t\000i\000o\000n\000s}{subsection.372}% 259
\BOOKMARK [2][-]{subsection.378}{\376\377\0006\000.\0001\000.\0003\000\040\000D\000i\000s\000c\000u\000s\000s\000i\000o\000n\000\040\000o\000f\000\040\000E\000d\000g\000e\000\040\000R\000e\000s\000u\000l\000t\000s}{section.369}% 260
\BOOKMARK [3][-]{subsubsection.379}{\376\377\0006\000.\0001\000.\0003\000.\0001\000\040\000C\000h\000a\000i\000n\000-\000o\000f\000-\000T\000h\000o\000u\000g\000h\000t\000\040\000P\000r\000o\000g\000r\000e\000s\000s\000i\000o\000n}{subsection.378}% 261
\BOOKMARK [3][-]{subsubsection.380}{\376\377\0006\000.\0001\000.\0003\000.\0002\000\040\000C\000o\000n\000f\000o\000u\000n\000d\000i\000n\000g\000\040\000F\000a\000c\000t\000o\000r\000s}{subsection.378}% 262
\BOOKMARK [3][-]{subsubsection.381}{\376\377\0006\000.\0001\000.\0003\000.\0003\000\040\000C\000L\000D\000\040\0002\000\040\000U\000n\000d\000e\000r\000p\000e\000r\000f\000o\000r\000m\000a\000n\000c\000e}{subsection.378}% 263
\BOOKMARK [3][-]{subsubsection.382}{\376\377\0006\000.\0001\000.\0003\000.\0004\000\040\000R\000e\000s\000t\000r\000i\000c\000t\000i\000v\000e\000\040\000G\000r\000o\000u\000n\000d\000i\000n\000g\000\040\000M\000e\000c\000h\000a\000n\000i\000s\000m\000s}{subsection.378}% 264
\BOOKMARK [3][-]{subsubsection.383}{\376\377\0006\000.\0001\000.\0003\000.\0005\000\040\000D\000e\000c\000o\000m\000p\000o\000s\000i\000t\000i\000o\000n\000\040\000v\000s\000.\000\040\000C\000h\000a\000i\000n\000-\000o\000f\000-\000T\000h\000o\000u\000g\000h\000t}{subsection.378}% 265
\BOOKMARK [1][-]{section.384}{\376\377\0006\000.\0002\000\040\000N\000o\000d\000e\000\040\000G\000e\000n\000e\000r\000a\000t\000i\000o\000n\000\040\000A\000b\000l\000a\000t\000i\000o\000n\000\040\000S\000t\000u\000d\000y}{chapter.368}% 266
\BOOKMARK [2][-]{subsection.385}{\376\377\0006\000.\0002\000.\0001\000\040\000M\000o\000t\000i\000v\000a\000t\000i\000o\000n\000\040\000a\000n\000d\000\040\000D\000e\000s\000i\000g\000n}{section.384}% 267
\BOOKMARK [2][-]{subsection.387}{\376\377\0006\000.\0002\000.\0002\000\040\000R\000e\000s\000u\000l\000t\000s}{section.384}% 268
\BOOKMARK [2][-]{subsection.390}{\376\377\0006\000.\0002\000.\0003\000\040\000I\000n\000t\000e\000r\000p\000r\000e\000t\000a\000t\000i\000o\000n}{section.384}% 269
\BOOKMARK [1][-]{section.394}{\376\377\0006\000.\0003\000\040\000C\000r\000o\000s\000s\000-\000S\000t\000u\000d\000y\000\040\000C\000o\000m\000p\000a\000r\000i\000s\000o\000n\000:\000\040\000T\000a\000s\000k\000\040\000C\000o\000m\000p\000l\000e\000x\000i\000t\000y\000\040\000a\000n\000d\000\040\000P\000r\000o\000m\000p\000t\000i\000n\000g\000\040\000E\000f\000f\000e\000c\000t\000i\000v\000e\000n\000e\000s\000s}{chapter.368}% 270
\BOOKMARK [2][-]{subsection.396}{\376\377\0006\000.\0003\000.\0001\000\040\000T\000a\000s\000k\000\040\000C\000o\000m\000p\000l\000e\000x\000i\000t\000y\000\040\000H\000y\000p\000o\000t\000h\000e\000s\000i\000s}{section.394}% 271
\BOOKMARK [2][-]{subsection.397}{\376\377\0006\000.\0003\000.\0002\000\040\000C\000o\000n\000s\000i\000s\000t\000e\000n\000t\000\040\000F\000i\000n\000d\000i\000n\000g\000s\000\040\000A\000c\000r\000o\000s\000s\000\040\000S\000t\000u\000d\000i\000e\000s}{section.394}% 272
\BOOKMARK [1][-]{section.402}{\376\377\0006\000.\0004\000\040\000U\000n\000i\000f\000i\000e\000d\000\040\000R\000e\000c\000o\000m\000m\000e\000n\000d\000a\000t\000i\000o\000n\000s\000\040\000f\000o\000r\000\040\000S\000y\000s\000t\000e\000m\000\040\000D\000e\000s\000i\000g\000n}{chapter.368}% 273
\BOOKMARK [1][-]{section.408}{\376\377\0006\000.\0005\000\040\000L\000i\000m\000i\000t\000a\000t\000i\000o\000n\000s}{chapter.368}% 274
\BOOKMARK [1][-]{section.409}{\376\377\0006\000.\0006\000\040\000S\000u\000m\000m\000a\000r\000y}{chapter.368}% 275
\BOOKMARK [0][-]{chapter.410}{\376\377\0007\000\040\000E\000x\000p\000e\000r\000i\000m\000e\000n\000t\000s\000\040\000a\000n\000d\000\040\000R\000e\000s\000u\000l\000t\000s}{}% 276
\BOOKMARK [1][-]{section.411}{\376\377\0007\000.\0001\000\040\000E\000x\000p\000e\000r\000i\000m\000e\000n\000t\000\040\0001\000.\0001}{chapter.410}% 277
\BOOKMARK [2][-]{section*.412}{\376\377\000P\000r\000o\000t\000o\000c\000o\000l\000.}{section.411}% 278
\BOOKMARK [3][-]{section*.423}{\376\377\000F\000i\000n\000d\000i\000n\000g\000s\000.}{section*.412}% 279
\BOOKMARK [1][-]{section.425}{\376\377\0007\000.\0002\000\040\000E\000x\000p\000e\000r\000i\000m\000e\000n\000t\000\040\0001\000.\0001\000c\000:\000\040\000p\000a\000r\000a\000l\000l\000e\000l\000\040\000e\000n\000s\000e\000m\000b\000l\000e\000\040\000j\000u\000d\000g\000i\000n\000g}{chapter.410}% 280
\BOOKMARK [1][-]{section.429}{\376\377\0007\000.\0003\000\040\000C\000o\000s\000t\000\040\000s\000c\000a\000l\000i\000n\000g}{chapter.410}% 281
\BOOKMARK [1][-]{section.431}{\376\377\0007\000.\0004\000\040\000P\000a\000r\000a\000m\000e\000t\000e\000r\000\040\000e\000x\000p\000e\000r\000i\000m\000e\000n\000t\000s}{chapter.410}% 282
\BOOKMARK [1][-]{section.433}{\376\377\0007\000.\0005\000\040\000C\000o\000s\000t\000\040\000s\000c\000a\000l\000i\000n\000g\000\040\000w\000i\000t\000h\000\040\000v\000a\000r\000i\000a\000b\000l\000e\000\040\000N}{chapter.410}% 283
\BOOKMARK [1][-]{section.435}{\376\377\0007\000.\0006\000\040\000T\000e\000m\000p\000e\000r\000a\000t\000u\000r\000e\000\040\000s\000c\000a\000l\000i\000n\000g}{chapter.410}% 284
\BOOKMARK [0][-]{chapter.439}{\376\377\0008\000\040\000M\000u\000l\000t\000i\000-\000C\000L\000D\000\040\000V\000a\000l\000i\000d\000a\000t\000i\000o\000n\000\040\000o\000f\000\040\000C\000o\000n\000t\000e\000x\000t\000-\000I\000n\000s\000e\000n\000s\000i\000t\000i\000v\000e\000\040\000H\000a\000l\000l\000u\000c\000i\000n\000a\000t\000i\000o\000n\000\040\000M\000e\000t\000r\000i\000c\000s\000\040\000\050\000R\000Q\0002\000\051}{}% 285
\BOOKMARK [1][-]{section.440}{\376\377\0008\000.\0001\000\040\000D\000a\000t\000a\000s\000e\000t\000\040\000C\000o\000v\000e\000r\000a\000g\000e}{chapter.439}% 286
\BOOKMARK [1][-]{section.444}{\376\377\0008\000.\0002\000\040\000P\000e\000r\000f\000o\000r\000m\000a\000n\000c\000e\000\040\000A\000c\000r\000o\000s\000s\000\040\000A\000l\000l\000\040\000M\000e\000t\000r\000i\000c\000s}{chapter.439}% 287
\BOOKMARK [1][-]{section.446}{\376\377\0008\000.\0003\000\040\000S\000t\000a\000t\000i\000s\000t\000i\000c\000a\000l\000\040\000S\000i\000g\000n\000i\000f\000i\000c\000a\000n\000c\000e\000\040\000S\000u\000m\000m\000a\000r\000y}{chapter.439}% 288
\BOOKMARK [2][-]{subsection.447}{\376\377\0008\000.\0003\000.\0001\000\040\000C\000o\000r\000r\000e\000l\000a\000t\000i\000o\000n\000\040\000w\000i\000t\000h\000\040\000H\000a\000l\000l\000u\000c\000i\000n\000a\000t\000i\000o\000n\000s}{section.446}% 289
\BOOKMARK [2][-]{subsection.448}{\376\377\0008\000.\0003\000.\0002\000\040\000C\000l\000a\000s\000s\000i\000f\000i\000c\000a\000t\000i\000o\000n\000\040\000P\000e\000r\000f\000o\000r\000m\000a\000n\000c\000e}{section.446}% 290
\BOOKMARK [2][-]{subsection.449}{\376\377\0008\000.\0003\000.\0003\000\040\000C\000r\000o\000s\000s\000-\000C\000L\000D\000\040\000S\000t\000a\000b\000i\000l\000i\000t\000y}{section.446}% 291
\BOOKMARK [2][-]{subsection.450}{\376\377\0008\000.\0003\000.\0004\000\040\000P\000r\000a\000c\000t\000i\000c\000a\000l\000\040\000P\000e\000r\000f\000o\000r\000m\000a\000n\000c\000e}{section.446}% 292
\BOOKMARK [1][-]{section.451}{\376\377\0008\000.\0004\000\040\000T\000h\000e\000\040\000C\000o\000s\000i\000n\000e\000\040\000S\000i\000m\000i\000l\000a\000r\000i\000t\000y\000\040\000P\000a\000r\000a\000d\000o\000x}{chapter.439}% 293
\BOOKMARK [2][-]{subsection.452}{\376\377\0008\000.\0004\000.\0001\000\040\000E\000x\000p\000e\000c\000t\000e\000d\000\040\000v\000s\000.\000\040\000O\000b\000s\000e\000r\000v\000e\000d\000\040\000B\000e\000h\000a\000v\000i\000o\000r}{section.451}% 294
\BOOKMARK [2][-]{subsection.454}{\376\377\0008\000.\0004\000.\0002\000\040\000H\000y\000p\000o\000t\000h\000e\000s\000e\000s\000\040\000f\000o\000r\000\040\000t\000h\000e\000\040\000P\000a\000r\000a\000d\000o\000x}{section.451}% 295
\BOOKMARK [3][-]{subsubsection.455}{\376\377\0008\000.\0004\000.\0002\000.\0001\000\040\000H\000y\000p\000o\000t\000h\000e\000s\000i\000s\000\040\0001\000:\000\040\000G\000r\000o\000u\000n\000d\000\040\000T\000r\000u\000t\000h\000\040\000I\000n\000c\000o\000m\000p\000l\000e\000t\000e\000n\000e\000s\000s}{subsection.454}% 296
\BOOKMARK [3][-]{subsubsection.456}{\376\377\0008\000.\0004\000.\0002\000.\0002\000\040\000H\000y\000p\000o\000t\000h\000e\000s\000i\000s\000\040\0002\000:\000\040\000M\000a\000x\000-\000A\000g\000g\000r\000e\000g\000a\000t\000i\000o\000n\000\040\000F\000l\000a\000w}{subsection.454}% 297
\BOOKMARK [2][-]{subsection.457}{\376\377\0008\000.\0004\000.\0003\000\040\000I\000m\000p\000l\000i\000c\000a\000t\000i\000o\000n\000s}{section.451}% 298
\BOOKMARK [1][-]{section.461}{\376\377\0008\000.\0005\000\040\000A\000n\000s\000w\000e\000r\000\040\000t\000o\000\040\000R\000e\000s\000e\000a\000r\000c\000h\000\040\000Q\000u\000e\000s\000t\000i\000o\000n\000\040\0002}{chapter.439}% 299
\BOOKMARK [2][-]{subsection.462}{\376\377\0008\000.\0005\000.\0001\000\040\000R\000e\000s\000e\000a\000r\000c\000h\000\040\000Q\000u\000e\000s\000t\000i\000o\000n}{section.461}% 300
\BOOKMARK [2][-]{subsection.463}{\376\377\0008\000.\0005\000.\0002\000\040\000A\000n\000s\000w\000e\000r\000:\000\040\000P\000A\000R\000T\000I\000A\000L\000L\000Y\000\040\000-\000\040\000w\000i\000t\000h\000\040\000I\000m\000p\000o\000r\000t\000a\000n\000t\000\040\000C\000a\000v\000e\000a\000t\000s}{section.461}% 301
\BOOKMARK [3][-]{subsubsection.464}{\376\377\0008\000.\0005\000.\0002\000.\0001\000\040\000W\000h\000a\000t\000\040\000W\000o\000r\000k\000s}{subsection.463}% 302
\BOOKMARK [3][-]{subsubsection.465}{\376\377\0008\000.\0005\000.\0002\000.\0002\000\040\000W\000h\000a\000t\000\040\000D\000o\000e\000s\000n\000'\000t\000\040\000W\000o\000r\000k}{subsection.463}% 303
\BOOKMARK [3][-]{subsubsection.466}{\376\377\0008\000.\0005\000.\0002\000.\0003\000\040\000P\000r\000a\000c\000t\000i\000c\000a\000l\000\040\000I\000m\000p\000l\000i\000c\000a\000t\000i\000o\000n\000s}{subsection.463}% 304
\BOOKMARK [1][-]{section.467}{\376\377\0008\000.\0006\000\040\000L\000i\000m\000i\000t\000a\000t\000i\000o\000n\000s\000\040\000a\000n\000d\000\040\000F\000u\000t\000u\000r\000e\000\040\000W\000o\000r\000k}{chapter.439}% 305
\BOOKMARK [2][-]{subsection.468}{\376\377\0008\000.\0006\000.\0001\000\040\000L\000i\000m\000i\000t\000a\000t\000i\000o\000n\000s}{section.467}% 306
\BOOKMARK [2][-]{subsection.474}{\376\377\0008\000.\0006\000.\0002\000\040\000F\000u\000t\000u\000r\000e\000\040\000W\000o\000r\000k}{section.467}% 307
\BOOKMARK [1][-]{section.481}{\376\377\0008\000.\0007\000\040\000C\000o\000n\000c\000l\000u\000s\000i\000o\000n}{chapter.439}% 308
\BOOKMARK [0][-]{chapter.482}{\376\377\0009\000\040\000D\000i\000s\000c\000u\000s\000s\000i\000o\000n}{}% 309
\BOOKMARK [0][-]{chapter.483}{\376\377\0001\0000\000\040\000C\000o\000n\000c\000l\000u\000s\000i\000o\000n\000\040\000a\000n\000d\000\040\000f\000u\000t\000u\000r\000e\000\040\000w\000o\000r\000k}{}% 310
\BOOKMARK [0][-]{chapter.484}{\376\377\0001\0001\000\040\000E\000t\000h\000i\000c\000s\000\040\000a\000n\000d\000\040\000D\000a\000t\000a\000\040\000M\000a\000n\000a\000g\000e\000m\000e\000n\000t}{}% 311
\BOOKMARK [0][-]{appendix.486}{\376\377\000A\000\040\000R\000Q\0002\000\040\000D\000e\000t\000a\000i\000l\000e\000d\000\040\000S\000t\000a\000t\000i\000s\000t\000i\000c\000s\000\040\000a\000n\000d\000\040\000A\000n\000a\000l\000y\000s\000i\000s}{}% 312
\BOOKMARK [1][-]{section.487}{\376\377\000A\000.\0001\000\040\000C\000o\000r\000r\000e\000l\000a\000t\000i\000o\000n\000\040\000S\000t\000a\000t\000i\000s\000t\000i\000c\000s\000:\000\040\000C\000o\000m\000p\000l\000e\000t\000e\000\040\000A\000n\000a\000l\000y\000s\000i\000s}{appendix.486}% 313
\BOOKMARK [2][-]{subsection.488}{\376\377\000A\000.\0001\000.\0001\000\040\000F\000u\000l\000l\000\040\000C\000o\000r\000r\000e\000l\000a\000t\000i\000o\000n\000\040\000T\000a\000b\000l\000e\000\040\000w\000i\000t\000h\000\040\000C\000o\000n\000f\000i\000d\000e\000n\000c\000e\000\040\000I\000n\000t\000e\000r\000v\000a\000l\000s}{section.487}% 314
\BOOKMARK [2][-]{subsection.490}{\376\377\000A\000.\0001\000.\0002\000\040\000C\000o\000r\000r\000e\000l\000a\000t\000i\000o\000n\000\040\000S\000t\000a\000b\000i\000l\000i\000t\000y\000\040\000A\000n\000a\000l\000y\000s\000i\000s}{section.487}% 315
\BOOKMARK [1][-]{section.492}{\376\377\000A\000.\0002\000\040\000C\000l\000a\000s\000s\000i\000f\000i\000c\000a\000t\000i\000o\000n\000\040\000P\000e\000r\000f\000o\000r\000m\000a\000n\000c\000e\000:\000\040\000D\000e\000t\000a\000i\000l\000e\000d\000\040\000B\000r\000e\000a\000k\000d\000o\000w\000n}{appendix.486}% 316
\BOOKMARK [2][-]{subsection.493}{\376\377\000A\000.\0002\000.\0001\000\040\000A\000U\000C\000\040\000S\000t\000a\000t\000i\000s\000t\000i\000c\000s\000\040\000w\000i\000t\000h\000\040\000B\000o\000o\000t\000s\000t\000r\000a\000p\000\040\000C\000o\000n\000f\000i\000d\000e\000n\000c\000e\000\040\000I\000n\000t\000e\000r\000v\000a\000l\000s}{section.492}% 317
\BOOKMARK [1][-]{section.495}{\376\377\000A\000.\0003\000\040\000O\000p\000t\000i\000m\000a\000l\000\040\000T\000h\000r\000e\000s\000h\000o\000l\000d\000\040\000A\000n\000a\000l\000y\000s\000i\000s}{appendix.486}% 318
\BOOKMARK [2][-]{subsection.496}{\376\377\000A\000.\0003\000.\0001\000\040\000F\0001\000\040\000S\000c\000o\000r\000e\000\040\000a\000t\000\040\000O\000p\000t\000i\000m\000a\000l\000\040\000D\000e\000c\000i\000s\000i\000o\000n\000\040\000B\000o\000u\000n\000d\000a\000r\000i\000e\000s}{section.495}% 319
\BOOKMARK [2][-]{subsection.498}{\376\377\000A\000.\0003\000.\0002\000\040\000I\000n\000t\000e\000r\000p\000r\000e\000t\000a\000t\000i\000o\000n\000\040\000o\000f\000\040\000F\0001\000\040\000P\000e\000r\000f\000o\000r\000m\000a\000n\000c\000e}{section.495}% 320
\BOOKMARK [1][-]{section.499}{\376\377\000A\000.\0004\000\040\000S\000t\000a\000t\000i\000s\000t\000i\000c\000a\000l\000\040\000V\000a\000l\000i\000d\000a\000t\000i\000o\000n\000\040\000S\000u\000m\000m\000a\000r\000y}{appendix.486}% 321
\BOOKMARK [2][-]{subsection.500}{\376\377\000A\000.\0004\000.\0001\000\040\000H\000y\000p\000o\000t\000h\000e\000s\000i\000s\000\040\000T\000e\000s\000t\000i\000n\000g\000\040\000R\000e\000s\000u\000l\000t\000s}{section.499}% 322
\BOOKMARK [1][-]{section.502}{\376\377\000A\000.\0005\000\040\000P\000e\000r\000-\000C\000L\000D\000\040\000P\000e\000r\000f\000o\000r\000m\000a\000n\000c\000e\000\040\000B\000r\000e\000a\000k\000d\000o\000w\000n}{appendix.486}% 323
\BOOKMARK [1][-]{section.503}{\376\377\000A\000.\0006\000\040\000L\000i\000m\000i\000t\000a\000t\000i\000o\000n\000s\000\040\000o\000f\000\040\000S\000t\000a\000t\000i\000s\000t\000i\000c\000a\000l\000\040\000V\000a\000l\000i\000d\000a\000t\000i\000o\000n}{appendix.486}% 324
\BOOKMARK [2][-]{subsection.504}{\376\377\000A\000.\0006\000.\0001\000\040\000S\000a\000m\000p\000l\000e\000\040\000S\000i\000z\000e\000\040\000C\000o\000n\000s\000i\000d\000e\000r\000a\000t\000i\000o\000n\000s}{section.503}% 325
\BOOKMARK [2][-]{subsection.505}{\376\377\000A\000.\0006\000.\0002\000\040\000M\000u\000l\000t\000i\000p\000l\000e\000\040\000T\000e\000s\000t\000i\000n\000g\000\040\000C\000o\000n\000c\000e\000r\000n\000s}{section.503}% 326
\BOOKMARK [1][-]{section.506}{\376\377\000A\000.\0007\000\040\000C\000o\000m\000p\000u\000t\000a\000t\000i\000o\000n\000a\000l\000\040\000E\000f\000f\000i\000c\000i\000e\000n\000c\000y\000\040\000N\000o\000t\000e\000s}{appendix.486}% 327
\BOOKMARK [0][-]{dummy.507}{\376\377\000B\000i\000b\000l\000i\000o\000g\000r\000a\000p\000h\000y}{}% 328
